---
http_interactions:
- request:
    method: post
    uri: http://127.0.0.1:4444/session/f099130b-2996-4f98-b2af-f573ba089979/elements
    body:
      encoding: UTF-8
      string: '{"using":"xpath","value":"./descendant::*[self::input | self::textarea][not(((((((./@type
        = ''submit'') or (./@type = ''image'')) or (./@type = ''radio'')) or (./@type
        = ''checkbox'')) or (./@type = ''hidden'')) or (./@type = ''file'')))][((((./@id
        = ''cdm_url'') or (./@name = ''cdm_url'')) or (./@placeholder = ''cdm_url''))
        or (./@id = //label[(normalize-space(string(.)) = ''cdm_url'')]/@for))] |
        .//label[(normalize-space(string(.)) = ''cdm_url'')]//./descendant::*[self::input
        | self::textarea][not(((((((./@type = ''submit'') or (./@type = ''image''))
        or (./@type = ''radio'')) or (./@type = ''checkbox'')) or (./@type = ''hidden''))
        or (./@type = ''file'')))]"}'
    headers:
      Accept:
      - application/json
      Content-Type:
      - application/json; charset=UTF-8
      User-Agent:
      - selenium/3.142.7 (ruby linux)
      Content-Length:
      - '635'
      Accept-Encoding:
      - gzip;q=1.0,deflate;q=0.6,identity;q=0.3
  response:
    status:
      code: 200
      message: OK
    headers:
      Content-Type:
      - application/json; charset=utf-8
      Cache-Control:
      - no-cache
      Content-Length:
      - '90'
      Date:
      - Wed, 14 Jul 2021 20:07:04 GMT
    body:
      encoding: UTF-8
      string: '{"value":[{"element-6066-11e4-a52e-4f735466cecf":"ef31aaeb-13dc-48e3-ae47-65a79104d315"}]}'
  recorded_at: Wed, 14 Jul 2021 20:07:04 GMT
- request:
    method: post
    uri: http://127.0.0.1:4444/session/f099130b-2996-4f98-b2af-f573ba089979/execute/sync
    body:
      encoding: UTF-8
      string: '{"script":"return ((function(){function d(t,e,n){function r(t){var
        e=x(t);if(0<e.height&&0<e.width)return!0;if(\"PATH\"==t.tagName.toUpperCase()&&(0<e.height||0<e.width)){var
        n=window.getComputedStyle(t)[\"stroke-width\"];return!!n&&0<parseInt(n,10)}return\"hidden\"!=window.getComputedStyle(t).overflow&&Array.prototype.slice.call(t.childNodes).some(function(t){return
        t.nodeType==Node.TEXT_NODE||t.nodeType==Node.ELEMENT_NODE&&r(t)})}function
        i(t){return C(t)==T.HIDDEN&&Array.prototype.slice.call(t.childNodes).every(function(t){return
        t.nodeType!=Node.ELEMENT_NODE||i(t)||!r(t)})}var o=t.tagName.toUpperCase();if(\"BODY\"==o)return!0;if(\"OPTION\"==o||\"OPTGROUP\"==o){var
        a=c(t,function(t){return\"SELECT\"==t.tagName.toUpperCase()});return!!a&&d(a,!0,n)}var
        u=s(t);if(u)return!!u.image&&0<u.rect.width&&0<u.rect.height&&d(u.image,e,n);if(\"INPUT\"==o&&\"hidden\"==t.type.toLowerCase())return!1;if(\"NOSCRIPT\"==o)return!1;var
        l=window.getComputedStyle(t).visibility;return\"collapse\"!=l&&\"hidden\"!=l&&(!!n(t)&&(!(!e&&0==f(t))&&(!!r(t)&&!i(t))))}function
        E(t){var e=x(t);return{left:e.left,right:e.left+e.width,top:e.top,bottom:e.top+e.height}}function
        D(t){return t.parentElement}function C(t){function e(t){function e(t){if(t==u)return!0;var
        e=window.getComputedStyle(t),n=e.display;return 0!=n.indexOf(\"inline\")&&\"contents\"!=n&&(\"absolute\"!=r||\"static\"!=e.position)}var
        r=window.getComputedStyle(t).position;if(\"fixed\"==r)return i=!0,t==u?null:u;for(var
        n=D(t);n&&!e(n);)n=D(n);return n}function n(t){var e=t;if(\"visible\"==d)if(t==u&&l)e=l;else
        if(t==l)return{x:\"visible\",y:\"visible\"};var n=window.getComputedStyle(e),r={x:n[\"overflow-x\"],y:n[\"overflow-y\"]};return
        t==u&&(r.x=\"visible\"==r.x?\"auto\":r.x,r.y=\"visible\"==r.y?\"auto\":r.y),r}function
        r(t){return t==u?{x:window.scrollX,y:window.scrollY}:{x:t.scrollLeft,y:t.scrollTop}}for(var
        i,o=E(t),a=t.ownerDocument,u=a.documentElement,l=a.body,d=window.getComputedStyle(u).overflow,f=e(t);f;f=e(f)){var
        h=n(f);if(\"visible\"!=h.x||\"visible\"!=h.y){var s=x(f);if(0==s.width||0==s.height)return
        T.HIDDEN;var p=o.right<s.left,c=o.bottom<s.top;if(p&&\"hidden\"==h.x||c&&\"hidden\"==h.y)return
        T.HIDDEN;if(p&&\"visible\"!=h.x||c&&\"visible\"!=h.y){var v=r(f),g=o.right<s.left-v.x,w=o.bottom<s.top-v.y;return
        g&&\"visible\"!=h.x||w&&\"visible\"!=h.x?T.HIDDEN:C(f)==T.HIDDEN?T.HIDDEN:T.SCROLL}var
        N=o.left>=s.left+s.width,m=o.top>=s.top+s.height;if(N&&\"hidden\"==h.x||m&&\"hidden\"==h.y)return
        T.HIDDEN;if(N&&\"visible\"!=h.x||m&&\"visible\"!=h.y){if(i){var y=r(f);if(o.left>=u.scrollWidth-y.x||o.right>=u.scrollHeight-y.y)return
        T.HIDDEN}return C(f)==T.HIDDEN?T.HIDDEN:T.SCROLL}}}return T.NONE}function
        o(t){var e=t.document.documentElement;return{width:e.clientWidth,height:e.clientHeight}}function
        p(t,e,n,r){return{left:t,top:e,width:n,height:r}}function x(t){var e,n=s(t);if(n)return
        n.rect;if(\"HTML\"==t.tagName.toUpperCase()){t.ownerDocument;var r=o(window);return
        p(0,0,r.width,r.height)}try{e=t.getBoundingClientRect()}catch(i){return p(0,0,0,0)}return
        p(e.left,e.top,e.right-e.left,e.bottom-e.top)}function f(t){var e=1,n=window.getComputedStyle(t).opacity;n&&(e=Number(n));var
        r=D(t);return r&&r.nodeType==Node.ELEMENT_NODE&&(e*=f(r)),e}function h(t){var
        e=t.shape.toLowerCase(),n=t.coords.split(\",\");if(\"rect\"==e&&4==n.length){var
        r=n[0],i=n[1];return p(r,i,n[2]-r,n[3]-i)}if(\"circle\"==e&&3==n.length){var
        o=n[0],a=n[1],u=n[2];return p(o-u,a-u,2*u,2*u)}if(\"poly\"==e&&2<n.length){for(var
        l=n[0],d=n[1],f=l,h=d,s=2;s+1<n.length;s+=2)l=Math.min(l,n[s]),f=Math.max(f,n[s]),d=Math.min(d,n[s+1]),h=Math.max(h,n[s+1]);return
        p(l,d,f-l,h-d)}return p(0,0,0,0)}function s(t){var e=t.tagName.toUpperCase(),n=\"MAP\"==e;if(!n&&\"AREA\"!=e)return
        null;var r=n?t:\"MAP\"==D(t).tagName.toUpperCase()?D(t):null,i=null,o=null;if(r&&r.name&&((i=r.ownerDocument.querySelector(\"*[usemap=''#\"+r.name+\"'']\"))&&(o=x(i),!n&&\"default\"!=t.shape.toLowerCase()))){var
        a=h(t),u=Math.min(Math.max(a.left,0),o.width),l=Math.min(Math.max(a.top,0),o.height),d=Math.min(a.width,o.width-u),f=Math.min(a.height,o.height-l);o=p(u+o.left,l+o.top,d,f)}return{image:i,rect:o||p(0,0,0,0)}}function
        c(t,e){for(t&&(t=D(t));t;){if(e(t))return t;t=D(t)}return null}function r(t){var
        e=t.parentNode;if(e&&e.shadowRoot&&t.assignedSlot!==undefined)return t.assignedSlot?t.assignedSlot.parentNode:null;if(t.getDestinationInsertionPoints){var
        n=t.getDestinationInsertionPoints();if(0<n.length)return n[n.length-1]}return
        e}var T={NONE:\"none\",HIDDEN:\"hidden\",SCROLL:\"scroll\"};return function
        i(t,e){function n(t){if(\"none\"==window.getComputedStyle(t).display)return!1;var
        e=r(t);if(\"function\"==typeof ShadowRoot&&e instanceof ShadowRoot){if(e.host.shadowRoot!==e)return!1;e=e.host}return!(!e||e.nodeType!=Node.DOCUMENT_NODE&&e.nodeType!=Node.DOCUMENT_FRAGMENT_NODE)||!(e&&e.tagName&&\"DETAILS\"==e.tagName.toUpperCase()&&!e.open&&\"SUMMARY\"!=t.tagName)&&(e&&n(e))}return
        d(t,!!e,n)}})()).apply(null, arguments)","args":[{"element-6066-11e4-a52e-4f735466cecf":"ef31aaeb-13dc-48e3-ae47-65a79104d315"}]}'
    headers:
      Accept:
      - application/json
      Content-Type:
      - application/json; charset=UTF-8
      User-Agent:
      - selenium/3.142.7 (ruby linux)
      Content-Length:
      - '5067'
      Accept-Encoding:
      - gzip;q=1.0,deflate;q=0.6,identity;q=0.3
  response:
    status:
      code: 200
      message: OK
    headers:
      Content-Type:
      - application/json; charset=utf-8
      Cache-Control:
      - no-cache
      Content-Length:
      - '14'
      Date:
      - Wed, 14 Jul 2021 20:07:04 GMT
    body:
      encoding: UTF-8
      string: '{"value":true}'
  recorded_at: Wed, 14 Jul 2021 20:07:04 GMT
- request:
    method: post
    uri: http://127.0.0.1:4444/session/f099130b-2996-4f98-b2af-f573ba089979/execute/sync
    body:
      encoding: UTF-8
      string: '{"script":"return arguments[0].matches('':disabled, select:disabled
        *'')","args":[{"element-6066-11e4-a52e-4f735466cecf":"ef31aaeb-13dc-48e3-ae47-65a79104d315"}]}'
    headers:
      Accept:
      - application/json
      Content-Type:
      - application/json; charset=UTF-8
      User-Agent:
      - selenium/3.142.7 (ruby linux)
      Content-Length:
      - '160'
      Accept-Encoding:
      - gzip;q=1.0,deflate;q=0.6,identity;q=0.3
  response:
    status:
      code: 200
      message: OK
    headers:
      Content-Type:
      - application/json; charset=utf-8
      Cache-Control:
      - no-cache
      Content-Length:
      - '15'
      Date:
      - Wed, 14 Jul 2021 20:07:04 GMT
    body:
      encoding: UTF-8
      string: '{"value":false}'
  recorded_at: Wed, 14 Jul 2021 20:07:04 GMT
- request:
    method: post
    uri: http://127.0.0.1:4444/session/f099130b-2996-4f98-b2af-f573ba089979/execute/sync
    body:
      encoding: UTF-8
      string: '{"script":"return (function(el, names){\n  return names.map(function(name){\n    return
        el[name]\n  });\n})(arguments[0], arguments[1]);\n","args":[{"element-6066-11e4-a52e-4f735466cecf":"ef31aaeb-13dc-48e3-ae47-65a79104d315"},["tagName","type"]]}'
    headers:
      Accept:
      - application/json
      Content-Type:
      - application/json; charset=UTF-8
      User-Agent:
      - selenium/3.142.7 (ruby linux)
      Content-Length:
      - '247'
      Accept-Encoding:
      - gzip;q=1.0,deflate;q=0.6,identity;q=0.3
  response:
    status:
      code: 200
      message: OK
    headers:
      Content-Type:
      - application/json; charset=utf-8
      Cache-Control:
      - no-cache
      Content-Length:
      - '26'
      Date:
      - Wed, 14 Jul 2021 20:07:04 GMT
    body:
      encoding: UTF-8
      string: '{"value":["INPUT","text"]}'
  recorded_at: Wed, 14 Jul 2021 20:07:04 GMT
- request:
    method: post
    uri: http://127.0.0.1:4444/session/f099130b-2996-4f98-b2af-f573ba089979/execute/sync
    body:
      encoding: UTF-8
      string: '{"script":"arguments[0].select()","args":[{"element-6066-11e4-a52e-4f735466cecf":"ef31aaeb-13dc-48e3-ae47-65a79104d315"}]}'
    headers:
      Accept:
      - application/json
      Content-Type:
      - application/json; charset=UTF-8
      User-Agent:
      - selenium/3.142.7 (ruby linux)
      Content-Length:
      - '122'
      Accept-Encoding:
      - gzip;q=1.0,deflate;q=0.6,identity;q=0.3
  response:
    status:
      code: 200
      message: OK
    headers:
      Content-Type:
      - application/json; charset=utf-8
      Cache-Control:
      - no-cache
      Content-Length:
      - '14'
      Date:
      - Wed, 14 Jul 2021 20:07:04 GMT
    body:
      encoding: UTF-8
      string: '{"value":null}'
  recorded_at: Wed, 14 Jul 2021 20:07:04 GMT
- request:
    method: post
    uri: http://127.0.0.1:4444/session/f099130b-2996-4f98-b2af-f573ba089979/element/ef31aaeb-13dc-48e3-ae47-65a79104d315/value
    body:
      encoding: UTF-8
      string: '{"value":["h","t","t","p"],"text":"http"}'
    headers:
      Accept:
      - application/json
      Content-Type:
      - application/json; charset=UTF-8
      User-Agent:
      - selenium/3.142.7 (ruby linux)
      Content-Length:
      - '41'
      Accept-Encoding:
      - gzip;q=1.0,deflate;q=0.6,identity;q=0.3
  response:
    status:
      code: 200
      message: OK
    headers:
      Content-Type:
      - application/json; charset=utf-8
      Cache-Control:
      - no-cache
      Content-Length:
      - '14'
      Date:
      - Wed, 14 Jul 2021 20:07:04 GMT
    body:
      encoding: UTF-8
      string: '{"value":null}'
  recorded_at: Wed, 14 Jul 2021 20:07:04 GMT
- request:
    method: post
    uri: http://127.0.0.1:4444/session/f099130b-2996-4f98-b2af-f573ba089979/execute/sync
    body:
      encoding: UTF-8
      string: '{"script":"(function(el, value) {\n  value = el.value + value;\n  if
        (el.maxLength && el.maxLength != -1){\n    value = value.slice(0, el.maxLength);\n  }\n  el.value
        = value;\n})(arguments[0], arguments[1])\n","args":[{"element-6066-11e4-a52e-4f735466cecf":"ef31aaeb-13dc-48e3-ae47-65a79104d315"},"s://cdm16488.contentdm.oclc.org/digital/collection/MPD01/i"]}'
    headers:
      Accept:
      - application/json
      Content-Type:
      - application/json; charset=UTF-8
      User-Agent:
      - selenium/3.142.7 (ruby linux)
      Content-Length:
      - '360'
      Accept-Encoding:
      - gzip;q=1.0,deflate;q=0.6,identity;q=0.3
  response:
    status:
      code: 200
      message: OK
    headers:
      Content-Type:
      - application/json; charset=utf-8
      Cache-Control:
      - no-cache
      Content-Length:
      - '14'
      Date:
      - Wed, 14 Jul 2021 20:07:04 GMT
    body:
      encoding: UTF-8
      string: '{"value":null}'
  recorded_at: Wed, 14 Jul 2021 20:07:04 GMT
- request:
    method: post
    uri: http://127.0.0.1:4444/session/f099130b-2996-4f98-b2af-f573ba089979/element/ef31aaeb-13dc-48e3-ae47-65a79104d315/value
    body:
      encoding: UTF-8
      string: '{"value":["d","/","2"],"text":"d/2"}'
    headers:
      Accept:
      - application/json
      Content-Type:
      - application/json; charset=UTF-8
      User-Agent:
      - selenium/3.142.7 (ruby linux)
      Content-Length:
      - '36'
      Accept-Encoding:
      - gzip;q=1.0,deflate;q=0.6,identity;q=0.3
  response:
    status:
      code: 200
      message: OK
    headers:
      Content-Type:
      - application/json; charset=utf-8
      Cache-Control:
      - no-cache
      Content-Length:
      - '14'
      Date:
      - Wed, 14 Jul 2021 20:07:04 GMT
    body:
      encoding: UTF-8
      string: '{"value":null}'
  recorded_at: Wed, 14 Jul 2021 20:07:04 GMT
- request:
    method: post
    uri: http://127.0.0.1:4444/session/f099130b-2996-4f98-b2af-f573ba089979/elements
    body:
      encoding: UTF-8
      string: '{"using":"css selector","value":"#cdm_import"}'
    headers:
      Accept:
      - application/json
      Content-Type:
      - application/json; charset=UTF-8
      User-Agent:
      - selenium/3.142.7 (ruby linux)
      Content-Length:
      - '46'
      Accept-Encoding:
      - gzip;q=1.0,deflate;q=0.6,identity;q=0.3
  response:
    status:
      code: 200
      message: OK
    headers:
      Content-Type:
      - application/json; charset=utf-8
      Cache-Control:
      - no-cache
      Content-Length:
      - '90'
      Date:
      - Wed, 14 Jul 2021 20:07:04 GMT
    body:
      encoding: UTF-8
      string: '{"value":[{"element-6066-11e4-a52e-4f735466cecf":"aa285d12-bfa2-410a-bd3c-0d733ba340a1"}]}'
  recorded_at: Wed, 14 Jul 2021 20:07:04 GMT
- request:
    method: post
    uri: http://127.0.0.1:4444/session/f099130b-2996-4f98-b2af-f573ba089979/execute/sync
    body:
      encoding: UTF-8
      string: '{"script":"return ((function(){function d(t,e,n){function r(t){var
        e=x(t);if(0<e.height&&0<e.width)return!0;if(\"PATH\"==t.tagName.toUpperCase()&&(0<e.height||0<e.width)){var
        n=window.getComputedStyle(t)[\"stroke-width\"];return!!n&&0<parseInt(n,10)}return\"hidden\"!=window.getComputedStyle(t).overflow&&Array.prototype.slice.call(t.childNodes).some(function(t){return
        t.nodeType==Node.TEXT_NODE||t.nodeType==Node.ELEMENT_NODE&&r(t)})}function
        i(t){return C(t)==T.HIDDEN&&Array.prototype.slice.call(t.childNodes).every(function(t){return
        t.nodeType!=Node.ELEMENT_NODE||i(t)||!r(t)})}var o=t.tagName.toUpperCase();if(\"BODY\"==o)return!0;if(\"OPTION\"==o||\"OPTGROUP\"==o){var
        a=c(t,function(t){return\"SELECT\"==t.tagName.toUpperCase()});return!!a&&d(a,!0,n)}var
        u=s(t);if(u)return!!u.image&&0<u.rect.width&&0<u.rect.height&&d(u.image,e,n);if(\"INPUT\"==o&&\"hidden\"==t.type.toLowerCase())return!1;if(\"NOSCRIPT\"==o)return!1;var
        l=window.getComputedStyle(t).visibility;return\"collapse\"!=l&&\"hidden\"!=l&&(!!n(t)&&(!(!e&&0==f(t))&&(!!r(t)&&!i(t))))}function
        E(t){var e=x(t);return{left:e.left,right:e.left+e.width,top:e.top,bottom:e.top+e.height}}function
        D(t){return t.parentElement}function C(t){function e(t){function e(t){if(t==u)return!0;var
        e=window.getComputedStyle(t),n=e.display;return 0!=n.indexOf(\"inline\")&&\"contents\"!=n&&(\"absolute\"!=r||\"static\"!=e.position)}var
        r=window.getComputedStyle(t).position;if(\"fixed\"==r)return i=!0,t==u?null:u;for(var
        n=D(t);n&&!e(n);)n=D(n);return n}function n(t){var e=t;if(\"visible\"==d)if(t==u&&l)e=l;else
        if(t==l)return{x:\"visible\",y:\"visible\"};var n=window.getComputedStyle(e),r={x:n[\"overflow-x\"],y:n[\"overflow-y\"]};return
        t==u&&(r.x=\"visible\"==r.x?\"auto\":r.x,r.y=\"visible\"==r.y?\"auto\":r.y),r}function
        r(t){return t==u?{x:window.scrollX,y:window.scrollY}:{x:t.scrollLeft,y:t.scrollTop}}for(var
        i,o=E(t),a=t.ownerDocument,u=a.documentElement,l=a.body,d=window.getComputedStyle(u).overflow,f=e(t);f;f=e(f)){var
        h=n(f);if(\"visible\"!=h.x||\"visible\"!=h.y){var s=x(f);if(0==s.width||0==s.height)return
        T.HIDDEN;var p=o.right<s.left,c=o.bottom<s.top;if(p&&\"hidden\"==h.x||c&&\"hidden\"==h.y)return
        T.HIDDEN;if(p&&\"visible\"!=h.x||c&&\"visible\"!=h.y){var v=r(f),g=o.right<s.left-v.x,w=o.bottom<s.top-v.y;return
        g&&\"visible\"!=h.x||w&&\"visible\"!=h.x?T.HIDDEN:C(f)==T.HIDDEN?T.HIDDEN:T.SCROLL}var
        N=o.left>=s.left+s.width,m=o.top>=s.top+s.height;if(N&&\"hidden\"==h.x||m&&\"hidden\"==h.y)return
        T.HIDDEN;if(N&&\"visible\"!=h.x||m&&\"visible\"!=h.y){if(i){var y=r(f);if(o.left>=u.scrollWidth-y.x||o.right>=u.scrollHeight-y.y)return
        T.HIDDEN}return C(f)==T.HIDDEN?T.HIDDEN:T.SCROLL}}}return T.NONE}function
        o(t){var e=t.document.documentElement;return{width:e.clientWidth,height:e.clientHeight}}function
        p(t,e,n,r){return{left:t,top:e,width:n,height:r}}function x(t){var e,n=s(t);if(n)return
        n.rect;if(\"HTML\"==t.tagName.toUpperCase()){t.ownerDocument;var r=o(window);return
        p(0,0,r.width,r.height)}try{e=t.getBoundingClientRect()}catch(i){return p(0,0,0,0)}return
        p(e.left,e.top,e.right-e.left,e.bottom-e.top)}function f(t){var e=1,n=window.getComputedStyle(t).opacity;n&&(e=Number(n));var
        r=D(t);return r&&r.nodeType==Node.ELEMENT_NODE&&(e*=f(r)),e}function h(t){var
        e=t.shape.toLowerCase(),n=t.coords.split(\",\");if(\"rect\"==e&&4==n.length){var
        r=n[0],i=n[1];return p(r,i,n[2]-r,n[3]-i)}if(\"circle\"==e&&3==n.length){var
        o=n[0],a=n[1],u=n[2];return p(o-u,a-u,2*u,2*u)}if(\"poly\"==e&&2<n.length){for(var
        l=n[0],d=n[1],f=l,h=d,s=2;s+1<n.length;s+=2)l=Math.min(l,n[s]),f=Math.max(f,n[s]),d=Math.min(d,n[s+1]),h=Math.max(h,n[s+1]);return
        p(l,d,f-l,h-d)}return p(0,0,0,0)}function s(t){var e=t.tagName.toUpperCase(),n=\"MAP\"==e;if(!n&&\"AREA\"!=e)return
        null;var r=n?t:\"MAP\"==D(t).tagName.toUpperCase()?D(t):null,i=null,o=null;if(r&&r.name&&((i=r.ownerDocument.querySelector(\"*[usemap=''#\"+r.name+\"'']\"))&&(o=x(i),!n&&\"default\"!=t.shape.toLowerCase()))){var
        a=h(t),u=Math.min(Math.max(a.left,0),o.width),l=Math.min(Math.max(a.top,0),o.height),d=Math.min(a.width,o.width-u),f=Math.min(a.height,o.height-l);o=p(u+o.left,l+o.top,d,f)}return{image:i,rect:o||p(0,0,0,0)}}function
        c(t,e){for(t&&(t=D(t));t;){if(e(t))return t;t=D(t)}return null}function r(t){var
        e=t.parentNode;if(e&&e.shadowRoot&&t.assignedSlot!==undefined)return t.assignedSlot?t.assignedSlot.parentNode:null;if(t.getDestinationInsertionPoints){var
        n=t.getDestinationInsertionPoints();if(0<n.length)return n[n.length-1]}return
        e}var T={NONE:\"none\",HIDDEN:\"hidden\",SCROLL:\"scroll\"};return function
        i(t,e){function n(t){if(\"none\"==window.getComputedStyle(t).display)return!1;var
        e=r(t);if(\"function\"==typeof ShadowRoot&&e instanceof ShadowRoot){if(e.host.shadowRoot!==e)return!1;e=e.host}return!(!e||e.nodeType!=Node.DOCUMENT_NODE&&e.nodeType!=Node.DOCUMENT_FRAGMENT_NODE)||!(e&&e.tagName&&\"DETAILS\"==e.tagName.toUpperCase()&&!e.open&&\"SUMMARY\"!=t.tagName)&&(e&&n(e))}return
        d(t,!!e,n)}})()).apply(null, arguments)","args":[{"element-6066-11e4-a52e-4f735466cecf":"aa285d12-bfa2-410a-bd3c-0d733ba340a1"}]}'
    headers:
      Accept:
      - application/json
      Content-Type:
      - application/json; charset=UTF-8
      User-Agent:
      - selenium/3.142.7 (ruby linux)
      Content-Length:
      - '5067'
      Accept-Encoding:
      - gzip;q=1.0,deflate;q=0.6,identity;q=0.3
  response:
    status:
      code: 200
      message: OK
    headers:
      Content-Type:
      - application/json; charset=utf-8
      Cache-Control:
      - no-cache
      Content-Length:
      - '14'
      Date:
      - Wed, 14 Jul 2021 20:07:04 GMT
    body:
      encoding: UTF-8
      string: '{"value":true}'
  recorded_at: Wed, 14 Jul 2021 20:07:04 GMT
- request:
    method: get
    uri: https://cdm16488.contentdm.oclc.org/iiif/info/MPD01/2/manifest.json
    body:
      encoding: US-ASCII
      string: ''
    headers:
      Accept-Encoding:
      - gzip;q=1.0,deflate;q=0.6,identity;q=0.3
      Accept:
      - "*/*"
      User-Agent:
      - Ruby
  response:
    status:
      code: 200
      message: OK
    headers:
      Date:
      - Wed, 14 Jul 2021 20:07:04 GMT
      Server:
      - Apache
      X-Content-Type-Options:
      - nosniff
      X-Xss-Protection:
      - 1; mode=block
      Content-Type:
      - application/json;charset=UTF-8
      Access-Control-Allow-Headers:
      - X-Requested-With
      Link:
      - <http://iiif.io/api/presentation/2/context.json>; rel="http://www.w3.org/ns/json-ld#context";
        type="application/ld+json"
      Access-Control-Allow-Origin:
      - "*"
      Vary:
      - X-Forwarded-Proto,Accept-Encoding
      Last-Modified:
      - Wed, 02 Sep 2020 19:39:36 GMT
      Etag:
      - '"1150-5ae59cbb5d76d-gzip"'
      Accept-Ranges:
      - bytes
      Cache-Control:
      - max-age=0
      Expires:
      - Wed, 14 Jul 2021 20:07:04 GMT
      Content-Length:
      - '1269'
    body:
      encoding: ASCII-8BIT
      string: '{"@context":"http://iiif.io/api/presentation/2/context.json","@type":"sc:Manifest","@id":"https://cdm16488.contentdm.oclc.org/iiif/info/MPD01/2/manifest.json","label":"Letter
        with envelope from Virginia Shewalter to John and Mabel Shewalter, 1942 November
        8","metadata":[{"label":"Title","value":"Letter with envelope from Virginia
        Shewalter to John and Mabel Shewalter, 1942 November 8"},{"label":"Creator","value":"Shewalter,
        Virginia 1916-1978."},{"label":"Date","value":"1942-11-08"},{"label":"Description","value":"This
        letter from Virginia Shewalter to her folks details her experiences on a train
        trip, with stops in Lafayette and Chicago. She was unable to obtain a reservation
        on a train to Des Moines."},{"label":"Extent","value":"1 Page, Envelope"},{"label":"Type","value":"Text"},{"label":"Format","value":"Correspondence;
        Letters (correspondence); Image/TIFF"},{"label":"Language","value":"English"},{"label":"Subject","value":"Shewalter,
        Virginia 1916-1978; Shewalter, John 1884-1967; Shewalter, Mabel 1887-1964;
        World War, 1939-1945; United States -- Army -- Women''s Army Auxiliary Corps."},{"label":"Source","value":"The
        Virginia Shewalter Letters Collection"},{"label":"Physical Access","value":"To
        view the physical collection, please contact the MidPointe Library System."},{"label":"Standardized
        Rights Statement","value":"http://rightsstatements.org/vocab/InC-EDU/1.0/"},{"label":"Rights","value":"No
        permission is required from the rights-holder(s) for non-commercial, non-derivative
        uses. For other uses you need to obtain permission from the rightsholder(s)."},{"label":"Identifier","value":"Box
        1, Folder 001"},{"label":"Finding Aid","value":"http://rave.ohiolink.edu/archives/ead/OMid0001"},{"label":"Repository","value":"MidPointe
        Digital Archives"},{"label":"Source","value":"<span>From: <a href=\"http://www.midpointedigitalarchives.org/digital/collection/MPD01/id/2\">Letter
        with envelope from Virginia Shewalter to John and Mabel Shewalter, 1942 November
        8</a></span>"}],"attribution":["","http://rightsstatements.org/vocab/InC-EDU/1.0/"],"within":"https://cdm16488.contentdm.oclc.org/iiif/info/MPD01/manifest.json","sequences":[{"@id":"https://cdm16488.contentdm.oclc.org/digital/iiif/MPD01/2/sequence/s0","@type":"sc:Sequence","label":"Letter
        with envelope from Virginia Shewalter to John and Mabel Shewalter, 1942 November
        8","canvases":[{"@id":"https://cdm16488.contentdm.oclc.org/digital/iiif/MPD01/0/canvas/c0","@type":"sc:Canvas","label":"Page
        1","images":[{"@id":"https://cdm16488.contentdm.oclc.org/digital/iiif/MPD01/0/annotation/a0","@type":"oa:Annotation","motivation":"sc:painting","resource":{"@id":"https://cdm16488.contentdm.oclc.org/digital/iiif/MPD01/0/full/full/0/default.jpg","@type":"dctypes:Image","service":{"@context":"http://iiif.io/api/image/2/context.json","@id":"https://cdm16488.contentdm.oclc.org/digital/iiif/MPD01/0","width":1468,"height":2372,"tiles":[{"width":1468,"scaleFactors":[1,2,4,8,16]}],"profile":"http://iiif.io/api/image/2/level1.json","protocol":"http://iiif.io/api/image"},"format":"image/jpeg","width":1468,"height":2372},"on":"https://cdm16488.contentdm.oclc.org/digital/iiif/MPD01/0/canvas/c0"}],"width":1468,"height":2372},{"@id":"https://cdm16488.contentdm.oclc.org/digital/iiif/MPD01/1/canvas/c1","@type":"sc:Canvas","label":"Page
        2","images":[{"@id":"https://cdm16488.contentdm.oclc.org/digital/iiif/MPD01/1/annotation/a1","@type":"oa:Annotation","motivation":"sc:painting","resource":{"@id":"https://cdm16488.contentdm.oclc.org/digital/iiif/MPD01/1/full/full/0/default.jpg","@type":"dctypes:Image","service":{"@context":"http://iiif.io/api/image/2/context.json","@id":"https://cdm16488.contentdm.oclc.org/digital/iiif/MPD01/1","width":2371,"height":1466,"tiles":[{"width":2371,"scaleFactors":[1,2,4,8,16]}],"profile":"http://iiif.io/api/image/2/level1.json","protocol":"http://iiif.io/api/image"},"format":"image/jpeg","width":2371,"height":1466},"on":"https://cdm16488.contentdm.oclc.org/digital/iiif/MPD01/1/canvas/c1"}],"width":2371,"height":1466}]}],"structures":[{"@id":"https://cdm16488.contentdm.oclc.org/digital/iiif/MPD01/2/range/r0","@type":"sc:Range","label":"Letter
        with envelope from Virginia Shewalter to John and Mabel Shewalter, 1942 November
        8","ranges":[],"canvases":["https://cdm16488.contentdm.oclc.org/digital/iiif/MPD01/0/canvas/c0","https://cdm16488.contentdm.oclc.org/digital/iiif/MPD01/1/canvas/c1"],"viewingHint":"top"}]}'
  recorded_at: Wed, 14 Jul 2021 20:07:04 GMT
- request:
    method: get
    uri: https://cdm16488.contentdm.oclc.org/iiif/info/MPD01/2/manifest.json
    body:
      encoding: US-ASCII
      string: ''
    headers:
      Accept-Encoding:
      - gzip;q=1.0,deflate;q=0.6,identity;q=0.3
      Accept:
      - "*/*"
      User-Agent:
      - Ruby
  response:
    status:
      code: 200
      message: OK
    headers:
      Date:
      - Wed, 14 Jul 2021 20:07:05 GMT
      Server:
      - Apache
      X-Content-Type-Options:
      - nosniff
      X-Xss-Protection:
      - 1; mode=block
      Content-Type:
      - application/json;charset=UTF-8
      Access-Control-Allow-Headers:
      - X-Requested-With
      Link:
      - <http://iiif.io/api/presentation/2/context.json>; rel="http://www.w3.org/ns/json-ld#context";
        type="application/ld+json"
      Access-Control-Allow-Origin:
      - "*"
      Vary:
      - X-Forwarded-Proto,Accept-Encoding
      Last-Modified:
      - Wed, 02 Sep 2020 19:39:36 GMT
      Etag:
      - '"1150-5ae59cbb5d76d-gzip"'
      Accept-Ranges:
      - bytes
      Cache-Control:
      - max-age=0
      Expires:
      - Wed, 14 Jul 2021 20:07:05 GMT
      Content-Length:
      - '1269'
    body:
      encoding: ASCII-8BIT
      string: '{"@context":"http://iiif.io/api/presentation/2/context.json","@type":"sc:Manifest","@id":"https://cdm16488.contentdm.oclc.org/iiif/info/MPD01/2/manifest.json","label":"Letter
        with envelope from Virginia Shewalter to John and Mabel Shewalter, 1942 November
        8","metadata":[{"label":"Title","value":"Letter with envelope from Virginia
        Shewalter to John and Mabel Shewalter, 1942 November 8"},{"label":"Creator","value":"Shewalter,
        Virginia 1916-1978."},{"label":"Date","value":"1942-11-08"},{"label":"Description","value":"This
        letter from Virginia Shewalter to her folks details her experiences on a train
        trip, with stops in Lafayette and Chicago. She was unable to obtain a reservation
        on a train to Des Moines."},{"label":"Extent","value":"1 Page, Envelope"},{"label":"Type","value":"Text"},{"label":"Format","value":"Correspondence;
        Letters (correspondence); Image/TIFF"},{"label":"Language","value":"English"},{"label":"Subject","value":"Shewalter,
        Virginia 1916-1978; Shewalter, John 1884-1967; Shewalter, Mabel 1887-1964;
        World War, 1939-1945; United States -- Army -- Women''s Army Auxiliary Corps."},{"label":"Source","value":"The
        Virginia Shewalter Letters Collection"},{"label":"Physical Access","value":"To
        view the physical collection, please contact the MidPointe Library System."},{"label":"Standardized
        Rights Statement","value":"http://rightsstatements.org/vocab/InC-EDU/1.0/"},{"label":"Rights","value":"No
        permission is required from the rights-holder(s) for non-commercial, non-derivative
        uses. For other uses you need to obtain permission from the rightsholder(s)."},{"label":"Identifier","value":"Box
        1, Folder 001"},{"label":"Finding Aid","value":"http://rave.ohiolink.edu/archives/ead/OMid0001"},{"label":"Repository","value":"MidPointe
        Digital Archives"},{"label":"Source","value":"<span>From: <a href=\"http://www.midpointedigitalarchives.org/digital/collection/MPD01/id/2\">Letter
        with envelope from Virginia Shewalter to John and Mabel Shewalter, 1942 November
        8</a></span>"}],"attribution":["","http://rightsstatements.org/vocab/InC-EDU/1.0/"],"within":"https://cdm16488.contentdm.oclc.org/iiif/info/MPD01/manifest.json","sequences":[{"@id":"https://cdm16488.contentdm.oclc.org/digital/iiif/MPD01/2/sequence/s0","@type":"sc:Sequence","label":"Letter
        with envelope from Virginia Shewalter to John and Mabel Shewalter, 1942 November
        8","canvases":[{"@id":"https://cdm16488.contentdm.oclc.org/digital/iiif/MPD01/0/canvas/c0","@type":"sc:Canvas","label":"Page
        1","images":[{"@id":"https://cdm16488.contentdm.oclc.org/digital/iiif/MPD01/0/annotation/a0","@type":"oa:Annotation","motivation":"sc:painting","resource":{"@id":"https://cdm16488.contentdm.oclc.org/digital/iiif/MPD01/0/full/full/0/default.jpg","@type":"dctypes:Image","service":{"@context":"http://iiif.io/api/image/2/context.json","@id":"https://cdm16488.contentdm.oclc.org/digital/iiif/MPD01/0","width":1468,"height":2372,"tiles":[{"width":1468,"scaleFactors":[1,2,4,8,16]}],"profile":"http://iiif.io/api/image/2/level1.json","protocol":"http://iiif.io/api/image"},"format":"image/jpeg","width":1468,"height":2372},"on":"https://cdm16488.contentdm.oclc.org/digital/iiif/MPD01/0/canvas/c0"}],"width":1468,"height":2372},{"@id":"https://cdm16488.contentdm.oclc.org/digital/iiif/MPD01/1/canvas/c1","@type":"sc:Canvas","label":"Page
        2","images":[{"@id":"https://cdm16488.contentdm.oclc.org/digital/iiif/MPD01/1/annotation/a1","@type":"oa:Annotation","motivation":"sc:painting","resource":{"@id":"https://cdm16488.contentdm.oclc.org/digital/iiif/MPD01/1/full/full/0/default.jpg","@type":"dctypes:Image","service":{"@context":"http://iiif.io/api/image/2/context.json","@id":"https://cdm16488.contentdm.oclc.org/digital/iiif/MPD01/1","width":2371,"height":1466,"tiles":[{"width":2371,"scaleFactors":[1,2,4,8,16]}],"profile":"http://iiif.io/api/image/2/level1.json","protocol":"http://iiif.io/api/image"},"format":"image/jpeg","width":2371,"height":1466},"on":"https://cdm16488.contentdm.oclc.org/digital/iiif/MPD01/1/canvas/c1"}],"width":2371,"height":1466}]}],"structures":[{"@id":"https://cdm16488.contentdm.oclc.org/digital/iiif/MPD01/2/range/r0","@type":"sc:Range","label":"Letter
        with envelope from Virginia Shewalter to John and Mabel Shewalter, 1942 November
        8","ranges":[],"canvases":["https://cdm16488.contentdm.oclc.org/digital/iiif/MPD01/0/canvas/c0","https://cdm16488.contentdm.oclc.org/digital/iiif/MPD01/1/canvas/c1"],"viewingHint":"top"}]}'
  recorded_at: Wed, 14 Jul 2021 20:07:05 GMT
- request:
    method: get
    uri: https://cdm16488.contentdm.oclc.org/iiif/info/MPD01/2/manifest.json
    body:
      encoding: US-ASCII
      string: ''
    headers:
      Accept-Encoding:
      - gzip;q=1.0,deflate;q=0.6,identity;q=0.3
      Accept:
      - "*/*"
      User-Agent:
      - Ruby
  response:
    status:
      code: 200
      message: OK
    headers:
      Date:
      - Wed, 14 Jul 2021 20:07:05 GMT
      Server:
      - Apache
      X-Content-Type-Options:
      - nosniff
      X-Xss-Protection:
      - 1; mode=block
      Content-Type:
      - application/json;charset=UTF-8
      Access-Control-Allow-Headers:
      - X-Requested-With
      Link:
      - <http://iiif.io/api/presentation/2/context.json>; rel="http://www.w3.org/ns/json-ld#context";
        type="application/ld+json"
      Access-Control-Allow-Origin:
      - "*"
      Vary:
      - X-Forwarded-Proto,Accept-Encoding
      Last-Modified:
      - Wed, 02 Sep 2020 19:39:36 GMT
      Etag:
      - '"1150-5ae59cbb5d76d-gzip"'
      Accept-Ranges:
      - bytes
      Cache-Control:
      - max-age=0
      Expires:
      - Wed, 14 Jul 2021 20:07:05 GMT
      Content-Length:
      - '1269'
    body:
      encoding: ASCII-8BIT
      string: '{"@context":"http://iiif.io/api/presentation/2/context.json","@type":"sc:Manifest","@id":"https://cdm16488.contentdm.oclc.org/iiif/info/MPD01/2/manifest.json","label":"Letter
        with envelope from Virginia Shewalter to John and Mabel Shewalter, 1942 November
        8","metadata":[{"label":"Title","value":"Letter with envelope from Virginia
        Shewalter to John and Mabel Shewalter, 1942 November 8"},{"label":"Creator","value":"Shewalter,
        Virginia 1916-1978."},{"label":"Date","value":"1942-11-08"},{"label":"Description","value":"This
        letter from Virginia Shewalter to her folks details her experiences on a train
        trip, with stops in Lafayette and Chicago. She was unable to obtain a reservation
        on a train to Des Moines."},{"label":"Extent","value":"1 Page, Envelope"},{"label":"Type","value":"Text"},{"label":"Format","value":"Correspondence;
        Letters (correspondence); Image/TIFF"},{"label":"Language","value":"English"},{"label":"Subject","value":"Shewalter,
        Virginia 1916-1978; Shewalter, John 1884-1967; Shewalter, Mabel 1887-1964;
        World War, 1939-1945; United States -- Army -- Women''s Army Auxiliary Corps."},{"label":"Source","value":"The
        Virginia Shewalter Letters Collection"},{"label":"Physical Access","value":"To
        view the physical collection, please contact the MidPointe Library System."},{"label":"Standardized
        Rights Statement","value":"http://rightsstatements.org/vocab/InC-EDU/1.0/"},{"label":"Rights","value":"No
        permission is required from the rights-holder(s) for non-commercial, non-derivative
        uses. For other uses you need to obtain permission from the rightsholder(s)."},{"label":"Identifier","value":"Box
        1, Folder 001"},{"label":"Finding Aid","value":"http://rave.ohiolink.edu/archives/ead/OMid0001"},{"label":"Repository","value":"MidPointe
        Digital Archives"},{"label":"Source","value":"<span>From: <a href=\"http://www.midpointedigitalarchives.org/digital/collection/MPD01/id/2\">Letter
        with envelope from Virginia Shewalter to John and Mabel Shewalter, 1942 November
        8</a></span>"}],"attribution":["","http://rightsstatements.org/vocab/InC-EDU/1.0/"],"within":"https://cdm16488.contentdm.oclc.org/iiif/info/MPD01/manifest.json","sequences":[{"@id":"https://cdm16488.contentdm.oclc.org/digital/iiif/MPD01/2/sequence/s0","@type":"sc:Sequence","label":"Letter
        with envelope from Virginia Shewalter to John and Mabel Shewalter, 1942 November
        8","canvases":[{"@id":"https://cdm16488.contentdm.oclc.org/digital/iiif/MPD01/0/canvas/c0","@type":"sc:Canvas","label":"Page
        1","images":[{"@id":"https://cdm16488.contentdm.oclc.org/digital/iiif/MPD01/0/annotation/a0","@type":"oa:Annotation","motivation":"sc:painting","resource":{"@id":"https://cdm16488.contentdm.oclc.org/digital/iiif/MPD01/0/full/full/0/default.jpg","@type":"dctypes:Image","service":{"@context":"http://iiif.io/api/image/2/context.json","@id":"https://cdm16488.contentdm.oclc.org/digital/iiif/MPD01/0","width":1468,"height":2372,"tiles":[{"width":1468,"scaleFactors":[1,2,4,8,16]}],"profile":"http://iiif.io/api/image/2/level1.json","protocol":"http://iiif.io/api/image"},"format":"image/jpeg","width":1468,"height":2372},"on":"https://cdm16488.contentdm.oclc.org/digital/iiif/MPD01/0/canvas/c0"}],"width":1468,"height":2372},{"@id":"https://cdm16488.contentdm.oclc.org/digital/iiif/MPD01/1/canvas/c1","@type":"sc:Canvas","label":"Page
        2","images":[{"@id":"https://cdm16488.contentdm.oclc.org/digital/iiif/MPD01/1/annotation/a1","@type":"oa:Annotation","motivation":"sc:painting","resource":{"@id":"https://cdm16488.contentdm.oclc.org/digital/iiif/MPD01/1/full/full/0/default.jpg","@type":"dctypes:Image","service":{"@context":"http://iiif.io/api/image/2/context.json","@id":"https://cdm16488.contentdm.oclc.org/digital/iiif/MPD01/1","width":2371,"height":1466,"tiles":[{"width":2371,"scaleFactors":[1,2,4,8,16]}],"profile":"http://iiif.io/api/image/2/level1.json","protocol":"http://iiif.io/api/image"},"format":"image/jpeg","width":2371,"height":1466},"on":"https://cdm16488.contentdm.oclc.org/digital/iiif/MPD01/1/canvas/c1"}],"width":2371,"height":1466}]}],"structures":[{"@id":"https://cdm16488.contentdm.oclc.org/digital/iiif/MPD01/2/range/r0","@type":"sc:Range","label":"Letter
        with envelope from Virginia Shewalter to John and Mabel Shewalter, 1942 November
        8","ranges":[],"canvases":["https://cdm16488.contentdm.oclc.org/digital/iiif/MPD01/0/canvas/c0","https://cdm16488.contentdm.oclc.org/digital/iiif/MPD01/1/canvas/c1"],"viewingHint":"top"}]}'
  recorded_at: Wed, 14 Jul 2021 20:07:05 GMT
- request:
    method: post
    uri: http://127.0.0.1:4444/session/f099130b-2996-4f98-b2af-f573ba089979/element/aa285d12-bfa2-410a-bd3c-0d733ba340a1/click
    body:
      encoding: UTF-8
      string: "{}"
    headers:
      Accept:
      - application/json
      Content-Type:
      - application/json; charset=UTF-8
      User-Agent:
      - selenium/3.142.7 (ruby linux)
      Content-Length:
      - '2'
      Accept-Encoding:
      - gzip;q=1.0,deflate;q=0.6,identity;q=0.3
  response:
    status:
      code: 200
      message: OK
    headers:
      Content-Type:
      - application/json; charset=utf-8
      Cache-Control:
      - no-cache
      Content-Length:
      - '14'
      Date:
      - Wed, 14 Jul 2021 20:07:04 GMT
    body:
      encoding: UTF-8
      string: '{"value":null}'
  recorded_at: Wed, 14 Jul 2021 20:07:05 GMT
- request:
    method: post
    uri: http://127.0.0.1:4444/session/ca223cd4-f846-4808-95df-1b2d93d6e56a/elements
    body:
      encoding: UTF-8
      string: '{"using":"xpath","value":"./descendant::*[self::input | self::textarea][not(((((((./@type
        = ''submit'') or (./@type = ''image'')) or (./@type = ''radio'')) or (./@type
        = ''checkbox'')) or (./@type = ''hidden'')) or (./@type = ''file'')))][((((./@id
        = ''cdm_url'') or (./@name = ''cdm_url'')) or (./@placeholder = ''cdm_url''))
        or (./@id = //label[(normalize-space(string(.)) = ''cdm_url'')]/@for))] |
        .//label[(normalize-space(string(.)) = ''cdm_url'')]//./descendant::*[self::input
        | self::textarea][not(((((((./@type = ''submit'') or (./@type = ''image''))
        or (./@type = ''radio'')) or (./@type = ''checkbox'')) or (./@type = ''hidden''))
        or (./@type = ''file'')))]"}'
    headers:
      Accept:
      - application/json
      Content-Type:
      - application/json; charset=UTF-8
      User-Agent:
      - selenium/3.142.7 (ruby linux)
      Content-Length:
      - '635'
      Accept-Encoding:
      - gzip;q=1.0,deflate;q=0.6,identity;q=0.3
  response:
    status:
      code: 200
      message: OK
    headers:
      Content-Type:
      - application/json; charset=utf-8
      Cache-Control:
      - no-cache
      Content-Length:
      - '90'
      Date:
      - Sat, 17 Jul 2021 22:40:51 GMT
    body:
      encoding: UTF-8
      string: '{"value":[{"element-6066-11e4-a52e-4f735466cecf":"fa855979-7f37-4dfd-b3c9-a42475a7eadd"}]}'
  recorded_at: Sat, 17 Jul 2021 22:40:51 GMT
- request:
    method: post
    uri: http://127.0.0.1:4444/session/ca223cd4-f846-4808-95df-1b2d93d6e56a/execute/sync
    body:
      encoding: UTF-8
      string: '{"script":"return ((function(){function d(t,e,n){function r(t){var
        e=x(t);if(0<e.height&&0<e.width)return!0;if(\"PATH\"==t.tagName.toUpperCase()&&(0<e.height||0<e.width)){var
        n=window.getComputedStyle(t)[\"stroke-width\"];return!!n&&0<parseInt(n,10)}return\"hidden\"!=window.getComputedStyle(t).overflow&&Array.prototype.slice.call(t.childNodes).some(function(t){return
        t.nodeType==Node.TEXT_NODE||t.nodeType==Node.ELEMENT_NODE&&r(t)})}function
        i(t){return C(t)==T.HIDDEN&&Array.prototype.slice.call(t.childNodes).every(function(t){return
        t.nodeType!=Node.ELEMENT_NODE||i(t)||!r(t)})}var o=t.tagName.toUpperCase();if(\"BODY\"==o)return!0;if(\"OPTION\"==o||\"OPTGROUP\"==o){var
        a=c(t,function(t){return\"SELECT\"==t.tagName.toUpperCase()});return!!a&&d(a,!0,n)}var
        u=s(t);if(u)return!!u.image&&0<u.rect.width&&0<u.rect.height&&d(u.image,e,n);if(\"INPUT\"==o&&\"hidden\"==t.type.toLowerCase())return!1;if(\"NOSCRIPT\"==o)return!1;var
        l=window.getComputedStyle(t).visibility;return\"collapse\"!=l&&\"hidden\"!=l&&(!!n(t)&&(!(!e&&0==f(t))&&(!!r(t)&&!i(t))))}function
        E(t){var e=x(t);return{left:e.left,right:e.left+e.width,top:e.top,bottom:e.top+e.height}}function
        D(t){return t.parentElement}function C(t){function e(t){function e(t){if(t==u)return!0;var
        e=window.getComputedStyle(t),n=e.display;return 0!=n.indexOf(\"inline\")&&\"contents\"!=n&&(\"absolute\"!=r||\"static\"!=e.position)}var
        r=window.getComputedStyle(t).position;if(\"fixed\"==r)return i=!0,t==u?null:u;for(var
        n=D(t);n&&!e(n);)n=D(n);return n}function n(t){var e=t;if(\"visible\"==d)if(t==u&&l)e=l;else
        if(t==l)return{x:\"visible\",y:\"visible\"};var n=window.getComputedStyle(e),r={x:n[\"overflow-x\"],y:n[\"overflow-y\"]};return
        t==u&&(r.x=\"visible\"==r.x?\"auto\":r.x,r.y=\"visible\"==r.y?\"auto\":r.y),r}function
        r(t){return t==u?{x:window.scrollX,y:window.scrollY}:{x:t.scrollLeft,y:t.scrollTop}}for(var
        i,o=E(t),a=t.ownerDocument,u=a.documentElement,l=a.body,d=window.getComputedStyle(u).overflow,f=e(t);f;f=e(f)){var
        h=n(f);if(\"visible\"!=h.x||\"visible\"!=h.y){var s=x(f);if(0==s.width||0==s.height)return
        T.HIDDEN;var p=o.right<s.left,c=o.bottom<s.top;if(p&&\"hidden\"==h.x||c&&\"hidden\"==h.y)return
        T.HIDDEN;if(p&&\"visible\"!=h.x||c&&\"visible\"!=h.y){var v=r(f),g=o.right<s.left-v.x,w=o.bottom<s.top-v.y;return
        g&&\"visible\"!=h.x||w&&\"visible\"!=h.x?T.HIDDEN:C(f)==T.HIDDEN?T.HIDDEN:T.SCROLL}var
        N=o.left>=s.left+s.width,m=o.top>=s.top+s.height;if(N&&\"hidden\"==h.x||m&&\"hidden\"==h.y)return
        T.HIDDEN;if(N&&\"visible\"!=h.x||m&&\"visible\"!=h.y){if(i){var y=r(f);if(o.left>=u.scrollWidth-y.x||o.right>=u.scrollHeight-y.y)return
        T.HIDDEN}return C(f)==T.HIDDEN?T.HIDDEN:T.SCROLL}}}return T.NONE}function
        o(t){var e=t.document.documentElement;return{width:e.clientWidth,height:e.clientHeight}}function
        p(t,e,n,r){return{left:t,top:e,width:n,height:r}}function x(t){var e,n=s(t);if(n)return
        n.rect;if(\"HTML\"==t.tagName.toUpperCase()){t.ownerDocument;var r=o(window);return
        p(0,0,r.width,r.height)}try{e=t.getBoundingClientRect()}catch(i){return p(0,0,0,0)}return
        p(e.left,e.top,e.right-e.left,e.bottom-e.top)}function f(t){var e=1,n=window.getComputedStyle(t).opacity;n&&(e=Number(n));var
        r=D(t);return r&&r.nodeType==Node.ELEMENT_NODE&&(e*=f(r)),e}function h(t){var
        e=t.shape.toLowerCase(),n=t.coords.split(\",\");if(\"rect\"==e&&4==n.length){var
        r=n[0],i=n[1];return p(r,i,n[2]-r,n[3]-i)}if(\"circle\"==e&&3==n.length){var
        o=n[0],a=n[1],u=n[2];return p(o-u,a-u,2*u,2*u)}if(\"poly\"==e&&2<n.length){for(var
        l=n[0],d=n[1],f=l,h=d,s=2;s+1<n.length;s+=2)l=Math.min(l,n[s]),f=Math.max(f,n[s]),d=Math.min(d,n[s+1]),h=Math.max(h,n[s+1]);return
        p(l,d,f-l,h-d)}return p(0,0,0,0)}function s(t){var e=t.tagName.toUpperCase(),n=\"MAP\"==e;if(!n&&\"AREA\"!=e)return
        null;var r=n?t:\"MAP\"==D(t).tagName.toUpperCase()?D(t):null,i=null,o=null;if(r&&r.name&&((i=r.ownerDocument.querySelector(\"*[usemap=''#\"+r.name+\"'']\"))&&(o=x(i),!n&&\"default\"!=t.shape.toLowerCase()))){var
        a=h(t),u=Math.min(Math.max(a.left,0),o.width),l=Math.min(Math.max(a.top,0),o.height),d=Math.min(a.width,o.width-u),f=Math.min(a.height,o.height-l);o=p(u+o.left,l+o.top,d,f)}return{image:i,rect:o||p(0,0,0,0)}}function
        c(t,e){for(t&&(t=D(t));t;){if(e(t))return t;t=D(t)}return null}function r(t){var
        e=t.parentNode;if(e&&e.shadowRoot&&t.assignedSlot!==undefined)return t.assignedSlot?t.assignedSlot.parentNode:null;if(t.getDestinationInsertionPoints){var
        n=t.getDestinationInsertionPoints();if(0<n.length)return n[n.length-1]}return
        e}var T={NONE:\"none\",HIDDEN:\"hidden\",SCROLL:\"scroll\"};return function
        i(t,e){function n(t){if(\"none\"==window.getComputedStyle(t).display)return!1;var
        e=r(t);if(\"function\"==typeof ShadowRoot&&e instanceof ShadowRoot){if(e.host.shadowRoot!==e)return!1;e=e.host}return!(!e||e.nodeType!=Node.DOCUMENT_NODE&&e.nodeType!=Node.DOCUMENT_FRAGMENT_NODE)||!(e&&e.tagName&&\"DETAILS\"==e.tagName.toUpperCase()&&!e.open&&\"SUMMARY\"!=t.tagName)&&(e&&n(e))}return
        d(t,!!e,n)}})()).apply(null, arguments)","args":[{"element-6066-11e4-a52e-4f735466cecf":"fa855979-7f37-4dfd-b3c9-a42475a7eadd"}]}'
    headers:
      Accept:
      - application/json
      Content-Type:
      - application/json; charset=UTF-8
      User-Agent:
      - selenium/3.142.7 (ruby linux)
      Content-Length:
      - '5067'
      Accept-Encoding:
      - gzip;q=1.0,deflate;q=0.6,identity;q=0.3
  response:
    status:
      code: 200
      message: OK
    headers:
      Content-Type:
      - application/json; charset=utf-8
      Cache-Control:
      - no-cache
      Content-Length:
      - '14'
      Date:
      - Sat, 17 Jul 2021 22:40:51 GMT
    body:
      encoding: UTF-8
      string: '{"value":true}'
  recorded_at: Sat, 17 Jul 2021 22:40:51 GMT
- request:
    method: post
    uri: http://127.0.0.1:4444/session/ca223cd4-f846-4808-95df-1b2d93d6e56a/execute/sync
    body:
      encoding: UTF-8
      string: '{"script":"return arguments[0].matches('':disabled, select:disabled
        *'')","args":[{"element-6066-11e4-a52e-4f735466cecf":"fa855979-7f37-4dfd-b3c9-a42475a7eadd"}]}'
    headers:
      Accept:
      - application/json
      Content-Type:
      - application/json; charset=UTF-8
      User-Agent:
      - selenium/3.142.7 (ruby linux)
      Content-Length:
      - '160'
      Accept-Encoding:
      - gzip;q=1.0,deflate;q=0.6,identity;q=0.3
  response:
    status:
      code: 200
      message: OK
    headers:
      Content-Type:
      - application/json; charset=utf-8
      Cache-Control:
      - no-cache
      Content-Length:
      - '15'
      Date:
      - Sat, 17 Jul 2021 22:40:51 GMT
    body:
      encoding: UTF-8
      string: '{"value":false}'
  recorded_at: Sat, 17 Jul 2021 22:40:51 GMT
- request:
    method: post
    uri: http://127.0.0.1:4444/session/ca223cd4-f846-4808-95df-1b2d93d6e56a/execute/sync
    body:
      encoding: UTF-8
      string: '{"script":"return (function(el, names){\n  return names.map(function(name){\n    return
        el[name]\n  });\n})(arguments[0], arguments[1]);\n","args":[{"element-6066-11e4-a52e-4f735466cecf":"fa855979-7f37-4dfd-b3c9-a42475a7eadd"},["tagName","type"]]}'
    headers:
      Accept:
      - application/json
      Content-Type:
      - application/json; charset=UTF-8
      User-Agent:
      - selenium/3.142.7 (ruby linux)
      Content-Length:
      - '247'
      Accept-Encoding:
      - gzip;q=1.0,deflate;q=0.6,identity;q=0.3
  response:
    status:
      code: 200
      message: OK
    headers:
      Content-Type:
      - application/json; charset=utf-8
      Cache-Control:
      - no-cache
      Content-Length:
      - '26'
      Date:
      - Sat, 17 Jul 2021 22:40:51 GMT
    body:
      encoding: UTF-8
      string: '{"value":["INPUT","text"]}'
  recorded_at: Sat, 17 Jul 2021 22:40:51 GMT
- request:
    method: post
    uri: http://127.0.0.1:4444/session/ca223cd4-f846-4808-95df-1b2d93d6e56a/execute/sync
    body:
      encoding: UTF-8
      string: '{"script":"arguments[0].select()","args":[{"element-6066-11e4-a52e-4f735466cecf":"fa855979-7f37-4dfd-b3c9-a42475a7eadd"}]}'
    headers:
      Accept:
      - application/json
      Content-Type:
      - application/json; charset=UTF-8
      User-Agent:
      - selenium/3.142.7 (ruby linux)
      Content-Length:
      - '122'
      Accept-Encoding:
      - gzip;q=1.0,deflate;q=0.6,identity;q=0.3
  response:
    status:
      code: 200
      message: OK
    headers:
      Content-Type:
      - application/json; charset=utf-8
      Cache-Control:
      - no-cache
      Content-Length:
      - '14'
      Date:
      - Sat, 17 Jul 2021 22:40:51 GMT
    body:
      encoding: UTF-8
      string: '{"value":null}'
  recorded_at: Sat, 17 Jul 2021 22:40:51 GMT
- request:
    method: post
    uri: http://127.0.0.1:4444/session/ca223cd4-f846-4808-95df-1b2d93d6e56a/element/fa855979-7f37-4dfd-b3c9-a42475a7eadd/value
    body:
      encoding: UTF-8
      string: '{"value":["h","t","t","p"],"text":"http"}'
    headers:
      Accept:
      - application/json
      Content-Type:
      - application/json; charset=UTF-8
      User-Agent:
      - selenium/3.142.7 (ruby linux)
      Content-Length:
      - '41'
      Accept-Encoding:
      - gzip;q=1.0,deflate;q=0.6,identity;q=0.3
  response:
    status:
      code: 200
      message: OK
    headers:
      Content-Type:
      - application/json; charset=utf-8
      Cache-Control:
      - no-cache
      Content-Length:
      - '14'
      Date:
      - Sat, 17 Jul 2021 22:40:51 GMT
    body:
      encoding: UTF-8
      string: '{"value":null}'
  recorded_at: Sat, 17 Jul 2021 22:40:51 GMT
- request:
    method: post
    uri: http://127.0.0.1:4444/session/ca223cd4-f846-4808-95df-1b2d93d6e56a/execute/sync
    body:
      encoding: UTF-8
      string: '{"script":"(function(el, value) {\n  value = el.value + value;\n  if
        (el.maxLength && el.maxLength != -1){\n    value = value.slice(0, el.maxLength);\n  }\n  el.value
        = value;\n})(arguments[0], arguments[1])\n","args":[{"element-6066-11e4-a52e-4f735466cecf":"fa855979-7f37-4dfd-b3c9-a42475a7eadd"},"s://cdm16488.contentdm.oclc.org/digital/collection/MPD01/i"]}'
    headers:
      Accept:
      - application/json
      Content-Type:
      - application/json; charset=UTF-8
      User-Agent:
      - selenium/3.142.7 (ruby linux)
      Content-Length:
      - '360'
      Accept-Encoding:
      - gzip;q=1.0,deflate;q=0.6,identity;q=0.3
  response:
    status:
      code: 200
      message: OK
    headers:
      Content-Type:
      - application/json; charset=utf-8
      Cache-Control:
      - no-cache
      Content-Length:
      - '14'
      Date:
      - Sat, 17 Jul 2021 22:40:51 GMT
    body:
      encoding: UTF-8
      string: '{"value":null}'
  recorded_at: Sat, 17 Jul 2021 22:40:51 GMT
- request:
    method: post
    uri: http://127.0.0.1:4444/session/ca223cd4-f846-4808-95df-1b2d93d6e56a/element/fa855979-7f37-4dfd-b3c9-a42475a7eadd/value
    body:
      encoding: UTF-8
      string: '{"value":["d","/","2"],"text":"d/2"}'
    headers:
      Accept:
      - application/json
      Content-Type:
      - application/json; charset=UTF-8
      User-Agent:
      - selenium/3.142.7 (ruby linux)
      Content-Length:
      - '36'
      Accept-Encoding:
      - gzip;q=1.0,deflate;q=0.6,identity;q=0.3
  response:
    status:
      code: 200
      message: OK
    headers:
      Content-Type:
      - application/json; charset=utf-8
      Cache-Control:
      - no-cache
      Content-Length:
      - '14'
      Date:
      - Sat, 17 Jul 2021 22:40:51 GMT
    body:
      encoding: UTF-8
      string: '{"value":null}'
  recorded_at: Sat, 17 Jul 2021 22:40:51 GMT
- request:
    method: post
    uri: http://127.0.0.1:4444/session/ca223cd4-f846-4808-95df-1b2d93d6e56a/elements
    body:
      encoding: UTF-8
      string: '{"using":"css selector","value":"#cdm_import"}'
    headers:
      Accept:
      - application/json
      Content-Type:
      - application/json; charset=UTF-8
      User-Agent:
      - selenium/3.142.7 (ruby linux)
      Content-Length:
      - '46'
      Accept-Encoding:
      - gzip;q=1.0,deflate;q=0.6,identity;q=0.3
  response:
    status:
      code: 200
      message: OK
    headers:
      Content-Type:
      - application/json; charset=utf-8
      Cache-Control:
      - no-cache
      Content-Length:
      - '90'
      Date:
      - Sat, 17 Jul 2021 22:40:51 GMT
    body:
      encoding: UTF-8
      string: '{"value":[{"element-6066-11e4-a52e-4f735466cecf":"bc19f88e-8275-4418-ac63-fc984fc832e0"}]}'
  recorded_at: Sat, 17 Jul 2021 22:40:51 GMT
- request:
    method: post
    uri: http://127.0.0.1:4444/session/ca223cd4-f846-4808-95df-1b2d93d6e56a/execute/sync
    body:
      encoding: UTF-8
      string: '{"script":"return ((function(){function d(t,e,n){function r(t){var
        e=x(t);if(0<e.height&&0<e.width)return!0;if(\"PATH\"==t.tagName.toUpperCase()&&(0<e.height||0<e.width)){var
        n=window.getComputedStyle(t)[\"stroke-width\"];return!!n&&0<parseInt(n,10)}return\"hidden\"!=window.getComputedStyle(t).overflow&&Array.prototype.slice.call(t.childNodes).some(function(t){return
        t.nodeType==Node.TEXT_NODE||t.nodeType==Node.ELEMENT_NODE&&r(t)})}function
        i(t){return C(t)==T.HIDDEN&&Array.prototype.slice.call(t.childNodes).every(function(t){return
        t.nodeType!=Node.ELEMENT_NODE||i(t)||!r(t)})}var o=t.tagName.toUpperCase();if(\"BODY\"==o)return!0;if(\"OPTION\"==o||\"OPTGROUP\"==o){var
        a=c(t,function(t){return\"SELECT\"==t.tagName.toUpperCase()});return!!a&&d(a,!0,n)}var
        u=s(t);if(u)return!!u.image&&0<u.rect.width&&0<u.rect.height&&d(u.image,e,n);if(\"INPUT\"==o&&\"hidden\"==t.type.toLowerCase())return!1;if(\"NOSCRIPT\"==o)return!1;var
        l=window.getComputedStyle(t).visibility;return\"collapse\"!=l&&\"hidden\"!=l&&(!!n(t)&&(!(!e&&0==f(t))&&(!!r(t)&&!i(t))))}function
        E(t){var e=x(t);return{left:e.left,right:e.left+e.width,top:e.top,bottom:e.top+e.height}}function
        D(t){return t.parentElement}function C(t){function e(t){function e(t){if(t==u)return!0;var
        e=window.getComputedStyle(t),n=e.display;return 0!=n.indexOf(\"inline\")&&\"contents\"!=n&&(\"absolute\"!=r||\"static\"!=e.position)}var
        r=window.getComputedStyle(t).position;if(\"fixed\"==r)return i=!0,t==u?null:u;for(var
        n=D(t);n&&!e(n);)n=D(n);return n}function n(t){var e=t;if(\"visible\"==d)if(t==u&&l)e=l;else
        if(t==l)return{x:\"visible\",y:\"visible\"};var n=window.getComputedStyle(e),r={x:n[\"overflow-x\"],y:n[\"overflow-y\"]};return
        t==u&&(r.x=\"visible\"==r.x?\"auto\":r.x,r.y=\"visible\"==r.y?\"auto\":r.y),r}function
        r(t){return t==u?{x:window.scrollX,y:window.scrollY}:{x:t.scrollLeft,y:t.scrollTop}}for(var
        i,o=E(t),a=t.ownerDocument,u=a.documentElement,l=a.body,d=window.getComputedStyle(u).overflow,f=e(t);f;f=e(f)){var
        h=n(f);if(\"visible\"!=h.x||\"visible\"!=h.y){var s=x(f);if(0==s.width||0==s.height)return
        T.HIDDEN;var p=o.right<s.left,c=o.bottom<s.top;if(p&&\"hidden\"==h.x||c&&\"hidden\"==h.y)return
        T.HIDDEN;if(p&&\"visible\"!=h.x||c&&\"visible\"!=h.y){var v=r(f),g=o.right<s.left-v.x,w=o.bottom<s.top-v.y;return
        g&&\"visible\"!=h.x||w&&\"visible\"!=h.x?T.HIDDEN:C(f)==T.HIDDEN?T.HIDDEN:T.SCROLL}var
        N=o.left>=s.left+s.width,m=o.top>=s.top+s.height;if(N&&\"hidden\"==h.x||m&&\"hidden\"==h.y)return
        T.HIDDEN;if(N&&\"visible\"!=h.x||m&&\"visible\"!=h.y){if(i){var y=r(f);if(o.left>=u.scrollWidth-y.x||o.right>=u.scrollHeight-y.y)return
        T.HIDDEN}return C(f)==T.HIDDEN?T.HIDDEN:T.SCROLL}}}return T.NONE}function
        o(t){var e=t.document.documentElement;return{width:e.clientWidth,height:e.clientHeight}}function
        p(t,e,n,r){return{left:t,top:e,width:n,height:r}}function x(t){var e,n=s(t);if(n)return
        n.rect;if(\"HTML\"==t.tagName.toUpperCase()){t.ownerDocument;var r=o(window);return
        p(0,0,r.width,r.height)}try{e=t.getBoundingClientRect()}catch(i){return p(0,0,0,0)}return
        p(e.left,e.top,e.right-e.left,e.bottom-e.top)}function f(t){var e=1,n=window.getComputedStyle(t).opacity;n&&(e=Number(n));var
        r=D(t);return r&&r.nodeType==Node.ELEMENT_NODE&&(e*=f(r)),e}function h(t){var
        e=t.shape.toLowerCase(),n=t.coords.split(\",\");if(\"rect\"==e&&4==n.length){var
        r=n[0],i=n[1];return p(r,i,n[2]-r,n[3]-i)}if(\"circle\"==e&&3==n.length){var
        o=n[0],a=n[1],u=n[2];return p(o-u,a-u,2*u,2*u)}if(\"poly\"==e&&2<n.length){for(var
        l=n[0],d=n[1],f=l,h=d,s=2;s+1<n.length;s+=2)l=Math.min(l,n[s]),f=Math.max(f,n[s]),d=Math.min(d,n[s+1]),h=Math.max(h,n[s+1]);return
        p(l,d,f-l,h-d)}return p(0,0,0,0)}function s(t){var e=t.tagName.toUpperCase(),n=\"MAP\"==e;if(!n&&\"AREA\"!=e)return
        null;var r=n?t:\"MAP\"==D(t).tagName.toUpperCase()?D(t):null,i=null,o=null;if(r&&r.name&&((i=r.ownerDocument.querySelector(\"*[usemap=''#\"+r.name+\"'']\"))&&(o=x(i),!n&&\"default\"!=t.shape.toLowerCase()))){var
        a=h(t),u=Math.min(Math.max(a.left,0),o.width),l=Math.min(Math.max(a.top,0),o.height),d=Math.min(a.width,o.width-u),f=Math.min(a.height,o.height-l);o=p(u+o.left,l+o.top,d,f)}return{image:i,rect:o||p(0,0,0,0)}}function
        c(t,e){for(t&&(t=D(t));t;){if(e(t))return t;t=D(t)}return null}function r(t){var
        e=t.parentNode;if(e&&e.shadowRoot&&t.assignedSlot!==undefined)return t.assignedSlot?t.assignedSlot.parentNode:null;if(t.getDestinationInsertionPoints){var
        n=t.getDestinationInsertionPoints();if(0<n.length)return n[n.length-1]}return
        e}var T={NONE:\"none\",HIDDEN:\"hidden\",SCROLL:\"scroll\"};return function
        i(t,e){function n(t){if(\"none\"==window.getComputedStyle(t).display)return!1;var
        e=r(t);if(\"function\"==typeof ShadowRoot&&e instanceof ShadowRoot){if(e.host.shadowRoot!==e)return!1;e=e.host}return!(!e||e.nodeType!=Node.DOCUMENT_NODE&&e.nodeType!=Node.DOCUMENT_FRAGMENT_NODE)||!(e&&e.tagName&&\"DETAILS\"==e.tagName.toUpperCase()&&!e.open&&\"SUMMARY\"!=t.tagName)&&(e&&n(e))}return
        d(t,!!e,n)}})()).apply(null, arguments)","args":[{"element-6066-11e4-a52e-4f735466cecf":"bc19f88e-8275-4418-ac63-fc984fc832e0"}]}'
    headers:
      Accept:
      - application/json
      Content-Type:
      - application/json; charset=UTF-8
      User-Agent:
      - selenium/3.142.7 (ruby linux)
      Content-Length:
      - '5067'
      Accept-Encoding:
      - gzip;q=1.0,deflate;q=0.6,identity;q=0.3
  response:
    status:
      code: 200
      message: OK
    headers:
      Content-Type:
      - application/json; charset=utf-8
      Cache-Control:
      - no-cache
      Content-Length:
      - '14'
      Date:
      - Sat, 17 Jul 2021 22:40:51 GMT
    body:
      encoding: UTF-8
      string: '{"value":true}'
  recorded_at: Sat, 17 Jul 2021 22:40:51 GMT
- request:
    method: post
    uri: http://127.0.0.1:4444/session/ca223cd4-f846-4808-95df-1b2d93d6e56a/element/bc19f88e-8275-4418-ac63-fc984fc832e0/click
    body:
      encoding: UTF-8
      string: "{}"
    headers:
      Accept:
      - application/json
      Content-Type:
      - application/json; charset=UTF-8
      User-Agent:
      - selenium/3.142.7 (ruby linux)
      Content-Length:
      - '2'
      Accept-Encoding:
      - gzip;q=1.0,deflate;q=0.6,identity;q=0.3
  response:
    status:
      code: 200
      message: OK
    headers:
      Content-Type:
      - application/json; charset=utf-8
      Cache-Control:
      - no-cache
      Content-Length:
      - '14'
      Date:
      - Sat, 17 Jul 2021 22:40:51 GMT
    body:
      encoding: UTF-8
      string: '{"value":null}'
  recorded_at: Sat, 17 Jul 2021 22:40:51 GMT
- request:
    method: post
    uri: http://127.0.0.1:4444/session/a91217e0-9639-40fd-99e3-1f82510562b5/elements
    body:
      encoding: UTF-8
      string: '{"using":"xpath","value":"./descendant::*[self::input | self::textarea][not(((((((./@type
        = ''submit'') or (./@type = ''image'')) or (./@type = ''radio'')) or (./@type
        = ''checkbox'')) or (./@type = ''hidden'')) or (./@type = ''file'')))][((((./@id
        = ''cdm_url'') or (./@name = ''cdm_url'')) or (./@placeholder = ''cdm_url''))
        or (./@id = //label[(normalize-space(string(.)) = ''cdm_url'')]/@for))] |
        .//label[(normalize-space(string(.)) = ''cdm_url'')]//./descendant::*[self::input
        | self::textarea][not(((((((./@type = ''submit'') or (./@type = ''image''))
        or (./@type = ''radio'')) or (./@type = ''checkbox'')) or (./@type = ''hidden''))
        or (./@type = ''file'')))]"}'
    headers:
      Accept:
      - application/json
      Content-Type:
      - application/json; charset=UTF-8
      User-Agent:
      - selenium/3.142.7 (ruby linux)
      Content-Length:
      - '635'
      Accept-Encoding:
      - gzip;q=1.0,deflate;q=0.6,identity;q=0.3
  response:
    status:
      code: 200
      message: OK
    headers:
      Content-Type:
      - application/json; charset=utf-8
      Cache-Control:
      - no-cache
      Content-Length:
      - '90'
      Date:
      - Sun, 18 Jul 2021 14:46:17 GMT
    body:
      encoding: UTF-8
      string: '{"value":[{"element-6066-11e4-a52e-4f735466cecf":"3a585a10-a537-426c-8626-10d7d0e85baf"}]}'
  recorded_at: Sun, 18 Jul 2021 14:46:17 GMT
- request:
    method: post
    uri: http://127.0.0.1:4444/session/a91217e0-9639-40fd-99e3-1f82510562b5/execute/sync
    body:
      encoding: UTF-8
      string: '{"script":"return ((function(){function d(t,e,n){function r(t){var
        e=x(t);if(0<e.height&&0<e.width)return!0;if(\"PATH\"==t.tagName.toUpperCase()&&(0<e.height||0<e.width)){var
        n=window.getComputedStyle(t)[\"stroke-width\"];return!!n&&0<parseInt(n,10)}return\"hidden\"!=window.getComputedStyle(t).overflow&&Array.prototype.slice.call(t.childNodes).some(function(t){return
        t.nodeType==Node.TEXT_NODE||t.nodeType==Node.ELEMENT_NODE&&r(t)})}function
        i(t){return C(t)==T.HIDDEN&&Array.prototype.slice.call(t.childNodes).every(function(t){return
        t.nodeType!=Node.ELEMENT_NODE||i(t)||!r(t)})}var o=t.tagName.toUpperCase();if(\"BODY\"==o)return!0;if(\"OPTION\"==o||\"OPTGROUP\"==o){var
        a=c(t,function(t){return\"SELECT\"==t.tagName.toUpperCase()});return!!a&&d(a,!0,n)}var
        u=s(t);if(u)return!!u.image&&0<u.rect.width&&0<u.rect.height&&d(u.image,e,n);if(\"INPUT\"==o&&\"hidden\"==t.type.toLowerCase())return!1;if(\"NOSCRIPT\"==o)return!1;var
        l=window.getComputedStyle(t).visibility;return\"collapse\"!=l&&\"hidden\"!=l&&(!!n(t)&&(!(!e&&0==f(t))&&(!!r(t)&&!i(t))))}function
        E(t){var e=x(t);return{left:e.left,right:e.left+e.width,top:e.top,bottom:e.top+e.height}}function
        D(t){return t.parentElement}function C(t){function e(t){function e(t){if(t==u)return!0;var
        e=window.getComputedStyle(t),n=e.display;return 0!=n.indexOf(\"inline\")&&\"contents\"!=n&&(\"absolute\"!=r||\"static\"!=e.position)}var
        r=window.getComputedStyle(t).position;if(\"fixed\"==r)return i=!0,t==u?null:u;for(var
        n=D(t);n&&!e(n);)n=D(n);return n}function n(t){var e=t;if(\"visible\"==d)if(t==u&&l)e=l;else
        if(t==l)return{x:\"visible\",y:\"visible\"};var n=window.getComputedStyle(e),r={x:n[\"overflow-x\"],y:n[\"overflow-y\"]};return
        t==u&&(r.x=\"visible\"==r.x?\"auto\":r.x,r.y=\"visible\"==r.y?\"auto\":r.y),r}function
        r(t){return t==u?{x:window.scrollX,y:window.scrollY}:{x:t.scrollLeft,y:t.scrollTop}}for(var
        i,o=E(t),a=t.ownerDocument,u=a.documentElement,l=a.body,d=window.getComputedStyle(u).overflow,f=e(t);f;f=e(f)){var
        h=n(f);if(\"visible\"!=h.x||\"visible\"!=h.y){var s=x(f);if(0==s.width||0==s.height)return
        T.HIDDEN;var p=o.right<s.left,c=o.bottom<s.top;if(p&&\"hidden\"==h.x||c&&\"hidden\"==h.y)return
        T.HIDDEN;if(p&&\"visible\"!=h.x||c&&\"visible\"!=h.y){var v=r(f),g=o.right<s.left-v.x,w=o.bottom<s.top-v.y;return
        g&&\"visible\"!=h.x||w&&\"visible\"!=h.x?T.HIDDEN:C(f)==T.HIDDEN?T.HIDDEN:T.SCROLL}var
        N=o.left>=s.left+s.width,m=o.top>=s.top+s.height;if(N&&\"hidden\"==h.x||m&&\"hidden\"==h.y)return
        T.HIDDEN;if(N&&\"visible\"!=h.x||m&&\"visible\"!=h.y){if(i){var y=r(f);if(o.left>=u.scrollWidth-y.x||o.right>=u.scrollHeight-y.y)return
        T.HIDDEN}return C(f)==T.HIDDEN?T.HIDDEN:T.SCROLL}}}return T.NONE}function
        o(t){var e=t.document.documentElement;return{width:e.clientWidth,height:e.clientHeight}}function
        p(t,e,n,r){return{left:t,top:e,width:n,height:r}}function x(t){var e,n=s(t);if(n)return
        n.rect;if(\"HTML\"==t.tagName.toUpperCase()){t.ownerDocument;var r=o(window);return
        p(0,0,r.width,r.height)}try{e=t.getBoundingClientRect()}catch(i){return p(0,0,0,0)}return
        p(e.left,e.top,e.right-e.left,e.bottom-e.top)}function f(t){var e=1,n=window.getComputedStyle(t).opacity;n&&(e=Number(n));var
        r=D(t);return r&&r.nodeType==Node.ELEMENT_NODE&&(e*=f(r)),e}function h(t){var
        e=t.shape.toLowerCase(),n=t.coords.split(\",\");if(\"rect\"==e&&4==n.length){var
        r=n[0],i=n[1];return p(r,i,n[2]-r,n[3]-i)}if(\"circle\"==e&&3==n.length){var
        o=n[0],a=n[1],u=n[2];return p(o-u,a-u,2*u,2*u)}if(\"poly\"==e&&2<n.length){for(var
        l=n[0],d=n[1],f=l,h=d,s=2;s+1<n.length;s+=2)l=Math.min(l,n[s]),f=Math.max(f,n[s]),d=Math.min(d,n[s+1]),h=Math.max(h,n[s+1]);return
        p(l,d,f-l,h-d)}return p(0,0,0,0)}function s(t){var e=t.tagName.toUpperCase(),n=\"MAP\"==e;if(!n&&\"AREA\"!=e)return
        null;var r=n?t:\"MAP\"==D(t).tagName.toUpperCase()?D(t):null,i=null,o=null;if(r&&r.name&&((i=r.ownerDocument.querySelector(\"*[usemap=''#\"+r.name+\"'']\"))&&(o=x(i),!n&&\"default\"!=t.shape.toLowerCase()))){var
        a=h(t),u=Math.min(Math.max(a.left,0),o.width),l=Math.min(Math.max(a.top,0),o.height),d=Math.min(a.width,o.width-u),f=Math.min(a.height,o.height-l);o=p(u+o.left,l+o.top,d,f)}return{image:i,rect:o||p(0,0,0,0)}}function
        c(t,e){for(t&&(t=D(t));t;){if(e(t))return t;t=D(t)}return null}function r(t){var
        e=t.parentNode;if(e&&e.shadowRoot&&t.assignedSlot!==undefined)return t.assignedSlot?t.assignedSlot.parentNode:null;if(t.getDestinationInsertionPoints){var
        n=t.getDestinationInsertionPoints();if(0<n.length)return n[n.length-1]}return
        e}var T={NONE:\"none\",HIDDEN:\"hidden\",SCROLL:\"scroll\"};return function
        i(t,e){function n(t){if(\"none\"==window.getComputedStyle(t).display)return!1;var
        e=r(t);if(\"function\"==typeof ShadowRoot&&e instanceof ShadowRoot){if(e.host.shadowRoot!==e)return!1;e=e.host}return!(!e||e.nodeType!=Node.DOCUMENT_NODE&&e.nodeType!=Node.DOCUMENT_FRAGMENT_NODE)||!(e&&e.tagName&&\"DETAILS\"==e.tagName.toUpperCase()&&!e.open&&\"SUMMARY\"!=t.tagName)&&(e&&n(e))}return
        d(t,!!e,n)}})()).apply(null, arguments)","args":[{"element-6066-11e4-a52e-4f735466cecf":"3a585a10-a537-426c-8626-10d7d0e85baf"}]}'
    headers:
      Accept:
      - application/json
      Content-Type:
      - application/json; charset=UTF-8
      User-Agent:
      - selenium/3.142.7 (ruby linux)
      Content-Length:
      - '5067'
      Accept-Encoding:
      - gzip;q=1.0,deflate;q=0.6,identity;q=0.3
  response:
    status:
      code: 200
      message: OK
    headers:
      Content-Type:
      - application/json; charset=utf-8
      Cache-Control:
      - no-cache
      Content-Length:
      - '14'
      Date:
      - Sun, 18 Jul 2021 14:46:17 GMT
    body:
      encoding: UTF-8
      string: '{"value":true}'
  recorded_at: Sun, 18 Jul 2021 14:46:17 GMT
- request:
    method: post
    uri: http://127.0.0.1:4444/session/a91217e0-9639-40fd-99e3-1f82510562b5/execute/sync
    body:
      encoding: UTF-8
      string: '{"script":"return arguments[0].matches('':disabled, select:disabled
        *'')","args":[{"element-6066-11e4-a52e-4f735466cecf":"3a585a10-a537-426c-8626-10d7d0e85baf"}]}'
    headers:
      Accept:
      - application/json
      Content-Type:
      - application/json; charset=UTF-8
      User-Agent:
      - selenium/3.142.7 (ruby linux)
      Content-Length:
      - '160'
      Accept-Encoding:
      - gzip;q=1.0,deflate;q=0.6,identity;q=0.3
  response:
    status:
      code: 200
      message: OK
    headers:
      Content-Type:
      - application/json; charset=utf-8
      Cache-Control:
      - no-cache
      Content-Length:
      - '15'
      Date:
      - Sun, 18 Jul 2021 14:46:17 GMT
    body:
      encoding: UTF-8
      string: '{"value":false}'
  recorded_at: Sun, 18 Jul 2021 14:46:17 GMT
- request:
    method: post
    uri: http://127.0.0.1:4444/session/a91217e0-9639-40fd-99e3-1f82510562b5/execute/sync
    body:
      encoding: UTF-8
      string: '{"script":"return (function(el, names){\n  return names.map(function(name){\n    return
        el[name]\n  });\n})(arguments[0], arguments[1]);\n","args":[{"element-6066-11e4-a52e-4f735466cecf":"3a585a10-a537-426c-8626-10d7d0e85baf"},["tagName","type"]]}'
    headers:
      Accept:
      - application/json
      Content-Type:
      - application/json; charset=UTF-8
      User-Agent:
      - selenium/3.142.7 (ruby linux)
      Content-Length:
      - '247'
      Accept-Encoding:
      - gzip;q=1.0,deflate;q=0.6,identity;q=0.3
  response:
    status:
      code: 200
      message: OK
    headers:
      Content-Type:
      - application/json; charset=utf-8
      Cache-Control:
      - no-cache
      Content-Length:
      - '26'
      Date:
      - Sun, 18 Jul 2021 14:46:17 GMT
    body:
      encoding: UTF-8
      string: '{"value":["INPUT","text"]}'
  recorded_at: Sun, 18 Jul 2021 14:46:17 GMT
- request:
    method: post
    uri: http://127.0.0.1:4444/session/a91217e0-9639-40fd-99e3-1f82510562b5/execute/sync
    body:
      encoding: UTF-8
      string: '{"script":"arguments[0].select()","args":[{"element-6066-11e4-a52e-4f735466cecf":"3a585a10-a537-426c-8626-10d7d0e85baf"}]}'
    headers:
      Accept:
      - application/json
      Content-Type:
      - application/json; charset=UTF-8
      User-Agent:
      - selenium/3.142.7 (ruby linux)
      Content-Length:
      - '122'
      Accept-Encoding:
      - gzip;q=1.0,deflate;q=0.6,identity;q=0.3
  response:
    status:
      code: 200
      message: OK
    headers:
      Content-Type:
      - application/json; charset=utf-8
      Cache-Control:
      - no-cache
      Content-Length:
      - '14'
      Date:
      - Sun, 18 Jul 2021 14:46:17 GMT
    body:
      encoding: UTF-8
      string: '{"value":null}'
  recorded_at: Sun, 18 Jul 2021 14:46:17 GMT
- request:
    method: post
    uri: http://127.0.0.1:4444/session/a91217e0-9639-40fd-99e3-1f82510562b5/element/3a585a10-a537-426c-8626-10d7d0e85baf/value
    body:
      encoding: UTF-8
      string: '{"value":["h","t","t","p"],"text":"http"}'
    headers:
      Accept:
      - application/json
      Content-Type:
      - application/json; charset=UTF-8
      User-Agent:
      - selenium/3.142.7 (ruby linux)
      Content-Length:
      - '41'
      Accept-Encoding:
      - gzip;q=1.0,deflate;q=0.6,identity;q=0.3
  response:
    status:
      code: 200
      message: OK
    headers:
      Content-Type:
      - application/json; charset=utf-8
      Cache-Control:
      - no-cache
      Content-Length:
      - '14'
      Date:
      - Sun, 18 Jul 2021 14:46:17 GMT
    body:
      encoding: UTF-8
      string: '{"value":null}'
  recorded_at: Sun, 18 Jul 2021 14:46:17 GMT
- request:
    method: post
    uri: http://127.0.0.1:4444/session/a91217e0-9639-40fd-99e3-1f82510562b5/execute/sync
    body:
      encoding: UTF-8
      string: '{"script":"(function(el, value) {\n  value = el.value + value;\n  if
        (el.maxLength && el.maxLength != -1){\n    value = value.slice(0, el.maxLength);\n  }\n  el.value
        = value;\n})(arguments[0], arguments[1])\n","args":[{"element-6066-11e4-a52e-4f735466cecf":"3a585a10-a537-426c-8626-10d7d0e85baf"},"s://cdm16488.contentdm.oclc.org/digital/collection/MPD01/i"]}'
    headers:
      Accept:
      - application/json
      Content-Type:
      - application/json; charset=UTF-8
      User-Agent:
      - selenium/3.142.7 (ruby linux)
      Content-Length:
      - '360'
      Accept-Encoding:
      - gzip;q=1.0,deflate;q=0.6,identity;q=0.3
  response:
    status:
      code: 200
      message: OK
    headers:
      Content-Type:
      - application/json; charset=utf-8
      Cache-Control:
      - no-cache
      Content-Length:
      - '14'
      Date:
      - Sun, 18 Jul 2021 14:46:17 GMT
    body:
      encoding: UTF-8
      string: '{"value":null}'
  recorded_at: Sun, 18 Jul 2021 14:46:17 GMT
- request:
    method: post
    uri: http://127.0.0.1:4444/session/a91217e0-9639-40fd-99e3-1f82510562b5/element/3a585a10-a537-426c-8626-10d7d0e85baf/value
    body:
      encoding: UTF-8
      string: '{"value":["d","/","2"],"text":"d/2"}'
    headers:
      Accept:
      - application/json
      Content-Type:
      - application/json; charset=UTF-8
      User-Agent:
      - selenium/3.142.7 (ruby linux)
      Content-Length:
      - '36'
      Accept-Encoding:
      - gzip;q=1.0,deflate;q=0.6,identity;q=0.3
  response:
    status:
      code: 200
      message: OK
    headers:
      Content-Type:
      - application/json; charset=utf-8
      Cache-Control:
      - no-cache
      Content-Length:
      - '14'
      Date:
      - Sun, 18 Jul 2021 14:46:17 GMT
    body:
      encoding: UTF-8
      string: '{"value":null}'
  recorded_at: Sun, 18 Jul 2021 14:46:17 GMT
- request:
    method: post
    uri: http://127.0.0.1:4444/session/a91217e0-9639-40fd-99e3-1f82510562b5/elements
    body:
      encoding: UTF-8
      string: '{"using":"css selector","value":"#cdm_import"}'
    headers:
      Accept:
      - application/json
      Content-Type:
      - application/json; charset=UTF-8
      User-Agent:
      - selenium/3.142.7 (ruby linux)
      Content-Length:
      - '46'
      Accept-Encoding:
      - gzip;q=1.0,deflate;q=0.6,identity;q=0.3
  response:
    status:
      code: 200
      message: OK
    headers:
      Content-Type:
      - application/json; charset=utf-8
      Cache-Control:
      - no-cache
      Content-Length:
      - '90'
      Date:
      - Sun, 18 Jul 2021 14:46:17 GMT
    body:
      encoding: UTF-8
      string: '{"value":[{"element-6066-11e4-a52e-4f735466cecf":"b0e77439-5d77-47be-910d-f8100214c7f1"}]}'
  recorded_at: Sun, 18 Jul 2021 14:46:17 GMT
- request:
    method: post
    uri: http://127.0.0.1:4444/session/a91217e0-9639-40fd-99e3-1f82510562b5/execute/sync
    body:
      encoding: UTF-8
      string: '{"script":"return ((function(){function d(t,e,n){function r(t){var
        e=x(t);if(0<e.height&&0<e.width)return!0;if(\"PATH\"==t.tagName.toUpperCase()&&(0<e.height||0<e.width)){var
        n=window.getComputedStyle(t)[\"stroke-width\"];return!!n&&0<parseInt(n,10)}return\"hidden\"!=window.getComputedStyle(t).overflow&&Array.prototype.slice.call(t.childNodes).some(function(t){return
        t.nodeType==Node.TEXT_NODE||t.nodeType==Node.ELEMENT_NODE&&r(t)})}function
        i(t){return C(t)==T.HIDDEN&&Array.prototype.slice.call(t.childNodes).every(function(t){return
        t.nodeType!=Node.ELEMENT_NODE||i(t)||!r(t)})}var o=t.tagName.toUpperCase();if(\"BODY\"==o)return!0;if(\"OPTION\"==o||\"OPTGROUP\"==o){var
        a=c(t,function(t){return\"SELECT\"==t.tagName.toUpperCase()});return!!a&&d(a,!0,n)}var
        u=s(t);if(u)return!!u.image&&0<u.rect.width&&0<u.rect.height&&d(u.image,e,n);if(\"INPUT\"==o&&\"hidden\"==t.type.toLowerCase())return!1;if(\"NOSCRIPT\"==o)return!1;var
        l=window.getComputedStyle(t).visibility;return\"collapse\"!=l&&\"hidden\"!=l&&(!!n(t)&&(!(!e&&0==f(t))&&(!!r(t)&&!i(t))))}function
        E(t){var e=x(t);return{left:e.left,right:e.left+e.width,top:e.top,bottom:e.top+e.height}}function
        D(t){return t.parentElement}function C(t){function e(t){function e(t){if(t==u)return!0;var
        e=window.getComputedStyle(t),n=e.display;return 0!=n.indexOf(\"inline\")&&\"contents\"!=n&&(\"absolute\"!=r||\"static\"!=e.position)}var
        r=window.getComputedStyle(t).position;if(\"fixed\"==r)return i=!0,t==u?null:u;for(var
        n=D(t);n&&!e(n);)n=D(n);return n}function n(t){var e=t;if(\"visible\"==d)if(t==u&&l)e=l;else
        if(t==l)return{x:\"visible\",y:\"visible\"};var n=window.getComputedStyle(e),r={x:n[\"overflow-x\"],y:n[\"overflow-y\"]};return
        t==u&&(r.x=\"visible\"==r.x?\"auto\":r.x,r.y=\"visible\"==r.y?\"auto\":r.y),r}function
        r(t){return t==u?{x:window.scrollX,y:window.scrollY}:{x:t.scrollLeft,y:t.scrollTop}}for(var
        i,o=E(t),a=t.ownerDocument,u=a.documentElement,l=a.body,d=window.getComputedStyle(u).overflow,f=e(t);f;f=e(f)){var
        h=n(f);if(\"visible\"!=h.x||\"visible\"!=h.y){var s=x(f);if(0==s.width||0==s.height)return
        T.HIDDEN;var p=o.right<s.left,c=o.bottom<s.top;if(p&&\"hidden\"==h.x||c&&\"hidden\"==h.y)return
        T.HIDDEN;if(p&&\"visible\"!=h.x||c&&\"visible\"!=h.y){var v=r(f),g=o.right<s.left-v.x,w=o.bottom<s.top-v.y;return
        g&&\"visible\"!=h.x||w&&\"visible\"!=h.x?T.HIDDEN:C(f)==T.HIDDEN?T.HIDDEN:T.SCROLL}var
        N=o.left>=s.left+s.width,m=o.top>=s.top+s.height;if(N&&\"hidden\"==h.x||m&&\"hidden\"==h.y)return
        T.HIDDEN;if(N&&\"visible\"!=h.x||m&&\"visible\"!=h.y){if(i){var y=r(f);if(o.left>=u.scrollWidth-y.x||o.right>=u.scrollHeight-y.y)return
        T.HIDDEN}return C(f)==T.HIDDEN?T.HIDDEN:T.SCROLL}}}return T.NONE}function
        o(t){var e=t.document.documentElement;return{width:e.clientWidth,height:e.clientHeight}}function
        p(t,e,n,r){return{left:t,top:e,width:n,height:r}}function x(t){var e,n=s(t);if(n)return
        n.rect;if(\"HTML\"==t.tagName.toUpperCase()){t.ownerDocument;var r=o(window);return
        p(0,0,r.width,r.height)}try{e=t.getBoundingClientRect()}catch(i){return p(0,0,0,0)}return
        p(e.left,e.top,e.right-e.left,e.bottom-e.top)}function f(t){var e=1,n=window.getComputedStyle(t).opacity;n&&(e=Number(n));var
        r=D(t);return r&&r.nodeType==Node.ELEMENT_NODE&&(e*=f(r)),e}function h(t){var
        e=t.shape.toLowerCase(),n=t.coords.split(\",\");if(\"rect\"==e&&4==n.length){var
        r=n[0],i=n[1];return p(r,i,n[2]-r,n[3]-i)}if(\"circle\"==e&&3==n.length){var
        o=n[0],a=n[1],u=n[2];return p(o-u,a-u,2*u,2*u)}if(\"poly\"==e&&2<n.length){for(var
        l=n[0],d=n[1],f=l,h=d,s=2;s+1<n.length;s+=2)l=Math.min(l,n[s]),f=Math.max(f,n[s]),d=Math.min(d,n[s+1]),h=Math.max(h,n[s+1]);return
        p(l,d,f-l,h-d)}return p(0,0,0,0)}function s(t){var e=t.tagName.toUpperCase(),n=\"MAP\"==e;if(!n&&\"AREA\"!=e)return
        null;var r=n?t:\"MAP\"==D(t).tagName.toUpperCase()?D(t):null,i=null,o=null;if(r&&r.name&&((i=r.ownerDocument.querySelector(\"*[usemap=''#\"+r.name+\"'']\"))&&(o=x(i),!n&&\"default\"!=t.shape.toLowerCase()))){var
        a=h(t),u=Math.min(Math.max(a.left,0),o.width),l=Math.min(Math.max(a.top,0),o.height),d=Math.min(a.width,o.width-u),f=Math.min(a.height,o.height-l);o=p(u+o.left,l+o.top,d,f)}return{image:i,rect:o||p(0,0,0,0)}}function
        c(t,e){for(t&&(t=D(t));t;){if(e(t))return t;t=D(t)}return null}function r(t){var
        e=t.parentNode;if(e&&e.shadowRoot&&t.assignedSlot!==undefined)return t.assignedSlot?t.assignedSlot.parentNode:null;if(t.getDestinationInsertionPoints){var
        n=t.getDestinationInsertionPoints();if(0<n.length)return n[n.length-1]}return
        e}var T={NONE:\"none\",HIDDEN:\"hidden\",SCROLL:\"scroll\"};return function
        i(t,e){function n(t){if(\"none\"==window.getComputedStyle(t).display)return!1;var
        e=r(t);if(\"function\"==typeof ShadowRoot&&e instanceof ShadowRoot){if(e.host.shadowRoot!==e)return!1;e=e.host}return!(!e||e.nodeType!=Node.DOCUMENT_NODE&&e.nodeType!=Node.DOCUMENT_FRAGMENT_NODE)||!(e&&e.tagName&&\"DETAILS\"==e.tagName.toUpperCase()&&!e.open&&\"SUMMARY\"!=t.tagName)&&(e&&n(e))}return
        d(t,!!e,n)}})()).apply(null, arguments)","args":[{"element-6066-11e4-a52e-4f735466cecf":"b0e77439-5d77-47be-910d-f8100214c7f1"}]}'
    headers:
      Accept:
      - application/json
      Content-Type:
      - application/json; charset=UTF-8
      User-Agent:
      - selenium/3.142.7 (ruby linux)
      Content-Length:
      - '5067'
      Accept-Encoding:
      - gzip;q=1.0,deflate;q=0.6,identity;q=0.3
  response:
    status:
      code: 200
      message: OK
    headers:
      Content-Type:
      - application/json; charset=utf-8
      Cache-Control:
      - no-cache
      Content-Length:
      - '14'
      Date:
      - Sun, 18 Jul 2021 14:46:17 GMT
    body:
      encoding: UTF-8
      string: '{"value":true}'
  recorded_at: Sun, 18 Jul 2021 14:46:17 GMT
- request:
    method: post
    uri: http://127.0.0.1:4444/session/a91217e0-9639-40fd-99e3-1f82510562b5/element/b0e77439-5d77-47be-910d-f8100214c7f1/click
    body:
      encoding: UTF-8
      string: "{}"
    headers:
      Accept:
      - application/json
      Content-Type:
      - application/json; charset=UTF-8
      User-Agent:
      - selenium/3.142.7 (ruby linux)
      Content-Length:
      - '2'
      Accept-Encoding:
      - gzip;q=1.0,deflate;q=0.6,identity;q=0.3
  response:
    status:
      code: 200
      message: OK
    headers:
      Content-Type:
      - application/json; charset=utf-8
      Cache-Control:
      - no-cache
      Content-Length:
      - '14'
      Date:
      - Sun, 18 Jul 2021 14:46:17 GMT
    body:
      encoding: UTF-8
      string: '{"value":null}'
  recorded_at: Sun, 18 Jul 2021 14:46:17 GMT
- request:
    method: post
    uri: http://127.0.0.1:4444/session/2c5315f8-dca5-4ea5-a96b-1e5c8da0fa85/elements
    body:
      encoding: UTF-8
      string: '{"using":"xpath","value":"./descendant::*[self::input | self::textarea][not(((((((./@type
        = ''submit'') or (./@type = ''image'')) or (./@type = ''radio'')) or (./@type
        = ''checkbox'')) or (./@type = ''hidden'')) or (./@type = ''file'')))][((((./@id
        = ''cdm_url'') or (./@name = ''cdm_url'')) or (./@placeholder = ''cdm_url''))
        or (./@id = //label[(normalize-space(string(.)) = ''cdm_url'')]/@for))] |
        .//label[(normalize-space(string(.)) = ''cdm_url'')]//./descendant::*[self::input
        | self::textarea][not(((((((./@type = ''submit'') or (./@type = ''image''))
        or (./@type = ''radio'')) or (./@type = ''checkbox'')) or (./@type = ''hidden''))
        or (./@type = ''file'')))]"}'
    headers:
      Accept:
      - application/json
      Content-Type:
      - application/json; charset=UTF-8
      User-Agent:
      - selenium/3.142.7 (ruby linux)
      Content-Length:
      - '635'
      Accept-Encoding:
      - gzip;q=1.0,deflate;q=0.6,identity;q=0.3
  response:
    status:
      code: 200
      message: OK
    headers:
      Content-Type:
      - application/json; charset=utf-8
      Cache-Control:
      - no-cache
      Content-Length:
      - '90'
      Date:
      - Sun, 18 Jul 2021 20:41:31 GMT
    body:
      encoding: UTF-8
      string: '{"value":[{"element-6066-11e4-a52e-4f735466cecf":"dfab98b0-e9bf-4fb6-91a9-d9baa7c26a52"}]}'
  recorded_at: Sun, 18 Jul 2021 20:41:31 GMT
- request:
    method: post
    uri: http://127.0.0.1:4444/session/2c5315f8-dca5-4ea5-a96b-1e5c8da0fa85/execute/sync
    body:
      encoding: UTF-8
      string: '{"script":"return ((function(){function d(t,e,n){function r(t){var
        e=x(t);if(0<e.height&&0<e.width)return!0;if(\"PATH\"==t.tagName.toUpperCase()&&(0<e.height||0<e.width)){var
        n=window.getComputedStyle(t)[\"stroke-width\"];return!!n&&0<parseInt(n,10)}return\"hidden\"!=window.getComputedStyle(t).overflow&&Array.prototype.slice.call(t.childNodes).some(function(t){return
        t.nodeType==Node.TEXT_NODE||t.nodeType==Node.ELEMENT_NODE&&r(t)})}function
        i(t){return C(t)==T.HIDDEN&&Array.prototype.slice.call(t.childNodes).every(function(t){return
        t.nodeType!=Node.ELEMENT_NODE||i(t)||!r(t)})}var o=t.tagName.toUpperCase();if(\"BODY\"==o)return!0;if(\"OPTION\"==o||\"OPTGROUP\"==o){var
        a=c(t,function(t){return\"SELECT\"==t.tagName.toUpperCase()});return!!a&&d(a,!0,n)}var
        u=s(t);if(u)return!!u.image&&0<u.rect.width&&0<u.rect.height&&d(u.image,e,n);if(\"INPUT\"==o&&\"hidden\"==t.type.toLowerCase())return!1;if(\"NOSCRIPT\"==o)return!1;var
        l=window.getComputedStyle(t).visibility;return\"collapse\"!=l&&\"hidden\"!=l&&(!!n(t)&&(!(!e&&0==f(t))&&(!!r(t)&&!i(t))))}function
        E(t){var e=x(t);return{left:e.left,right:e.left+e.width,top:e.top,bottom:e.top+e.height}}function
        D(t){return t.parentElement}function C(t){function e(t){function e(t){if(t==u)return!0;var
        e=window.getComputedStyle(t),n=e.display;return 0!=n.indexOf(\"inline\")&&\"contents\"!=n&&(\"absolute\"!=r||\"static\"!=e.position)}var
        r=window.getComputedStyle(t).position;if(\"fixed\"==r)return i=!0,t==u?null:u;for(var
        n=D(t);n&&!e(n);)n=D(n);return n}function n(t){var e=t;if(\"visible\"==d)if(t==u&&l)e=l;else
        if(t==l)return{x:\"visible\",y:\"visible\"};var n=window.getComputedStyle(e),r={x:n[\"overflow-x\"],y:n[\"overflow-y\"]};return
        t==u&&(r.x=\"visible\"==r.x?\"auto\":r.x,r.y=\"visible\"==r.y?\"auto\":r.y),r}function
        r(t){return t==u?{x:window.scrollX,y:window.scrollY}:{x:t.scrollLeft,y:t.scrollTop}}for(var
        i,o=E(t),a=t.ownerDocument,u=a.documentElement,l=a.body,d=window.getComputedStyle(u).overflow,f=e(t);f;f=e(f)){var
        h=n(f);if(\"visible\"!=h.x||\"visible\"!=h.y){var s=x(f);if(0==s.width||0==s.height)return
        T.HIDDEN;var p=o.right<s.left,c=o.bottom<s.top;if(p&&\"hidden\"==h.x||c&&\"hidden\"==h.y)return
        T.HIDDEN;if(p&&\"visible\"!=h.x||c&&\"visible\"!=h.y){var v=r(f),g=o.right<s.left-v.x,w=o.bottom<s.top-v.y;return
        g&&\"visible\"!=h.x||w&&\"visible\"!=h.x?T.HIDDEN:C(f)==T.HIDDEN?T.HIDDEN:T.SCROLL}var
        N=o.left>=s.left+s.width,m=o.top>=s.top+s.height;if(N&&\"hidden\"==h.x||m&&\"hidden\"==h.y)return
        T.HIDDEN;if(N&&\"visible\"!=h.x||m&&\"visible\"!=h.y){if(i){var y=r(f);if(o.left>=u.scrollWidth-y.x||o.right>=u.scrollHeight-y.y)return
        T.HIDDEN}return C(f)==T.HIDDEN?T.HIDDEN:T.SCROLL}}}return T.NONE}function
        o(t){var e=t.document.documentElement;return{width:e.clientWidth,height:e.clientHeight}}function
        p(t,e,n,r){return{left:t,top:e,width:n,height:r}}function x(t){var e,n=s(t);if(n)return
        n.rect;if(\"HTML\"==t.tagName.toUpperCase()){t.ownerDocument;var r=o(window);return
        p(0,0,r.width,r.height)}try{e=t.getBoundingClientRect()}catch(i){return p(0,0,0,0)}return
        p(e.left,e.top,e.right-e.left,e.bottom-e.top)}function f(t){var e=1,n=window.getComputedStyle(t).opacity;n&&(e=Number(n));var
        r=D(t);return r&&r.nodeType==Node.ELEMENT_NODE&&(e*=f(r)),e}function h(t){var
        e=t.shape.toLowerCase(),n=t.coords.split(\",\");if(\"rect\"==e&&4==n.length){var
        r=n[0],i=n[1];return p(r,i,n[2]-r,n[3]-i)}if(\"circle\"==e&&3==n.length){var
        o=n[0],a=n[1],u=n[2];return p(o-u,a-u,2*u,2*u)}if(\"poly\"==e&&2<n.length){for(var
        l=n[0],d=n[1],f=l,h=d,s=2;s+1<n.length;s+=2)l=Math.min(l,n[s]),f=Math.max(f,n[s]),d=Math.min(d,n[s+1]),h=Math.max(h,n[s+1]);return
        p(l,d,f-l,h-d)}return p(0,0,0,0)}function s(t){var e=t.tagName.toUpperCase(),n=\"MAP\"==e;if(!n&&\"AREA\"!=e)return
        null;var r=n?t:\"MAP\"==D(t).tagName.toUpperCase()?D(t):null,i=null,o=null;if(r&&r.name&&((i=r.ownerDocument.querySelector(\"*[usemap=''#\"+r.name+\"'']\"))&&(o=x(i),!n&&\"default\"!=t.shape.toLowerCase()))){var
        a=h(t),u=Math.min(Math.max(a.left,0),o.width),l=Math.min(Math.max(a.top,0),o.height),d=Math.min(a.width,o.width-u),f=Math.min(a.height,o.height-l);o=p(u+o.left,l+o.top,d,f)}return{image:i,rect:o||p(0,0,0,0)}}function
        c(t,e){for(t&&(t=D(t));t;){if(e(t))return t;t=D(t)}return null}function r(t){var
        e=t.parentNode;if(e&&e.shadowRoot&&t.assignedSlot!==undefined)return t.assignedSlot?t.assignedSlot.parentNode:null;if(t.getDestinationInsertionPoints){var
        n=t.getDestinationInsertionPoints();if(0<n.length)return n[n.length-1]}return
        e}var T={NONE:\"none\",HIDDEN:\"hidden\",SCROLL:\"scroll\"};return function
        i(t,e){function n(t){if(\"none\"==window.getComputedStyle(t).display)return!1;var
        e=r(t);if(\"function\"==typeof ShadowRoot&&e instanceof ShadowRoot){if(e.host.shadowRoot!==e)return!1;e=e.host}return!(!e||e.nodeType!=Node.DOCUMENT_NODE&&e.nodeType!=Node.DOCUMENT_FRAGMENT_NODE)||!(e&&e.tagName&&\"DETAILS\"==e.tagName.toUpperCase()&&!e.open&&\"SUMMARY\"!=t.tagName)&&(e&&n(e))}return
        d(t,!!e,n)}})()).apply(null, arguments)","args":[{"element-6066-11e4-a52e-4f735466cecf":"dfab98b0-e9bf-4fb6-91a9-d9baa7c26a52"}]}'
    headers:
      Accept:
      - application/json
      Content-Type:
      - application/json; charset=UTF-8
      User-Agent:
      - selenium/3.142.7 (ruby linux)
      Content-Length:
      - '5067'
      Accept-Encoding:
      - gzip;q=1.0,deflate;q=0.6,identity;q=0.3
  response:
    status:
      code: 200
      message: OK
    headers:
      Content-Type:
      - application/json; charset=utf-8
      Cache-Control:
      - no-cache
      Content-Length:
      - '14'
      Date:
      - Sun, 18 Jul 2021 20:41:31 GMT
    body:
      encoding: UTF-8
      string: '{"value":true}'
  recorded_at: Sun, 18 Jul 2021 20:41:31 GMT
- request:
    method: post
    uri: http://127.0.0.1:4444/session/2c5315f8-dca5-4ea5-a96b-1e5c8da0fa85/execute/sync
    body:
      encoding: UTF-8
      string: '{"script":"return arguments[0].matches('':disabled, select:disabled
        *'')","args":[{"element-6066-11e4-a52e-4f735466cecf":"dfab98b0-e9bf-4fb6-91a9-d9baa7c26a52"}]}'
    headers:
      Accept:
      - application/json
      Content-Type:
      - application/json; charset=UTF-8
      User-Agent:
      - selenium/3.142.7 (ruby linux)
      Content-Length:
      - '160'
      Accept-Encoding:
      - gzip;q=1.0,deflate;q=0.6,identity;q=0.3
  response:
    status:
      code: 200
      message: OK
    headers:
      Content-Type:
      - application/json; charset=utf-8
      Cache-Control:
      - no-cache
      Content-Length:
      - '15'
      Date:
      - Sun, 18 Jul 2021 20:41:31 GMT
    body:
      encoding: UTF-8
      string: '{"value":false}'
  recorded_at: Sun, 18 Jul 2021 20:41:31 GMT
- request:
    method: post
    uri: http://127.0.0.1:4444/session/2c5315f8-dca5-4ea5-a96b-1e5c8da0fa85/execute/sync
    body:
      encoding: UTF-8
      string: '{"script":"return (function(el, names){\n  return names.map(function(name){\n    return
        el[name]\n  });\n})(arguments[0], arguments[1]);\n","args":[{"element-6066-11e4-a52e-4f735466cecf":"dfab98b0-e9bf-4fb6-91a9-d9baa7c26a52"},["tagName","type"]]}'
    headers:
      Accept:
      - application/json
      Content-Type:
      - application/json; charset=UTF-8
      User-Agent:
      - selenium/3.142.7 (ruby linux)
      Content-Length:
      - '247'
      Accept-Encoding:
      - gzip;q=1.0,deflate;q=0.6,identity;q=0.3
  response:
    status:
      code: 200
      message: OK
    headers:
      Content-Type:
      - application/json; charset=utf-8
      Cache-Control:
      - no-cache
      Content-Length:
      - '26'
      Date:
      - Sun, 18 Jul 2021 20:41:31 GMT
    body:
      encoding: UTF-8
      string: '{"value":["INPUT","text"]}'
  recorded_at: Sun, 18 Jul 2021 20:41:31 GMT
- request:
    method: post
    uri: http://127.0.0.1:4444/session/2c5315f8-dca5-4ea5-a96b-1e5c8da0fa85/execute/sync
    body:
      encoding: UTF-8
      string: '{"script":"arguments[0].select()","args":[{"element-6066-11e4-a52e-4f735466cecf":"dfab98b0-e9bf-4fb6-91a9-d9baa7c26a52"}]}'
    headers:
      Accept:
      - application/json
      Content-Type:
      - application/json; charset=UTF-8
      User-Agent:
      - selenium/3.142.7 (ruby linux)
      Content-Length:
      - '122'
      Accept-Encoding:
      - gzip;q=1.0,deflate;q=0.6,identity;q=0.3
  response:
    status:
      code: 200
      message: OK
    headers:
      Content-Type:
      - application/json; charset=utf-8
      Cache-Control:
      - no-cache
      Content-Length:
      - '14'
      Date:
      - Sun, 18 Jul 2021 20:41:31 GMT
    body:
      encoding: UTF-8
      string: '{"value":null}'
  recorded_at: Sun, 18 Jul 2021 20:41:31 GMT
- request:
    method: post
    uri: http://127.0.0.1:4444/session/2c5315f8-dca5-4ea5-a96b-1e5c8da0fa85/element/dfab98b0-e9bf-4fb6-91a9-d9baa7c26a52/value
    body:
      encoding: UTF-8
      string: '{"value":["h","t","t","p"],"text":"http"}'
    headers:
      Accept:
      - application/json
      Content-Type:
      - application/json; charset=UTF-8
      User-Agent:
      - selenium/3.142.7 (ruby linux)
      Content-Length:
      - '41'
      Accept-Encoding:
      - gzip;q=1.0,deflate;q=0.6,identity;q=0.3
  response:
    status:
      code: 200
      message: OK
    headers:
      Content-Type:
      - application/json; charset=utf-8
      Cache-Control:
      - no-cache
      Content-Length:
      - '14'
      Date:
      - Sun, 18 Jul 2021 20:41:31 GMT
    body:
      encoding: UTF-8
      string: '{"value":null}'
  recorded_at: Sun, 18 Jul 2021 20:41:31 GMT
- request:
    method: post
    uri: http://127.0.0.1:4444/session/2c5315f8-dca5-4ea5-a96b-1e5c8da0fa85/execute/sync
    body:
      encoding: UTF-8
      string: '{"script":"(function(el, value) {\n  value = el.value + value;\n  if
        (el.maxLength && el.maxLength != -1){\n    value = value.slice(0, el.maxLength);\n  }\n  el.value
        = value;\n})(arguments[0], arguments[1])\n","args":[{"element-6066-11e4-a52e-4f735466cecf":"dfab98b0-e9bf-4fb6-91a9-d9baa7c26a52"},"s://cdm16488.contentdm.oclc.org/digital/collection/MPD01/i"]}'
    headers:
      Accept:
      - application/json
      Content-Type:
      - application/json; charset=UTF-8
      User-Agent:
      - selenium/3.142.7 (ruby linux)
      Content-Length:
      - '360'
      Accept-Encoding:
      - gzip;q=1.0,deflate;q=0.6,identity;q=0.3
  response:
    status:
      code: 200
      message: OK
    headers:
      Content-Type:
      - application/json; charset=utf-8
      Cache-Control:
      - no-cache
      Content-Length:
      - '14'
      Date:
      - Sun, 18 Jul 2021 20:41:31 GMT
    body:
      encoding: UTF-8
      string: '{"value":null}'
  recorded_at: Sun, 18 Jul 2021 20:41:31 GMT
- request:
    method: post
    uri: http://127.0.0.1:4444/session/2c5315f8-dca5-4ea5-a96b-1e5c8da0fa85/element/dfab98b0-e9bf-4fb6-91a9-d9baa7c26a52/value
    body:
      encoding: UTF-8
      string: '{"value":["d","/","2"],"text":"d/2"}'
    headers:
      Accept:
      - application/json
      Content-Type:
      - application/json; charset=UTF-8
      User-Agent:
      - selenium/3.142.7 (ruby linux)
      Content-Length:
      - '36'
      Accept-Encoding:
      - gzip;q=1.0,deflate;q=0.6,identity;q=0.3
  response:
    status:
      code: 200
      message: OK
    headers:
      Content-Type:
      - application/json; charset=utf-8
      Cache-Control:
      - no-cache
      Content-Length:
      - '14'
      Date:
      - Sun, 18 Jul 2021 20:41:31 GMT
    body:
      encoding: UTF-8
      string: '{"value":null}'
  recorded_at: Sun, 18 Jul 2021 20:41:31 GMT
- request:
    method: post
    uri: http://127.0.0.1:4444/session/2c5315f8-dca5-4ea5-a96b-1e5c8da0fa85/elements
    body:
      encoding: UTF-8
      string: '{"using":"css selector","value":"#cdm_import"}'
    headers:
      Accept:
      - application/json
      Content-Type:
      - application/json; charset=UTF-8
      User-Agent:
      - selenium/3.142.7 (ruby linux)
      Content-Length:
      - '46'
      Accept-Encoding:
      - gzip;q=1.0,deflate;q=0.6,identity;q=0.3
  response:
    status:
      code: 200
      message: OK
    headers:
      Content-Type:
      - application/json; charset=utf-8
      Cache-Control:
      - no-cache
      Content-Length:
      - '90'
      Date:
      - Sun, 18 Jul 2021 20:41:31 GMT
    body:
      encoding: UTF-8
      string: '{"value":[{"element-6066-11e4-a52e-4f735466cecf":"662d5a8a-a56d-41ba-8dc1-6ddc9861d286"}]}'
  recorded_at: Sun, 18 Jul 2021 20:41:31 GMT
- request:
    method: post
    uri: http://127.0.0.1:4444/session/2c5315f8-dca5-4ea5-a96b-1e5c8da0fa85/execute/sync
    body:
      encoding: UTF-8
      string: '{"script":"return ((function(){function d(t,e,n){function r(t){var
        e=x(t);if(0<e.height&&0<e.width)return!0;if(\"PATH\"==t.tagName.toUpperCase()&&(0<e.height||0<e.width)){var
        n=window.getComputedStyle(t)[\"stroke-width\"];return!!n&&0<parseInt(n,10)}return\"hidden\"!=window.getComputedStyle(t).overflow&&Array.prototype.slice.call(t.childNodes).some(function(t){return
        t.nodeType==Node.TEXT_NODE||t.nodeType==Node.ELEMENT_NODE&&r(t)})}function
        i(t){return C(t)==T.HIDDEN&&Array.prototype.slice.call(t.childNodes).every(function(t){return
        t.nodeType!=Node.ELEMENT_NODE||i(t)||!r(t)})}var o=t.tagName.toUpperCase();if(\"BODY\"==o)return!0;if(\"OPTION\"==o||\"OPTGROUP\"==o){var
        a=c(t,function(t){return\"SELECT\"==t.tagName.toUpperCase()});return!!a&&d(a,!0,n)}var
        u=s(t);if(u)return!!u.image&&0<u.rect.width&&0<u.rect.height&&d(u.image,e,n);if(\"INPUT\"==o&&\"hidden\"==t.type.toLowerCase())return!1;if(\"NOSCRIPT\"==o)return!1;var
        l=window.getComputedStyle(t).visibility;return\"collapse\"!=l&&\"hidden\"!=l&&(!!n(t)&&(!(!e&&0==f(t))&&(!!r(t)&&!i(t))))}function
        E(t){var e=x(t);return{left:e.left,right:e.left+e.width,top:e.top,bottom:e.top+e.height}}function
        D(t){return t.parentElement}function C(t){function e(t){function e(t){if(t==u)return!0;var
        e=window.getComputedStyle(t),n=e.display;return 0!=n.indexOf(\"inline\")&&\"contents\"!=n&&(\"absolute\"!=r||\"static\"!=e.position)}var
        r=window.getComputedStyle(t).position;if(\"fixed\"==r)return i=!0,t==u?null:u;for(var
        n=D(t);n&&!e(n);)n=D(n);return n}function n(t){var e=t;if(\"visible\"==d)if(t==u&&l)e=l;else
        if(t==l)return{x:\"visible\",y:\"visible\"};var n=window.getComputedStyle(e),r={x:n[\"overflow-x\"],y:n[\"overflow-y\"]};return
        t==u&&(r.x=\"visible\"==r.x?\"auto\":r.x,r.y=\"visible\"==r.y?\"auto\":r.y),r}function
        r(t){return t==u?{x:window.scrollX,y:window.scrollY}:{x:t.scrollLeft,y:t.scrollTop}}for(var
        i,o=E(t),a=t.ownerDocument,u=a.documentElement,l=a.body,d=window.getComputedStyle(u).overflow,f=e(t);f;f=e(f)){var
        h=n(f);if(\"visible\"!=h.x||\"visible\"!=h.y){var s=x(f);if(0==s.width||0==s.height)return
        T.HIDDEN;var p=o.right<s.left,c=o.bottom<s.top;if(p&&\"hidden\"==h.x||c&&\"hidden\"==h.y)return
        T.HIDDEN;if(p&&\"visible\"!=h.x||c&&\"visible\"!=h.y){var v=r(f),g=o.right<s.left-v.x,w=o.bottom<s.top-v.y;return
        g&&\"visible\"!=h.x||w&&\"visible\"!=h.x?T.HIDDEN:C(f)==T.HIDDEN?T.HIDDEN:T.SCROLL}var
        N=o.left>=s.left+s.width,m=o.top>=s.top+s.height;if(N&&\"hidden\"==h.x||m&&\"hidden\"==h.y)return
        T.HIDDEN;if(N&&\"visible\"!=h.x||m&&\"visible\"!=h.y){if(i){var y=r(f);if(o.left>=u.scrollWidth-y.x||o.right>=u.scrollHeight-y.y)return
        T.HIDDEN}return C(f)==T.HIDDEN?T.HIDDEN:T.SCROLL}}}return T.NONE}function
        o(t){var e=t.document.documentElement;return{width:e.clientWidth,height:e.clientHeight}}function
        p(t,e,n,r){return{left:t,top:e,width:n,height:r}}function x(t){var e,n=s(t);if(n)return
        n.rect;if(\"HTML\"==t.tagName.toUpperCase()){t.ownerDocument;var r=o(window);return
        p(0,0,r.width,r.height)}try{e=t.getBoundingClientRect()}catch(i){return p(0,0,0,0)}return
        p(e.left,e.top,e.right-e.left,e.bottom-e.top)}function f(t){var e=1,n=window.getComputedStyle(t).opacity;n&&(e=Number(n));var
        r=D(t);return r&&r.nodeType==Node.ELEMENT_NODE&&(e*=f(r)),e}function h(t){var
        e=t.shape.toLowerCase(),n=t.coords.split(\",\");if(\"rect\"==e&&4==n.length){var
        r=n[0],i=n[1];return p(r,i,n[2]-r,n[3]-i)}if(\"circle\"==e&&3==n.length){var
        o=n[0],a=n[1],u=n[2];return p(o-u,a-u,2*u,2*u)}if(\"poly\"==e&&2<n.length){for(var
        l=n[0],d=n[1],f=l,h=d,s=2;s+1<n.length;s+=2)l=Math.min(l,n[s]),f=Math.max(f,n[s]),d=Math.min(d,n[s+1]),h=Math.max(h,n[s+1]);return
        p(l,d,f-l,h-d)}return p(0,0,0,0)}function s(t){var e=t.tagName.toUpperCase(),n=\"MAP\"==e;if(!n&&\"AREA\"!=e)return
        null;var r=n?t:\"MAP\"==D(t).tagName.toUpperCase()?D(t):null,i=null,o=null;if(r&&r.name&&((i=r.ownerDocument.querySelector(\"*[usemap=''#\"+r.name+\"'']\"))&&(o=x(i),!n&&\"default\"!=t.shape.toLowerCase()))){var
        a=h(t),u=Math.min(Math.max(a.left,0),o.width),l=Math.min(Math.max(a.top,0),o.height),d=Math.min(a.width,o.width-u),f=Math.min(a.height,o.height-l);o=p(u+o.left,l+o.top,d,f)}return{image:i,rect:o||p(0,0,0,0)}}function
        c(t,e){for(t&&(t=D(t));t;){if(e(t))return t;t=D(t)}return null}function r(t){var
        e=t.parentNode;if(e&&e.shadowRoot&&t.assignedSlot!==undefined)return t.assignedSlot?t.assignedSlot.parentNode:null;if(t.getDestinationInsertionPoints){var
        n=t.getDestinationInsertionPoints();if(0<n.length)return n[n.length-1]}return
        e}var T={NONE:\"none\",HIDDEN:\"hidden\",SCROLL:\"scroll\"};return function
        i(t,e){function n(t){if(\"none\"==window.getComputedStyle(t).display)return!1;var
        e=r(t);if(\"function\"==typeof ShadowRoot&&e instanceof ShadowRoot){if(e.host.shadowRoot!==e)return!1;e=e.host}return!(!e||e.nodeType!=Node.DOCUMENT_NODE&&e.nodeType!=Node.DOCUMENT_FRAGMENT_NODE)||!(e&&e.tagName&&\"DETAILS\"==e.tagName.toUpperCase()&&!e.open&&\"SUMMARY\"!=t.tagName)&&(e&&n(e))}return
        d(t,!!e,n)}})()).apply(null, arguments)","args":[{"element-6066-11e4-a52e-4f735466cecf":"662d5a8a-a56d-41ba-8dc1-6ddc9861d286"}]}'
    headers:
      Accept:
      - application/json
      Content-Type:
      - application/json; charset=UTF-8
      User-Agent:
      - selenium/3.142.7 (ruby linux)
      Content-Length:
      - '5067'
      Accept-Encoding:
      - gzip;q=1.0,deflate;q=0.6,identity;q=0.3
  response:
    status:
      code: 200
      message: OK
    headers:
      Content-Type:
      - application/json; charset=utf-8
      Cache-Control:
      - no-cache
      Content-Length:
      - '14'
      Date:
      - Sun, 18 Jul 2021 20:41:31 GMT
    body:
      encoding: UTF-8
      string: '{"value":true}'
  recorded_at: Sun, 18 Jul 2021 20:41:31 GMT
- request:
    method: post
    uri: http://127.0.0.1:4444/session/2c5315f8-dca5-4ea5-a96b-1e5c8da0fa85/element/662d5a8a-a56d-41ba-8dc1-6ddc9861d286/click
    body:
      encoding: UTF-8
      string: "{}"
    headers:
      Accept:
      - application/json
      Content-Type:
      - application/json; charset=UTF-8
      User-Agent:
      - selenium/3.142.7 (ruby linux)
      Content-Length:
      - '2'
      Accept-Encoding:
      - gzip;q=1.0,deflate;q=0.6,identity;q=0.3
  response:
    status:
      code: 200
      message: OK
    headers:
      Content-Type:
      - application/json; charset=utf-8
      Cache-Control:
      - no-cache
      Content-Length:
      - '14'
      Date:
      - Sun, 18 Jul 2021 20:41:31 GMT
    body:
      encoding: UTF-8
      string: '{"value":null}'
  recorded_at: Sun, 18 Jul 2021 20:41:31 GMT
- request:
    method: post
    uri: http://127.0.0.1:4444/session/972b3802-f062-40e9-9fcf-0877e25051f0/elements
    body:
      encoding: UTF-8
      string: '{"using":"xpath","value":"./descendant::*[self::input | self::textarea][not(((((((./@type
        = ''submit'') or (./@type = ''image'')) or (./@type = ''radio'')) or (./@type
        = ''checkbox'')) or (./@type = ''hidden'')) or (./@type = ''file'')))][((((./@id
        = ''cdm_url'') or (./@name = ''cdm_url'')) or (./@placeholder = ''cdm_url''))
        or (./@id = //label[(normalize-space(string(.)) = ''cdm_url'')]/@for))] |
        .//label[(normalize-space(string(.)) = ''cdm_url'')]//./descendant::*[self::input
        | self::textarea][not(((((((./@type = ''submit'') or (./@type = ''image''))
        or (./@type = ''radio'')) or (./@type = ''checkbox'')) or (./@type = ''hidden''))
        or (./@type = ''file'')))]"}'
    headers:
      Accept:
      - application/json
      Content-Type:
      - application/json; charset=UTF-8
      User-Agent:
      - selenium/3.142.7 (ruby linux)
      Content-Length:
      - '635'
      Accept-Encoding:
      - gzip;q=1.0,deflate;q=0.6,identity;q=0.3
  response:
    status:
      code: 200
      message: OK
    headers:
      Content-Type:
      - application/json; charset=utf-8
      Cache-Control:
      - no-cache
      Content-Length:
      - '90'
      Date:
      - Fri, 30 Jul 2021 18:32:23 GMT
    body:
      encoding: UTF-8
      string: '{"value":[{"element-6066-11e4-a52e-4f735466cecf":"3f65cc74-6c2c-4af3-a4bb-0c579e522aad"}]}'
  recorded_at: Fri, 30 Jul 2021 18:32:23 GMT
- request:
    method: post
    uri: http://127.0.0.1:4444/session/972b3802-f062-40e9-9fcf-0877e25051f0/execute/sync
    body:
      encoding: UTF-8
      string: '{"script":"return ((function(){function d(t,e,n){function r(t){var
        e=x(t);if(0<e.height&&0<e.width)return!0;if(\"PATH\"==t.tagName.toUpperCase()&&(0<e.height||0<e.width)){var
        n=window.getComputedStyle(t)[\"stroke-width\"];return!!n&&0<parseInt(n,10)}return\"hidden\"!=window.getComputedStyle(t).overflow&&Array.prototype.slice.call(t.childNodes).some(function(t){return
        t.nodeType==Node.TEXT_NODE||t.nodeType==Node.ELEMENT_NODE&&r(t)})}function
        i(t){return C(t)==T.HIDDEN&&Array.prototype.slice.call(t.childNodes).every(function(t){return
        t.nodeType!=Node.ELEMENT_NODE||i(t)||!r(t)})}var o=t.tagName.toUpperCase();if(\"BODY\"==o)return!0;if(\"OPTION\"==o||\"OPTGROUP\"==o){var
        a=c(t,function(t){return\"SELECT\"==t.tagName.toUpperCase()});return!!a&&d(a,!0,n)}var
        u=s(t);if(u)return!!u.image&&0<u.rect.width&&0<u.rect.height&&d(u.image,e,n);if(\"INPUT\"==o&&\"hidden\"==t.type.toLowerCase())return!1;if(\"NOSCRIPT\"==o)return!1;var
        l=window.getComputedStyle(t).visibility;return\"collapse\"!=l&&\"hidden\"!=l&&(!!n(t)&&(!(!e&&0==f(t))&&(!!r(t)&&!i(t))))}function
        E(t){var e=x(t);return{left:e.left,right:e.left+e.width,top:e.top,bottom:e.top+e.height}}function
        D(t){return t.parentElement}function C(t){function e(t){function e(t){if(t==u)return!0;var
        e=window.getComputedStyle(t),n=e.display;return 0!=n.indexOf(\"inline\")&&\"contents\"!=n&&(\"absolute\"!=r||\"static\"!=e.position)}var
        r=window.getComputedStyle(t).position;if(\"fixed\"==r)return i=!0,t==u?null:u;for(var
        n=D(t);n&&!e(n);)n=D(n);return n}function n(t){var e=t;if(\"visible\"==d)if(t==u&&l)e=l;else
        if(t==l)return{x:\"visible\",y:\"visible\"};var n=window.getComputedStyle(e),r={x:n[\"overflow-x\"],y:n[\"overflow-y\"]};return
        t==u&&(r.x=\"visible\"==r.x?\"auto\":r.x,r.y=\"visible\"==r.y?\"auto\":r.y),r}function
        r(t){return t==u?{x:window.scrollX,y:window.scrollY}:{x:t.scrollLeft,y:t.scrollTop}}for(var
        i,o=E(t),a=t.ownerDocument,u=a.documentElement,l=a.body,d=window.getComputedStyle(u).overflow,f=e(t);f;f=e(f)){var
        h=n(f);if(\"visible\"!=h.x||\"visible\"!=h.y){var s=x(f);if(0==s.width||0==s.height)return
        T.HIDDEN;var p=o.right<s.left,c=o.bottom<s.top;if(p&&\"hidden\"==h.x||c&&\"hidden\"==h.y)return
        T.HIDDEN;if(p&&\"visible\"!=h.x||c&&\"visible\"!=h.y){var v=r(f),g=o.right<s.left-v.x,w=o.bottom<s.top-v.y;return
        g&&\"visible\"!=h.x||w&&\"visible\"!=h.x?T.HIDDEN:C(f)==T.HIDDEN?T.HIDDEN:T.SCROLL}var
        N=o.left>=s.left+s.width,m=o.top>=s.top+s.height;if(N&&\"hidden\"==h.x||m&&\"hidden\"==h.y)return
        T.HIDDEN;if(N&&\"visible\"!=h.x||m&&\"visible\"!=h.y){if(i){var y=r(f);if(o.left>=u.scrollWidth-y.x||o.right>=u.scrollHeight-y.y)return
        T.HIDDEN}return C(f)==T.HIDDEN?T.HIDDEN:T.SCROLL}}}return T.NONE}function
        o(t){var e=t.document.documentElement;return{width:e.clientWidth,height:e.clientHeight}}function
        p(t,e,n,r){return{left:t,top:e,width:n,height:r}}function x(t){var e,n=s(t);if(n)return
        n.rect;if(\"HTML\"==t.tagName.toUpperCase()){t.ownerDocument;var r=o(window);return
        p(0,0,r.width,r.height)}try{e=t.getBoundingClientRect()}catch(i){return p(0,0,0,0)}return
        p(e.left,e.top,e.right-e.left,e.bottom-e.top)}function f(t){var e=1,n=window.getComputedStyle(t).opacity;n&&(e=Number(n));var
        r=D(t);return r&&r.nodeType==Node.ELEMENT_NODE&&(e*=f(r)),e}function h(t){var
        e=t.shape.toLowerCase(),n=t.coords.split(\",\");if(\"rect\"==e&&4==n.length){var
        r=n[0],i=n[1];return p(r,i,n[2]-r,n[3]-i)}if(\"circle\"==e&&3==n.length){var
        o=n[0],a=n[1],u=n[2];return p(o-u,a-u,2*u,2*u)}if(\"poly\"==e&&2<n.length){for(var
        l=n[0],d=n[1],f=l,h=d,s=2;s+1<n.length;s+=2)l=Math.min(l,n[s]),f=Math.max(f,n[s]),d=Math.min(d,n[s+1]),h=Math.max(h,n[s+1]);return
        p(l,d,f-l,h-d)}return p(0,0,0,0)}function s(t){var e=t.tagName.toUpperCase(),n=\"MAP\"==e;if(!n&&\"AREA\"!=e)return
        null;var r=n?t:\"MAP\"==D(t).tagName.toUpperCase()?D(t):null,i=null,o=null;if(r&&r.name&&((i=r.ownerDocument.querySelector(\"*[usemap=''#\"+r.name+\"'']\"))&&(o=x(i),!n&&\"default\"!=t.shape.toLowerCase()))){var
        a=h(t),u=Math.min(Math.max(a.left,0),o.width),l=Math.min(Math.max(a.top,0),o.height),d=Math.min(a.width,o.width-u),f=Math.min(a.height,o.height-l);o=p(u+o.left,l+o.top,d,f)}return{image:i,rect:o||p(0,0,0,0)}}function
        c(t,e){for(t&&(t=D(t));t;){if(e(t))return t;t=D(t)}return null}function r(t){var
        e=t.parentNode;if(e&&e.shadowRoot&&t.assignedSlot!==undefined)return t.assignedSlot?t.assignedSlot.parentNode:null;if(t.getDestinationInsertionPoints){var
        n=t.getDestinationInsertionPoints();if(0<n.length)return n[n.length-1]}return
        e}var T={NONE:\"none\",HIDDEN:\"hidden\",SCROLL:\"scroll\"};return function
        i(t,e){function n(t){if(\"none\"==window.getComputedStyle(t).display)return!1;var
        e=r(t);if(\"function\"==typeof ShadowRoot&&e instanceof ShadowRoot){if(e.host.shadowRoot!==e)return!1;e=e.host}return!(!e||e.nodeType!=Node.DOCUMENT_NODE&&e.nodeType!=Node.DOCUMENT_FRAGMENT_NODE)||!(e&&e.tagName&&\"DETAILS\"==e.tagName.toUpperCase()&&!e.open&&\"SUMMARY\"!=t.tagName)&&(e&&n(e))}return
        d(t,!!e,n)}})()).apply(null, arguments)","args":[{"element-6066-11e4-a52e-4f735466cecf":"3f65cc74-6c2c-4af3-a4bb-0c579e522aad"}]}'
    headers:
      Accept:
      - application/json
      Content-Type:
      - application/json; charset=UTF-8
      User-Agent:
      - selenium/3.142.7 (ruby linux)
      Content-Length:
      - '5067'
      Accept-Encoding:
      - gzip;q=1.0,deflate;q=0.6,identity;q=0.3
  response:
    status:
      code: 200
      message: OK
    headers:
      Content-Type:
      - application/json; charset=utf-8
      Cache-Control:
      - no-cache
      Content-Length:
      - '14'
      Date:
      - Fri, 30 Jul 2021 18:32:23 GMT
    body:
      encoding: UTF-8
      string: '{"value":true}'
  recorded_at: Fri, 30 Jul 2021 18:32:23 GMT
- request:
    method: post
    uri: http://127.0.0.1:4444/session/972b3802-f062-40e9-9fcf-0877e25051f0/execute/sync
    body:
      encoding: UTF-8
      string: '{"script":"return arguments[0].matches('':disabled, select:disabled
        *'')","args":[{"element-6066-11e4-a52e-4f735466cecf":"3f65cc74-6c2c-4af3-a4bb-0c579e522aad"}]}'
    headers:
      Accept:
      - application/json
      Content-Type:
      - application/json; charset=UTF-8
      User-Agent:
      - selenium/3.142.7 (ruby linux)
      Content-Length:
      - '160'
      Accept-Encoding:
      - gzip;q=1.0,deflate;q=0.6,identity;q=0.3
  response:
    status:
      code: 200
      message: OK
    headers:
      Content-Type:
      - application/json; charset=utf-8
      Cache-Control:
      - no-cache
      Content-Length:
      - '15'
      Date:
      - Fri, 30 Jul 2021 18:32:23 GMT
    body:
      encoding: UTF-8
      string: '{"value":false}'
  recorded_at: Fri, 30 Jul 2021 18:32:23 GMT
- request:
    method: post
    uri: http://127.0.0.1:4444/session/972b3802-f062-40e9-9fcf-0877e25051f0/execute/sync
    body:
      encoding: UTF-8
      string: '{"script":"return (function(el, names){\n  return names.map(function(name){\n    return
        el[name]\n  });\n})(arguments[0], arguments[1]);\n","args":[{"element-6066-11e4-a52e-4f735466cecf":"3f65cc74-6c2c-4af3-a4bb-0c579e522aad"},["tagName","type"]]}'
    headers:
      Accept:
      - application/json
      Content-Type:
      - application/json; charset=UTF-8
      User-Agent:
      - selenium/3.142.7 (ruby linux)
      Content-Length:
      - '247'
      Accept-Encoding:
      - gzip;q=1.0,deflate;q=0.6,identity;q=0.3
  response:
    status:
      code: 200
      message: OK
    headers:
      Content-Type:
      - application/json; charset=utf-8
      Cache-Control:
      - no-cache
      Content-Length:
      - '26'
      Date:
      - Fri, 30 Jul 2021 18:32:23 GMT
    body:
      encoding: UTF-8
      string: '{"value":["INPUT","text"]}'
  recorded_at: Fri, 30 Jul 2021 18:32:23 GMT
- request:
    method: post
    uri: http://127.0.0.1:4444/session/972b3802-f062-40e9-9fcf-0877e25051f0/execute/sync
    body:
      encoding: UTF-8
      string: '{"script":"arguments[0].select()","args":[{"element-6066-11e4-a52e-4f735466cecf":"3f65cc74-6c2c-4af3-a4bb-0c579e522aad"}]}'
    headers:
      Accept:
      - application/json
      Content-Type:
      - application/json; charset=UTF-8
      User-Agent:
      - selenium/3.142.7 (ruby linux)
      Content-Length:
      - '122'
      Accept-Encoding:
      - gzip;q=1.0,deflate;q=0.6,identity;q=0.3
  response:
    status:
      code: 200
      message: OK
    headers:
      Content-Type:
      - application/json; charset=utf-8
      Cache-Control:
      - no-cache
      Content-Length:
      - '14'
      Date:
      - Fri, 30 Jul 2021 18:32:23 GMT
    body:
      encoding: UTF-8
      string: '{"value":null}'
  recorded_at: Fri, 30 Jul 2021 18:32:23 GMT
- request:
    method: post
    uri: http://127.0.0.1:4444/session/972b3802-f062-40e9-9fcf-0877e25051f0/element/3f65cc74-6c2c-4af3-a4bb-0c579e522aad/value
    body:
      encoding: UTF-8
      string: '{"value":["h","t","t","p"],"text":"http"}'
    headers:
      Accept:
      - application/json
      Content-Type:
      - application/json; charset=UTF-8
      User-Agent:
      - selenium/3.142.7 (ruby linux)
      Content-Length:
      - '41'
      Accept-Encoding:
      - gzip;q=1.0,deflate;q=0.6,identity;q=0.3
  response:
    status:
      code: 200
      message: OK
    headers:
      Content-Type:
      - application/json; charset=utf-8
      Cache-Control:
      - no-cache
      Content-Length:
      - '14'
      Date:
      - Fri, 30 Jul 2021 18:32:23 GMT
    body:
      encoding: UTF-8
      string: '{"value":null}'
  recorded_at: Fri, 30 Jul 2021 18:32:23 GMT
- request:
    method: post
    uri: http://127.0.0.1:4444/session/972b3802-f062-40e9-9fcf-0877e25051f0/execute/sync
    body:
      encoding: UTF-8
      string: '{"script":"(function(el, value) {\n  value = el.value + value;\n  if
        (el.maxLength && el.maxLength != -1){\n    value = value.slice(0, el.maxLength);\n  }\n  el.value
        = value;\n})(arguments[0], arguments[1])\n","args":[{"element-6066-11e4-a52e-4f735466cecf":"3f65cc74-6c2c-4af3-a4bb-0c579e522aad"},"s://cdm16488.contentdm.oclc.org/digital/collection/MPD01/i"]}'
    headers:
      Accept:
      - application/json
      Content-Type:
      - application/json; charset=UTF-8
      User-Agent:
      - selenium/3.142.7 (ruby linux)
      Content-Length:
      - '360'
      Accept-Encoding:
      - gzip;q=1.0,deflate;q=0.6,identity;q=0.3
  response:
    status:
      code: 200
      message: OK
    headers:
      Content-Type:
      - application/json; charset=utf-8
      Cache-Control:
      - no-cache
      Content-Length:
      - '14'
      Date:
      - Fri, 30 Jul 2021 18:32:23 GMT
    body:
      encoding: UTF-8
      string: '{"value":null}'
  recorded_at: Fri, 30 Jul 2021 18:32:23 GMT
- request:
    method: post
    uri: http://127.0.0.1:4444/session/972b3802-f062-40e9-9fcf-0877e25051f0/element/3f65cc74-6c2c-4af3-a4bb-0c579e522aad/value
    body:
      encoding: UTF-8
      string: '{"value":["d","/","2"],"text":"d/2"}'
    headers:
      Accept:
      - application/json
      Content-Type:
      - application/json; charset=UTF-8
      User-Agent:
      - selenium/3.142.7 (ruby linux)
      Content-Length:
      - '36'
      Accept-Encoding:
      - gzip;q=1.0,deflate;q=0.6,identity;q=0.3
  response:
    status:
      code: 200
      message: OK
    headers:
      Content-Type:
      - application/json; charset=utf-8
      Cache-Control:
      - no-cache
      Content-Length:
      - '14'
      Date:
      - Fri, 30 Jul 2021 18:32:23 GMT
    body:
      encoding: UTF-8
      string: '{"value":null}'
  recorded_at: Fri, 30 Jul 2021 18:32:23 GMT
- request:
    method: post
    uri: http://127.0.0.1:4444/session/972b3802-f062-40e9-9fcf-0877e25051f0/elements
    body:
      encoding: UTF-8
      string: '{"using":"css selector","value":"#cdm_import"}'
    headers:
      Accept:
      - application/json
      Content-Type:
      - application/json; charset=UTF-8
      User-Agent:
      - selenium/3.142.7 (ruby linux)
      Content-Length:
      - '46'
      Accept-Encoding:
      - gzip;q=1.0,deflate;q=0.6,identity;q=0.3
  response:
    status:
      code: 200
      message: OK
    headers:
      Content-Type:
      - application/json; charset=utf-8
      Cache-Control:
      - no-cache
      Content-Length:
      - '90'
      Date:
      - Fri, 30 Jul 2021 18:32:23 GMT
    body:
      encoding: UTF-8
      string: '{"value":[{"element-6066-11e4-a52e-4f735466cecf":"44ef3d6f-8afd-49e8-ae50-46246217a478"}]}'
  recorded_at: Fri, 30 Jul 2021 18:32:23 GMT
- request:
    method: post
    uri: http://127.0.0.1:4444/session/972b3802-f062-40e9-9fcf-0877e25051f0/execute/sync
    body:
      encoding: UTF-8
      string: '{"script":"return ((function(){function d(t,e,n){function r(t){var
        e=x(t);if(0<e.height&&0<e.width)return!0;if(\"PATH\"==t.tagName.toUpperCase()&&(0<e.height||0<e.width)){var
        n=window.getComputedStyle(t)[\"stroke-width\"];return!!n&&0<parseInt(n,10)}return\"hidden\"!=window.getComputedStyle(t).overflow&&Array.prototype.slice.call(t.childNodes).some(function(t){return
        t.nodeType==Node.TEXT_NODE||t.nodeType==Node.ELEMENT_NODE&&r(t)})}function
        i(t){return C(t)==T.HIDDEN&&Array.prototype.slice.call(t.childNodes).every(function(t){return
        t.nodeType!=Node.ELEMENT_NODE||i(t)||!r(t)})}var o=t.tagName.toUpperCase();if(\"BODY\"==o)return!0;if(\"OPTION\"==o||\"OPTGROUP\"==o){var
        a=c(t,function(t){return\"SELECT\"==t.tagName.toUpperCase()});return!!a&&d(a,!0,n)}var
        u=s(t);if(u)return!!u.image&&0<u.rect.width&&0<u.rect.height&&d(u.image,e,n);if(\"INPUT\"==o&&\"hidden\"==t.type.toLowerCase())return!1;if(\"NOSCRIPT\"==o)return!1;var
        l=window.getComputedStyle(t).visibility;return\"collapse\"!=l&&\"hidden\"!=l&&(!!n(t)&&(!(!e&&0==f(t))&&(!!r(t)&&!i(t))))}function
        E(t){var e=x(t);return{left:e.left,right:e.left+e.width,top:e.top,bottom:e.top+e.height}}function
        D(t){return t.parentElement}function C(t){function e(t){function e(t){if(t==u)return!0;var
        e=window.getComputedStyle(t),n=e.display;return 0!=n.indexOf(\"inline\")&&\"contents\"!=n&&(\"absolute\"!=r||\"static\"!=e.position)}var
        r=window.getComputedStyle(t).position;if(\"fixed\"==r)return i=!0,t==u?null:u;for(var
        n=D(t);n&&!e(n);)n=D(n);return n}function n(t){var e=t;if(\"visible\"==d)if(t==u&&l)e=l;else
        if(t==l)return{x:\"visible\",y:\"visible\"};var n=window.getComputedStyle(e),r={x:n[\"overflow-x\"],y:n[\"overflow-y\"]};return
        t==u&&(r.x=\"visible\"==r.x?\"auto\":r.x,r.y=\"visible\"==r.y?\"auto\":r.y),r}function
        r(t){return t==u?{x:window.scrollX,y:window.scrollY}:{x:t.scrollLeft,y:t.scrollTop}}for(var
        i,o=E(t),a=t.ownerDocument,u=a.documentElement,l=a.body,d=window.getComputedStyle(u).overflow,f=e(t);f;f=e(f)){var
        h=n(f);if(\"visible\"!=h.x||\"visible\"!=h.y){var s=x(f);if(0==s.width||0==s.height)return
        T.HIDDEN;var p=o.right<s.left,c=o.bottom<s.top;if(p&&\"hidden\"==h.x||c&&\"hidden\"==h.y)return
        T.HIDDEN;if(p&&\"visible\"!=h.x||c&&\"visible\"!=h.y){var v=r(f),g=o.right<s.left-v.x,w=o.bottom<s.top-v.y;return
        g&&\"visible\"!=h.x||w&&\"visible\"!=h.x?T.HIDDEN:C(f)==T.HIDDEN?T.HIDDEN:T.SCROLL}var
        N=o.left>=s.left+s.width,m=o.top>=s.top+s.height;if(N&&\"hidden\"==h.x||m&&\"hidden\"==h.y)return
        T.HIDDEN;if(N&&\"visible\"!=h.x||m&&\"visible\"!=h.y){if(i){var y=r(f);if(o.left>=u.scrollWidth-y.x||o.right>=u.scrollHeight-y.y)return
        T.HIDDEN}return C(f)==T.HIDDEN?T.HIDDEN:T.SCROLL}}}return T.NONE}function
        o(t){var e=t.document.documentElement;return{width:e.clientWidth,height:e.clientHeight}}function
        p(t,e,n,r){return{left:t,top:e,width:n,height:r}}function x(t){var e,n=s(t);if(n)return
        n.rect;if(\"HTML\"==t.tagName.toUpperCase()){t.ownerDocument;var r=o(window);return
        p(0,0,r.width,r.height)}try{e=t.getBoundingClientRect()}catch(i){return p(0,0,0,0)}return
        p(e.left,e.top,e.right-e.left,e.bottom-e.top)}function f(t){var e=1,n=window.getComputedStyle(t).opacity;n&&(e=Number(n));var
        r=D(t);return r&&r.nodeType==Node.ELEMENT_NODE&&(e*=f(r)),e}function h(t){var
        e=t.shape.toLowerCase(),n=t.coords.split(\",\");if(\"rect\"==e&&4==n.length){var
        r=n[0],i=n[1];return p(r,i,n[2]-r,n[3]-i)}if(\"circle\"==e&&3==n.length){var
        o=n[0],a=n[1],u=n[2];return p(o-u,a-u,2*u,2*u)}if(\"poly\"==e&&2<n.length){for(var
        l=n[0],d=n[1],f=l,h=d,s=2;s+1<n.length;s+=2)l=Math.min(l,n[s]),f=Math.max(f,n[s]),d=Math.min(d,n[s+1]),h=Math.max(h,n[s+1]);return
        p(l,d,f-l,h-d)}return p(0,0,0,0)}function s(t){var e=t.tagName.toUpperCase(),n=\"MAP\"==e;if(!n&&\"AREA\"!=e)return
        null;var r=n?t:\"MAP\"==D(t).tagName.toUpperCase()?D(t):null,i=null,o=null;if(r&&r.name&&((i=r.ownerDocument.querySelector(\"*[usemap=''#\"+r.name+\"'']\"))&&(o=x(i),!n&&\"default\"!=t.shape.toLowerCase()))){var
        a=h(t),u=Math.min(Math.max(a.left,0),o.width),l=Math.min(Math.max(a.top,0),o.height),d=Math.min(a.width,o.width-u),f=Math.min(a.height,o.height-l);o=p(u+o.left,l+o.top,d,f)}return{image:i,rect:o||p(0,0,0,0)}}function
        c(t,e){for(t&&(t=D(t));t;){if(e(t))return t;t=D(t)}return null}function r(t){var
        e=t.parentNode;if(e&&e.shadowRoot&&t.assignedSlot!==undefined)return t.assignedSlot?t.assignedSlot.parentNode:null;if(t.getDestinationInsertionPoints){var
        n=t.getDestinationInsertionPoints();if(0<n.length)return n[n.length-1]}return
        e}var T={NONE:\"none\",HIDDEN:\"hidden\",SCROLL:\"scroll\"};return function
        i(t,e){function n(t){if(\"none\"==window.getComputedStyle(t).display)return!1;var
        e=r(t);if(\"function\"==typeof ShadowRoot&&e instanceof ShadowRoot){if(e.host.shadowRoot!==e)return!1;e=e.host}return!(!e||e.nodeType!=Node.DOCUMENT_NODE&&e.nodeType!=Node.DOCUMENT_FRAGMENT_NODE)||!(e&&e.tagName&&\"DETAILS\"==e.tagName.toUpperCase()&&!e.open&&\"SUMMARY\"!=t.tagName)&&(e&&n(e))}return
        d(t,!!e,n)}})()).apply(null, arguments)","args":[{"element-6066-11e4-a52e-4f735466cecf":"44ef3d6f-8afd-49e8-ae50-46246217a478"}]}'
    headers:
      Accept:
      - application/json
      Content-Type:
      - application/json; charset=UTF-8
      User-Agent:
      - selenium/3.142.7 (ruby linux)
      Content-Length:
      - '5067'
      Accept-Encoding:
      - gzip;q=1.0,deflate;q=0.6,identity;q=0.3
  response:
    status:
      code: 200
      message: OK
    headers:
      Content-Type:
      - application/json; charset=utf-8
      Cache-Control:
      - no-cache
      Content-Length:
      - '14'
      Date:
      - Fri, 30 Jul 2021 18:32:23 GMT
    body:
      encoding: UTF-8
      string: '{"value":true}'
  recorded_at: Fri, 30 Jul 2021 18:32:23 GMT
- request:
    method: post
    uri: http://127.0.0.1:4444/session/972b3802-f062-40e9-9fcf-0877e25051f0/element/44ef3d6f-8afd-49e8-ae50-46246217a478/click
    body:
      encoding: UTF-8
      string: "{}"
    headers:
      Accept:
      - application/json
      Content-Type:
      - application/json; charset=UTF-8
      User-Agent:
      - selenium/3.142.7 (ruby linux)
      Content-Length:
      - '2'
      Accept-Encoding:
      - gzip;q=1.0,deflate;q=0.6,identity;q=0.3
  response:
    status:
      code: 200
      message: OK
    headers:
      Content-Type:
      - application/json; charset=utf-8
      Cache-Control:
      - no-cache
      Content-Length:
      - '14'
      Date:
      - Fri, 30 Jul 2021 18:32:23 GMT
    body:
      encoding: UTF-8
      string: '{"value":null}'
  recorded_at: Fri, 30 Jul 2021 18:32:23 GMT
- request:
    method: post
    uri: http://127.0.0.1:4444/session/9e6b632c-7ccb-430a-bab9-eb79950e0f8a/elements
    body:
      encoding: UTF-8
      string: '{"using":"xpath","value":"./descendant::*[self::input | self::textarea][not(((((((./@type
        = ''submit'') or (./@type = ''image'')) or (./@type = ''radio'')) or (./@type
        = ''checkbox'')) or (./@type = ''hidden'')) or (./@type = ''file'')))][((((./@id
        = ''cdm_url'') or (./@name = ''cdm_url'')) or (./@placeholder = ''cdm_url''))
        or (./@id = //label[(normalize-space(string(.)) = ''cdm_url'')]/@for))] |
        .//label[(normalize-space(string(.)) = ''cdm_url'')]//./descendant::*[self::input
        | self::textarea][not(((((((./@type = ''submit'') or (./@type = ''image''))
        or (./@type = ''radio'')) or (./@type = ''checkbox'')) or (./@type = ''hidden''))
        or (./@type = ''file'')))]"}'
    headers:
      Accept:
      - application/json
      Content-Type:
      - application/json; charset=UTF-8
      User-Agent:
      - selenium/3.142.7 (ruby linux)
      Content-Length:
      - '635'
      Accept-Encoding:
      - gzip;q=1.0,deflate;q=0.6,identity;q=0.3
  response:
    status:
      code: 200
      message: OK
    headers:
      Content-Type:
      - application/json; charset=utf-8
      Cache-Control:
      - no-cache
      Content-Length:
      - '90'
      Date:
      - Fri, 30 Jul 2021 18:46:34 GMT
    body:
      encoding: UTF-8
      string: '{"value":[{"element-6066-11e4-a52e-4f735466cecf":"325d1abc-9a83-4853-9273-4a2bfaf59090"}]}'
  recorded_at: Fri, 30 Jul 2021 18:46:34 GMT
- request:
    method: post
    uri: http://127.0.0.1:4444/session/9e6b632c-7ccb-430a-bab9-eb79950e0f8a/execute/sync
    body:
      encoding: UTF-8
      string: '{"script":"return ((function(){function d(t,e,n){function r(t){var
        e=x(t);if(0<e.height&&0<e.width)return!0;if(\"PATH\"==t.tagName.toUpperCase()&&(0<e.height||0<e.width)){var
        n=window.getComputedStyle(t)[\"stroke-width\"];return!!n&&0<parseInt(n,10)}return\"hidden\"!=window.getComputedStyle(t).overflow&&Array.prototype.slice.call(t.childNodes).some(function(t){return
        t.nodeType==Node.TEXT_NODE||t.nodeType==Node.ELEMENT_NODE&&r(t)})}function
        i(t){return C(t)==T.HIDDEN&&Array.prototype.slice.call(t.childNodes).every(function(t){return
        t.nodeType!=Node.ELEMENT_NODE||i(t)||!r(t)})}var o=t.tagName.toUpperCase();if(\"BODY\"==o)return!0;if(\"OPTION\"==o||\"OPTGROUP\"==o){var
        a=c(t,function(t){return\"SELECT\"==t.tagName.toUpperCase()});return!!a&&d(a,!0,n)}var
        u=s(t);if(u)return!!u.image&&0<u.rect.width&&0<u.rect.height&&d(u.image,e,n);if(\"INPUT\"==o&&\"hidden\"==t.type.toLowerCase())return!1;if(\"NOSCRIPT\"==o)return!1;var
        l=window.getComputedStyle(t).visibility;return\"collapse\"!=l&&\"hidden\"!=l&&(!!n(t)&&(!(!e&&0==f(t))&&(!!r(t)&&!i(t))))}function
        E(t){var e=x(t);return{left:e.left,right:e.left+e.width,top:e.top,bottom:e.top+e.height}}function
        D(t){return t.parentElement}function C(t){function e(t){function e(t){if(t==u)return!0;var
        e=window.getComputedStyle(t),n=e.display;return 0!=n.indexOf(\"inline\")&&\"contents\"!=n&&(\"absolute\"!=r||\"static\"!=e.position)}var
        r=window.getComputedStyle(t).position;if(\"fixed\"==r)return i=!0,t==u?null:u;for(var
        n=D(t);n&&!e(n);)n=D(n);return n}function n(t){var e=t;if(\"visible\"==d)if(t==u&&l)e=l;else
        if(t==l)return{x:\"visible\",y:\"visible\"};var n=window.getComputedStyle(e),r={x:n[\"overflow-x\"],y:n[\"overflow-y\"]};return
        t==u&&(r.x=\"visible\"==r.x?\"auto\":r.x,r.y=\"visible\"==r.y?\"auto\":r.y),r}function
        r(t){return t==u?{x:window.scrollX,y:window.scrollY}:{x:t.scrollLeft,y:t.scrollTop}}for(var
        i,o=E(t),a=t.ownerDocument,u=a.documentElement,l=a.body,d=window.getComputedStyle(u).overflow,f=e(t);f;f=e(f)){var
        h=n(f);if(\"visible\"!=h.x||\"visible\"!=h.y){var s=x(f);if(0==s.width||0==s.height)return
        T.HIDDEN;var p=o.right<s.left,c=o.bottom<s.top;if(p&&\"hidden\"==h.x||c&&\"hidden\"==h.y)return
        T.HIDDEN;if(p&&\"visible\"!=h.x||c&&\"visible\"!=h.y){var v=r(f),g=o.right<s.left-v.x,w=o.bottom<s.top-v.y;return
        g&&\"visible\"!=h.x||w&&\"visible\"!=h.x?T.HIDDEN:C(f)==T.HIDDEN?T.HIDDEN:T.SCROLL}var
        N=o.left>=s.left+s.width,m=o.top>=s.top+s.height;if(N&&\"hidden\"==h.x||m&&\"hidden\"==h.y)return
        T.HIDDEN;if(N&&\"visible\"!=h.x||m&&\"visible\"!=h.y){if(i){var y=r(f);if(o.left>=u.scrollWidth-y.x||o.right>=u.scrollHeight-y.y)return
        T.HIDDEN}return C(f)==T.HIDDEN?T.HIDDEN:T.SCROLL}}}return T.NONE}function
        o(t){var e=t.document.documentElement;return{width:e.clientWidth,height:e.clientHeight}}function
        p(t,e,n,r){return{left:t,top:e,width:n,height:r}}function x(t){var e,n=s(t);if(n)return
        n.rect;if(\"HTML\"==t.tagName.toUpperCase()){t.ownerDocument;var r=o(window);return
        p(0,0,r.width,r.height)}try{e=t.getBoundingClientRect()}catch(i){return p(0,0,0,0)}return
        p(e.left,e.top,e.right-e.left,e.bottom-e.top)}function f(t){var e=1,n=window.getComputedStyle(t).opacity;n&&(e=Number(n));var
        r=D(t);return r&&r.nodeType==Node.ELEMENT_NODE&&(e*=f(r)),e}function h(t){var
        e=t.shape.toLowerCase(),n=t.coords.split(\",\");if(\"rect\"==e&&4==n.length){var
        r=n[0],i=n[1];return p(r,i,n[2]-r,n[3]-i)}if(\"circle\"==e&&3==n.length){var
        o=n[0],a=n[1],u=n[2];return p(o-u,a-u,2*u,2*u)}if(\"poly\"==e&&2<n.length){for(var
        l=n[0],d=n[1],f=l,h=d,s=2;s+1<n.length;s+=2)l=Math.min(l,n[s]),f=Math.max(f,n[s]),d=Math.min(d,n[s+1]),h=Math.max(h,n[s+1]);return
        p(l,d,f-l,h-d)}return p(0,0,0,0)}function s(t){var e=t.tagName.toUpperCase(),n=\"MAP\"==e;if(!n&&\"AREA\"!=e)return
        null;var r=n?t:\"MAP\"==D(t).tagName.toUpperCase()?D(t):null,i=null,o=null;if(r&&r.name&&((i=r.ownerDocument.querySelector(\"*[usemap=''#\"+r.name+\"'']\"))&&(o=x(i),!n&&\"default\"!=t.shape.toLowerCase()))){var
        a=h(t),u=Math.min(Math.max(a.left,0),o.width),l=Math.min(Math.max(a.top,0),o.height),d=Math.min(a.width,o.width-u),f=Math.min(a.height,o.height-l);o=p(u+o.left,l+o.top,d,f)}return{image:i,rect:o||p(0,0,0,0)}}function
        c(t,e){for(t&&(t=D(t));t;){if(e(t))return t;t=D(t)}return null}function r(t){var
        e=t.parentNode;if(e&&e.shadowRoot&&t.assignedSlot!==undefined)return t.assignedSlot?t.assignedSlot.parentNode:null;if(t.getDestinationInsertionPoints){var
        n=t.getDestinationInsertionPoints();if(0<n.length)return n[n.length-1]}return
        e}var T={NONE:\"none\",HIDDEN:\"hidden\",SCROLL:\"scroll\"};return function
        i(t,e){function n(t){if(\"none\"==window.getComputedStyle(t).display)return!1;var
        e=r(t);if(\"function\"==typeof ShadowRoot&&e instanceof ShadowRoot){if(e.host.shadowRoot!==e)return!1;e=e.host}return!(!e||e.nodeType!=Node.DOCUMENT_NODE&&e.nodeType!=Node.DOCUMENT_FRAGMENT_NODE)||!(e&&e.tagName&&\"DETAILS\"==e.tagName.toUpperCase()&&!e.open&&\"SUMMARY\"!=t.tagName)&&(e&&n(e))}return
        d(t,!!e,n)}})()).apply(null, arguments)","args":[{"element-6066-11e4-a52e-4f735466cecf":"325d1abc-9a83-4853-9273-4a2bfaf59090"}]}'
    headers:
      Accept:
      - application/json
      Content-Type:
      - application/json; charset=UTF-8
      User-Agent:
      - selenium/3.142.7 (ruby linux)
      Content-Length:
      - '5067'
      Accept-Encoding:
      - gzip;q=1.0,deflate;q=0.6,identity;q=0.3
  response:
    status:
      code: 200
      message: OK
    headers:
      Content-Type:
      - application/json; charset=utf-8
      Cache-Control:
      - no-cache
      Content-Length:
      - '14'
      Date:
      - Fri, 30 Jul 2021 18:46:34 GMT
    body:
      encoding: UTF-8
      string: '{"value":true}'
  recorded_at: Fri, 30 Jul 2021 18:46:34 GMT
- request:
    method: post
    uri: http://127.0.0.1:4444/session/9e6b632c-7ccb-430a-bab9-eb79950e0f8a/execute/sync
    body:
      encoding: UTF-8
      string: '{"script":"return arguments[0].matches('':disabled, select:disabled
        *'')","args":[{"element-6066-11e4-a52e-4f735466cecf":"325d1abc-9a83-4853-9273-4a2bfaf59090"}]}'
    headers:
      Accept:
      - application/json
      Content-Type:
      - application/json; charset=UTF-8
      User-Agent:
      - selenium/3.142.7 (ruby linux)
      Content-Length:
      - '160'
      Accept-Encoding:
      - gzip;q=1.0,deflate;q=0.6,identity;q=0.3
  response:
    status:
      code: 200
      message: OK
    headers:
      Content-Type:
      - application/json; charset=utf-8
      Cache-Control:
      - no-cache
      Content-Length:
      - '15'
      Date:
      - Fri, 30 Jul 2021 18:46:34 GMT
    body:
      encoding: UTF-8
      string: '{"value":false}'
  recorded_at: Fri, 30 Jul 2021 18:46:34 GMT
- request:
    method: post
    uri: http://127.0.0.1:4444/session/9e6b632c-7ccb-430a-bab9-eb79950e0f8a/execute/sync
    body:
      encoding: UTF-8
      string: '{"script":"return (function(el, names){\n  return names.map(function(name){\n    return
        el[name]\n  });\n})(arguments[0], arguments[1]);\n","args":[{"element-6066-11e4-a52e-4f735466cecf":"325d1abc-9a83-4853-9273-4a2bfaf59090"},["tagName","type"]]}'
    headers:
      Accept:
      - application/json
      Content-Type:
      - application/json; charset=UTF-8
      User-Agent:
      - selenium/3.142.7 (ruby linux)
      Content-Length:
      - '247'
      Accept-Encoding:
      - gzip;q=1.0,deflate;q=0.6,identity;q=0.3
  response:
    status:
      code: 200
      message: OK
    headers:
      Content-Type:
      - application/json; charset=utf-8
      Cache-Control:
      - no-cache
      Content-Length:
      - '26'
      Date:
      - Fri, 30 Jul 2021 18:46:34 GMT
    body:
      encoding: UTF-8
      string: '{"value":["INPUT","text"]}'
  recorded_at: Fri, 30 Jul 2021 18:46:34 GMT
- request:
    method: post
    uri: http://127.0.0.1:4444/session/9e6b632c-7ccb-430a-bab9-eb79950e0f8a/execute/sync
    body:
      encoding: UTF-8
      string: '{"script":"arguments[0].select()","args":[{"element-6066-11e4-a52e-4f735466cecf":"325d1abc-9a83-4853-9273-4a2bfaf59090"}]}'
    headers:
      Accept:
      - application/json
      Content-Type:
      - application/json; charset=UTF-8
      User-Agent:
      - selenium/3.142.7 (ruby linux)
      Content-Length:
      - '122'
      Accept-Encoding:
      - gzip;q=1.0,deflate;q=0.6,identity;q=0.3
  response:
    status:
      code: 200
      message: OK
    headers:
      Content-Type:
      - application/json; charset=utf-8
      Cache-Control:
      - no-cache
      Content-Length:
      - '14'
      Date:
      - Fri, 30 Jul 2021 18:46:34 GMT
    body:
      encoding: UTF-8
      string: '{"value":null}'
  recorded_at: Fri, 30 Jul 2021 18:46:34 GMT
- request:
    method: post
    uri: http://127.0.0.1:4444/session/9e6b632c-7ccb-430a-bab9-eb79950e0f8a/element/325d1abc-9a83-4853-9273-4a2bfaf59090/value
    body:
      encoding: UTF-8
      string: '{"value":["h","t","t","p"],"text":"http"}'
    headers:
      Accept:
      - application/json
      Content-Type:
      - application/json; charset=UTF-8
      User-Agent:
      - selenium/3.142.7 (ruby linux)
      Content-Length:
      - '41'
      Accept-Encoding:
      - gzip;q=1.0,deflate;q=0.6,identity;q=0.3
  response:
    status:
      code: 200
      message: OK
    headers:
      Content-Type:
      - application/json; charset=utf-8
      Cache-Control:
      - no-cache
      Content-Length:
      - '14'
      Date:
      - Fri, 30 Jul 2021 18:46:34 GMT
    body:
      encoding: UTF-8
      string: '{"value":null}'
  recorded_at: Fri, 30 Jul 2021 18:46:34 GMT
- request:
    method: post
    uri: http://127.0.0.1:4444/session/9e6b632c-7ccb-430a-bab9-eb79950e0f8a/execute/sync
    body:
      encoding: UTF-8
      string: '{"script":"(function(el, value) {\n  value = el.value + value;\n  if
        (el.maxLength && el.maxLength != -1){\n    value = value.slice(0, el.maxLength);\n  }\n  el.value
        = value;\n})(arguments[0], arguments[1])\n","args":[{"element-6066-11e4-a52e-4f735466cecf":"325d1abc-9a83-4853-9273-4a2bfaf59090"},"s://cdm16488.contentdm.oclc.org/digital/collection/MPD01/i"]}'
    headers:
      Accept:
      - application/json
      Content-Type:
      - application/json; charset=UTF-8
      User-Agent:
      - selenium/3.142.7 (ruby linux)
      Content-Length:
      - '360'
      Accept-Encoding:
      - gzip;q=1.0,deflate;q=0.6,identity;q=0.3
  response:
    status:
      code: 200
      message: OK
    headers:
      Content-Type:
      - application/json; charset=utf-8
      Cache-Control:
      - no-cache
      Content-Length:
      - '14'
      Date:
      - Fri, 30 Jul 2021 18:46:34 GMT
    body:
      encoding: UTF-8
      string: '{"value":null}'
  recorded_at: Fri, 30 Jul 2021 18:46:34 GMT
- request:
    method: post
    uri: http://127.0.0.1:4444/session/9e6b632c-7ccb-430a-bab9-eb79950e0f8a/element/325d1abc-9a83-4853-9273-4a2bfaf59090/value
    body:
      encoding: UTF-8
      string: '{"value":["d","/","2"],"text":"d/2"}'
    headers:
      Accept:
      - application/json
      Content-Type:
      - application/json; charset=UTF-8
      User-Agent:
      - selenium/3.142.7 (ruby linux)
      Content-Length:
      - '36'
      Accept-Encoding:
      - gzip;q=1.0,deflate;q=0.6,identity;q=0.3
  response:
    status:
      code: 200
      message: OK
    headers:
      Content-Type:
      - application/json; charset=utf-8
      Cache-Control:
      - no-cache
      Content-Length:
      - '14'
      Date:
      - Fri, 30 Jul 2021 18:46:34 GMT
    body:
      encoding: UTF-8
      string: '{"value":null}'
  recorded_at: Fri, 30 Jul 2021 18:46:35 GMT
- request:
    method: post
    uri: http://127.0.0.1:4444/session/9e6b632c-7ccb-430a-bab9-eb79950e0f8a/elements
    body:
      encoding: UTF-8
      string: '{"using":"css selector","value":"#cdm_import"}'
    headers:
      Accept:
      - application/json
      Content-Type:
      - application/json; charset=UTF-8
      User-Agent:
      - selenium/3.142.7 (ruby linux)
      Content-Length:
      - '46'
      Accept-Encoding:
      - gzip;q=1.0,deflate;q=0.6,identity;q=0.3
  response:
    status:
      code: 200
      message: OK
    headers:
      Content-Type:
      - application/json; charset=utf-8
      Cache-Control:
      - no-cache
      Content-Length:
      - '90'
      Date:
      - Fri, 30 Jul 2021 18:46:35 GMT
    body:
      encoding: UTF-8
      string: '{"value":[{"element-6066-11e4-a52e-4f735466cecf":"4cd56444-c584-4168-8a0c-b8c6041cb98a"}]}'
  recorded_at: Fri, 30 Jul 2021 18:46:35 GMT
- request:
    method: post
    uri: http://127.0.0.1:4444/session/9e6b632c-7ccb-430a-bab9-eb79950e0f8a/execute/sync
    body:
      encoding: UTF-8
      string: '{"script":"return ((function(){function d(t,e,n){function r(t){var
        e=x(t);if(0<e.height&&0<e.width)return!0;if(\"PATH\"==t.tagName.toUpperCase()&&(0<e.height||0<e.width)){var
        n=window.getComputedStyle(t)[\"stroke-width\"];return!!n&&0<parseInt(n,10)}return\"hidden\"!=window.getComputedStyle(t).overflow&&Array.prototype.slice.call(t.childNodes).some(function(t){return
        t.nodeType==Node.TEXT_NODE||t.nodeType==Node.ELEMENT_NODE&&r(t)})}function
        i(t){return C(t)==T.HIDDEN&&Array.prototype.slice.call(t.childNodes).every(function(t){return
        t.nodeType!=Node.ELEMENT_NODE||i(t)||!r(t)})}var o=t.tagName.toUpperCase();if(\"BODY\"==o)return!0;if(\"OPTION\"==o||\"OPTGROUP\"==o){var
        a=c(t,function(t){return\"SELECT\"==t.tagName.toUpperCase()});return!!a&&d(a,!0,n)}var
        u=s(t);if(u)return!!u.image&&0<u.rect.width&&0<u.rect.height&&d(u.image,e,n);if(\"INPUT\"==o&&\"hidden\"==t.type.toLowerCase())return!1;if(\"NOSCRIPT\"==o)return!1;var
        l=window.getComputedStyle(t).visibility;return\"collapse\"!=l&&\"hidden\"!=l&&(!!n(t)&&(!(!e&&0==f(t))&&(!!r(t)&&!i(t))))}function
        E(t){var e=x(t);return{left:e.left,right:e.left+e.width,top:e.top,bottom:e.top+e.height}}function
        D(t){return t.parentElement}function C(t){function e(t){function e(t){if(t==u)return!0;var
        e=window.getComputedStyle(t),n=e.display;return 0!=n.indexOf(\"inline\")&&\"contents\"!=n&&(\"absolute\"!=r||\"static\"!=e.position)}var
        r=window.getComputedStyle(t).position;if(\"fixed\"==r)return i=!0,t==u?null:u;for(var
        n=D(t);n&&!e(n);)n=D(n);return n}function n(t){var e=t;if(\"visible\"==d)if(t==u&&l)e=l;else
        if(t==l)return{x:\"visible\",y:\"visible\"};var n=window.getComputedStyle(e),r={x:n[\"overflow-x\"],y:n[\"overflow-y\"]};return
        t==u&&(r.x=\"visible\"==r.x?\"auto\":r.x,r.y=\"visible\"==r.y?\"auto\":r.y),r}function
        r(t){return t==u?{x:window.scrollX,y:window.scrollY}:{x:t.scrollLeft,y:t.scrollTop}}for(var
        i,o=E(t),a=t.ownerDocument,u=a.documentElement,l=a.body,d=window.getComputedStyle(u).overflow,f=e(t);f;f=e(f)){var
        h=n(f);if(\"visible\"!=h.x||\"visible\"!=h.y){var s=x(f);if(0==s.width||0==s.height)return
        T.HIDDEN;var p=o.right<s.left,c=o.bottom<s.top;if(p&&\"hidden\"==h.x||c&&\"hidden\"==h.y)return
        T.HIDDEN;if(p&&\"visible\"!=h.x||c&&\"visible\"!=h.y){var v=r(f),g=o.right<s.left-v.x,w=o.bottom<s.top-v.y;return
        g&&\"visible\"!=h.x||w&&\"visible\"!=h.x?T.HIDDEN:C(f)==T.HIDDEN?T.HIDDEN:T.SCROLL}var
        N=o.left>=s.left+s.width,m=o.top>=s.top+s.height;if(N&&\"hidden\"==h.x||m&&\"hidden\"==h.y)return
        T.HIDDEN;if(N&&\"visible\"!=h.x||m&&\"visible\"!=h.y){if(i){var y=r(f);if(o.left>=u.scrollWidth-y.x||o.right>=u.scrollHeight-y.y)return
        T.HIDDEN}return C(f)==T.HIDDEN?T.HIDDEN:T.SCROLL}}}return T.NONE}function
        o(t){var e=t.document.documentElement;return{width:e.clientWidth,height:e.clientHeight}}function
        p(t,e,n,r){return{left:t,top:e,width:n,height:r}}function x(t){var e,n=s(t);if(n)return
        n.rect;if(\"HTML\"==t.tagName.toUpperCase()){t.ownerDocument;var r=o(window);return
        p(0,0,r.width,r.height)}try{e=t.getBoundingClientRect()}catch(i){return p(0,0,0,0)}return
        p(e.left,e.top,e.right-e.left,e.bottom-e.top)}function f(t){var e=1,n=window.getComputedStyle(t).opacity;n&&(e=Number(n));var
        r=D(t);return r&&r.nodeType==Node.ELEMENT_NODE&&(e*=f(r)),e}function h(t){var
        e=t.shape.toLowerCase(),n=t.coords.split(\",\");if(\"rect\"==e&&4==n.length){var
        r=n[0],i=n[1];return p(r,i,n[2]-r,n[3]-i)}if(\"circle\"==e&&3==n.length){var
        o=n[0],a=n[1],u=n[2];return p(o-u,a-u,2*u,2*u)}if(\"poly\"==e&&2<n.length){for(var
        l=n[0],d=n[1],f=l,h=d,s=2;s+1<n.length;s+=2)l=Math.min(l,n[s]),f=Math.max(f,n[s]),d=Math.min(d,n[s+1]),h=Math.max(h,n[s+1]);return
        p(l,d,f-l,h-d)}return p(0,0,0,0)}function s(t){var e=t.tagName.toUpperCase(),n=\"MAP\"==e;if(!n&&\"AREA\"!=e)return
        null;var r=n?t:\"MAP\"==D(t).tagName.toUpperCase()?D(t):null,i=null,o=null;if(r&&r.name&&((i=r.ownerDocument.querySelector(\"*[usemap=''#\"+r.name+\"'']\"))&&(o=x(i),!n&&\"default\"!=t.shape.toLowerCase()))){var
        a=h(t),u=Math.min(Math.max(a.left,0),o.width),l=Math.min(Math.max(a.top,0),o.height),d=Math.min(a.width,o.width-u),f=Math.min(a.height,o.height-l);o=p(u+o.left,l+o.top,d,f)}return{image:i,rect:o||p(0,0,0,0)}}function
        c(t,e){for(t&&(t=D(t));t;){if(e(t))return t;t=D(t)}return null}function r(t){var
        e=t.parentNode;if(e&&e.shadowRoot&&t.assignedSlot!==undefined)return t.assignedSlot?t.assignedSlot.parentNode:null;if(t.getDestinationInsertionPoints){var
        n=t.getDestinationInsertionPoints();if(0<n.length)return n[n.length-1]}return
        e}var T={NONE:\"none\",HIDDEN:\"hidden\",SCROLL:\"scroll\"};return function
        i(t,e){function n(t){if(\"none\"==window.getComputedStyle(t).display)return!1;var
        e=r(t);if(\"function\"==typeof ShadowRoot&&e instanceof ShadowRoot){if(e.host.shadowRoot!==e)return!1;e=e.host}return!(!e||e.nodeType!=Node.DOCUMENT_NODE&&e.nodeType!=Node.DOCUMENT_FRAGMENT_NODE)||!(e&&e.tagName&&\"DETAILS\"==e.tagName.toUpperCase()&&!e.open&&\"SUMMARY\"!=t.tagName)&&(e&&n(e))}return
        d(t,!!e,n)}})()).apply(null, arguments)","args":[{"element-6066-11e4-a52e-4f735466cecf":"4cd56444-c584-4168-8a0c-b8c6041cb98a"}]}'
    headers:
      Accept:
      - application/json
      Content-Type:
      - application/json; charset=UTF-8
      User-Agent:
      - selenium/3.142.7 (ruby linux)
      Content-Length:
      - '5067'
      Accept-Encoding:
      - gzip;q=1.0,deflate;q=0.6,identity;q=0.3
  response:
    status:
      code: 200
      message: OK
    headers:
      Content-Type:
      - application/json; charset=utf-8
      Cache-Control:
      - no-cache
      Content-Length:
      - '14'
      Date:
      - Fri, 30 Jul 2021 18:46:35 GMT
    body:
      encoding: UTF-8
      string: '{"value":true}'
  recorded_at: Fri, 30 Jul 2021 18:46:35 GMT
- request:
    method: post
    uri: http://127.0.0.1:4444/session/9e6b632c-7ccb-430a-bab9-eb79950e0f8a/element/4cd56444-c584-4168-8a0c-b8c6041cb98a/click
    body:
      encoding: UTF-8
      string: "{}"
    headers:
      Accept:
      - application/json
      Content-Type:
      - application/json; charset=UTF-8
      User-Agent:
      - selenium/3.142.7 (ruby linux)
      Content-Length:
      - '2'
      Accept-Encoding:
      - gzip;q=1.0,deflate;q=0.6,identity;q=0.3
  response:
    status:
      code: 200
      message: OK
    headers:
      Content-Type:
      - application/json; charset=utf-8
      Cache-Control:
      - no-cache
      Content-Length:
      - '14'
      Date:
      - Fri, 30 Jul 2021 18:46:35 GMT
    body:
      encoding: UTF-8
      string: '{"value":null}'
  recorded_at: Fri, 30 Jul 2021 18:46:35 GMT
- request:
    method: post
    uri: http://127.0.0.1:4445/session/fb071605-ff2b-4b2b-895e-a88cfd9de2ad/elements
    body:
      encoding: UTF-8
      string: '{"using":"xpath","value":"./descendant::*[self::input | self::textarea][not(((((((./@type
        = ''submit'') or (./@type = ''image'')) or (./@type = ''radio'')) or (./@type
        = ''checkbox'')) or (./@type = ''hidden'')) or (./@type = ''file'')))][((((./@id
        = ''cdm_url'') or (./@name = ''cdm_url'')) or (./@placeholder = ''cdm_url''))
        or (./@id = //label[(normalize-space(string(.)) = ''cdm_url'')]/@for))] |
        .//label[(normalize-space(string(.)) = ''cdm_url'')]//./descendant::*[self::input
        | self::textarea][not(((((((./@type = ''submit'') or (./@type = ''image''))
        or (./@type = ''radio'')) or (./@type = ''checkbox'')) or (./@type = ''hidden''))
        or (./@type = ''file'')))]"}'
    headers:
      Accept:
      - application/json
      Content-Type:
      - application/json; charset=UTF-8
      User-Agent:
      - selenium/3.142.7 (ruby linux)
      Content-Length:
      - '635'
      Accept-Encoding:
      - gzip;q=1.0,deflate;q=0.6,identity;q=0.3
  response:
    status:
      code: 200
      message: OK
    headers:
      Content-Type:
      - application/json; charset=utf-8
      Cache-Control:
      - no-cache
      Content-Length:
      - '90'
      Date:
      - Fri, 30 Jul 2021 20:24:05 GMT
    body:
      encoding: UTF-8
      string: '{"value":[{"element-6066-11e4-a52e-4f735466cecf":"cc842431-ae43-4526-b62b-3f6948251212"}]}'
  recorded_at: Fri, 30 Jul 2021 20:24:05 GMT
- request:
    method: post
    uri: http://127.0.0.1:4445/session/fb071605-ff2b-4b2b-895e-a88cfd9de2ad/execute/sync
    body:
      encoding: UTF-8
      string: '{"script":"return ((function(){function d(t,e,n){function r(t){var
        e=x(t);if(0<e.height&&0<e.width)return!0;if(\"PATH\"==t.tagName.toUpperCase()&&(0<e.height||0<e.width)){var
        n=window.getComputedStyle(t)[\"stroke-width\"];return!!n&&0<parseInt(n,10)}return\"hidden\"!=window.getComputedStyle(t).overflow&&Array.prototype.slice.call(t.childNodes).some(function(t){return
        t.nodeType==Node.TEXT_NODE||t.nodeType==Node.ELEMENT_NODE&&r(t)})}function
        i(t){return C(t)==T.HIDDEN&&Array.prototype.slice.call(t.childNodes).every(function(t){return
        t.nodeType!=Node.ELEMENT_NODE||i(t)||!r(t)})}var o=t.tagName.toUpperCase();if(\"BODY\"==o)return!0;if(\"OPTION\"==o||\"OPTGROUP\"==o){var
        a=c(t,function(t){return\"SELECT\"==t.tagName.toUpperCase()});return!!a&&d(a,!0,n)}var
        u=s(t);if(u)return!!u.image&&0<u.rect.width&&0<u.rect.height&&d(u.image,e,n);if(\"INPUT\"==o&&\"hidden\"==t.type.toLowerCase())return!1;if(\"NOSCRIPT\"==o)return!1;var
        l=window.getComputedStyle(t).visibility;return\"collapse\"!=l&&\"hidden\"!=l&&(!!n(t)&&(!(!e&&0==f(t))&&(!!r(t)&&!i(t))))}function
        E(t){var e=x(t);return{left:e.left,right:e.left+e.width,top:e.top,bottom:e.top+e.height}}function
        D(t){return t.parentElement}function C(t){function e(t){function e(t){if(t==u)return!0;var
        e=window.getComputedStyle(t),n=e.display;return 0!=n.indexOf(\"inline\")&&\"contents\"!=n&&(\"absolute\"!=r||\"static\"!=e.position)}var
        r=window.getComputedStyle(t).position;if(\"fixed\"==r)return i=!0,t==u?null:u;for(var
        n=D(t);n&&!e(n);)n=D(n);return n}function n(t){var e=t;if(\"visible\"==d)if(t==u&&l)e=l;else
        if(t==l)return{x:\"visible\",y:\"visible\"};var n=window.getComputedStyle(e),r={x:n[\"overflow-x\"],y:n[\"overflow-y\"]};return
        t==u&&(r.x=\"visible\"==r.x?\"auto\":r.x,r.y=\"visible\"==r.y?\"auto\":r.y),r}function
        r(t){return t==u?{x:window.scrollX,y:window.scrollY}:{x:t.scrollLeft,y:t.scrollTop}}for(var
        i,o=E(t),a=t.ownerDocument,u=a.documentElement,l=a.body,d=window.getComputedStyle(u).overflow,f=e(t);f;f=e(f)){var
        h=n(f);if(\"visible\"!=h.x||\"visible\"!=h.y){var s=x(f);if(0==s.width||0==s.height)return
        T.HIDDEN;var p=o.right<s.left,c=o.bottom<s.top;if(p&&\"hidden\"==h.x||c&&\"hidden\"==h.y)return
        T.HIDDEN;if(p&&\"visible\"!=h.x||c&&\"visible\"!=h.y){var v=r(f),g=o.right<s.left-v.x,w=o.bottom<s.top-v.y;return
        g&&\"visible\"!=h.x||w&&\"visible\"!=h.x?T.HIDDEN:C(f)==T.HIDDEN?T.HIDDEN:T.SCROLL}var
        N=o.left>=s.left+s.width,m=o.top>=s.top+s.height;if(N&&\"hidden\"==h.x||m&&\"hidden\"==h.y)return
        T.HIDDEN;if(N&&\"visible\"!=h.x||m&&\"visible\"!=h.y){if(i){var y=r(f);if(o.left>=u.scrollWidth-y.x||o.right>=u.scrollHeight-y.y)return
        T.HIDDEN}return C(f)==T.HIDDEN?T.HIDDEN:T.SCROLL}}}return T.NONE}function
        o(t){var e=t.document.documentElement;return{width:e.clientWidth,height:e.clientHeight}}function
        p(t,e,n,r){return{left:t,top:e,width:n,height:r}}function x(t){var e,n=s(t);if(n)return
        n.rect;if(\"HTML\"==t.tagName.toUpperCase()){t.ownerDocument;var r=o(window);return
        p(0,0,r.width,r.height)}try{e=t.getBoundingClientRect()}catch(i){return p(0,0,0,0)}return
        p(e.left,e.top,e.right-e.left,e.bottom-e.top)}function f(t){var e=1,n=window.getComputedStyle(t).opacity;n&&(e=Number(n));var
        r=D(t);return r&&r.nodeType==Node.ELEMENT_NODE&&(e*=f(r)),e}function h(t){var
        e=t.shape.toLowerCase(),n=t.coords.split(\",\");if(\"rect\"==e&&4==n.length){var
        r=n[0],i=n[1];return p(r,i,n[2]-r,n[3]-i)}if(\"circle\"==e&&3==n.length){var
        o=n[0],a=n[1],u=n[2];return p(o-u,a-u,2*u,2*u)}if(\"poly\"==e&&2<n.length){for(var
        l=n[0],d=n[1],f=l,h=d,s=2;s+1<n.length;s+=2)l=Math.min(l,n[s]),f=Math.max(f,n[s]),d=Math.min(d,n[s+1]),h=Math.max(h,n[s+1]);return
        p(l,d,f-l,h-d)}return p(0,0,0,0)}function s(t){var e=t.tagName.toUpperCase(),n=\"MAP\"==e;if(!n&&\"AREA\"!=e)return
        null;var r=n?t:\"MAP\"==D(t).tagName.toUpperCase()?D(t):null,i=null,o=null;if(r&&r.name&&((i=r.ownerDocument.querySelector(\"*[usemap=''#\"+r.name+\"'']\"))&&(o=x(i),!n&&\"default\"!=t.shape.toLowerCase()))){var
        a=h(t),u=Math.min(Math.max(a.left,0),o.width),l=Math.min(Math.max(a.top,0),o.height),d=Math.min(a.width,o.width-u),f=Math.min(a.height,o.height-l);o=p(u+o.left,l+o.top,d,f)}return{image:i,rect:o||p(0,0,0,0)}}function
        c(t,e){for(t&&(t=D(t));t;){if(e(t))return t;t=D(t)}return null}function r(t){var
        e=t.parentNode;if(e&&e.shadowRoot&&t.assignedSlot!==undefined)return t.assignedSlot?t.assignedSlot.parentNode:null;if(t.getDestinationInsertionPoints){var
        n=t.getDestinationInsertionPoints();if(0<n.length)return n[n.length-1]}return
        e}var T={NONE:\"none\",HIDDEN:\"hidden\",SCROLL:\"scroll\"};return function
        i(t,e){function n(t){if(\"none\"==window.getComputedStyle(t).display)return!1;var
        e=r(t);if(\"function\"==typeof ShadowRoot&&e instanceof ShadowRoot){if(e.host.shadowRoot!==e)return!1;e=e.host}return!(!e||e.nodeType!=Node.DOCUMENT_NODE&&e.nodeType!=Node.DOCUMENT_FRAGMENT_NODE)||!(e&&e.tagName&&\"DETAILS\"==e.tagName.toUpperCase()&&!e.open&&\"SUMMARY\"!=t.tagName)&&(e&&n(e))}return
        d(t,!!e,n)}})()).apply(null, arguments)","args":[{"element-6066-11e4-a52e-4f735466cecf":"cc842431-ae43-4526-b62b-3f6948251212"}]}'
    headers:
      Accept:
      - application/json
      Content-Type:
      - application/json; charset=UTF-8
      User-Agent:
      - selenium/3.142.7 (ruby linux)
      Content-Length:
      - '5067'
      Accept-Encoding:
      - gzip;q=1.0,deflate;q=0.6,identity;q=0.3
  response:
    status:
      code: 200
      message: OK
    headers:
      Content-Type:
      - application/json; charset=utf-8
      Cache-Control:
      - no-cache
      Content-Length:
      - '14'
      Date:
      - Fri, 30 Jul 2021 20:24:05 GMT
    body:
      encoding: UTF-8
      string: '{"value":true}'
  recorded_at: Fri, 30 Jul 2021 20:24:05 GMT
- request:
    method: post
    uri: http://127.0.0.1:4445/session/fb071605-ff2b-4b2b-895e-a88cfd9de2ad/execute/sync
    body:
      encoding: UTF-8
      string: '{"script":"return arguments[0].matches('':disabled, select:disabled
        *'')","args":[{"element-6066-11e4-a52e-4f735466cecf":"cc842431-ae43-4526-b62b-3f6948251212"}]}'
    headers:
      Accept:
      - application/json
      Content-Type:
      - application/json; charset=UTF-8
      User-Agent:
      - selenium/3.142.7 (ruby linux)
      Content-Length:
      - '160'
      Accept-Encoding:
      - gzip;q=1.0,deflate;q=0.6,identity;q=0.3
  response:
    status:
      code: 200
      message: OK
    headers:
      Content-Type:
      - application/json; charset=utf-8
      Cache-Control:
      - no-cache
      Content-Length:
      - '15'
      Date:
      - Fri, 30 Jul 2021 20:24:05 GMT
    body:
      encoding: UTF-8
      string: '{"value":false}'
  recorded_at: Fri, 30 Jul 2021 20:24:05 GMT
- request:
    method: post
    uri: http://127.0.0.1:4445/session/fb071605-ff2b-4b2b-895e-a88cfd9de2ad/execute/sync
    body:
      encoding: UTF-8
      string: '{"script":"return (function(el, names){\n  return names.map(function(name){\n    return
        el[name]\n  });\n})(arguments[0], arguments[1]);\n","args":[{"element-6066-11e4-a52e-4f735466cecf":"cc842431-ae43-4526-b62b-3f6948251212"},["tagName","type"]]}'
    headers:
      Accept:
      - application/json
      Content-Type:
      - application/json; charset=UTF-8
      User-Agent:
      - selenium/3.142.7 (ruby linux)
      Content-Length:
      - '247'
      Accept-Encoding:
      - gzip;q=1.0,deflate;q=0.6,identity;q=0.3
  response:
    status:
      code: 200
      message: OK
    headers:
      Content-Type:
      - application/json; charset=utf-8
      Cache-Control:
      - no-cache
      Content-Length:
      - '26'
      Date:
      - Fri, 30 Jul 2021 20:24:05 GMT
    body:
      encoding: UTF-8
      string: '{"value":["INPUT","text"]}'
  recorded_at: Fri, 30 Jul 2021 20:24:05 GMT
- request:
    method: post
    uri: http://127.0.0.1:4445/session/fb071605-ff2b-4b2b-895e-a88cfd9de2ad/execute/sync
    body:
      encoding: UTF-8
      string: '{"script":"arguments[0].select()","args":[{"element-6066-11e4-a52e-4f735466cecf":"cc842431-ae43-4526-b62b-3f6948251212"}]}'
    headers:
      Accept:
      - application/json
      Content-Type:
      - application/json; charset=UTF-8
      User-Agent:
      - selenium/3.142.7 (ruby linux)
      Content-Length:
      - '122'
      Accept-Encoding:
      - gzip;q=1.0,deflate;q=0.6,identity;q=0.3
  response:
    status:
      code: 200
      message: OK
    headers:
      Content-Type:
      - application/json; charset=utf-8
      Cache-Control:
      - no-cache
      Content-Length:
      - '14'
      Date:
      - Fri, 30 Jul 2021 20:24:05 GMT
    body:
      encoding: UTF-8
      string: '{"value":null}'
  recorded_at: Fri, 30 Jul 2021 20:24:05 GMT
- request:
    method: post
    uri: http://127.0.0.1:4445/session/fb071605-ff2b-4b2b-895e-a88cfd9de2ad/element/cc842431-ae43-4526-b62b-3f6948251212/value
    body:
      encoding: UTF-8
      string: '{"value":["h","t","t","p"],"text":"http"}'
    headers:
      Accept:
      - application/json
      Content-Type:
      - application/json; charset=UTF-8
      User-Agent:
      - selenium/3.142.7 (ruby linux)
      Content-Length:
      - '41'
      Accept-Encoding:
      - gzip;q=1.0,deflate;q=0.6,identity;q=0.3
  response:
    status:
      code: 200
      message: OK
    headers:
      Content-Type:
      - application/json; charset=utf-8
      Cache-Control:
      - no-cache
      Content-Length:
      - '14'
      Date:
      - Fri, 30 Jul 2021 20:24:05 GMT
    body:
      encoding: UTF-8
      string: '{"value":null}'
  recorded_at: Fri, 30 Jul 2021 20:24:05 GMT
- request:
    method: post
    uri: http://127.0.0.1:4445/session/fb071605-ff2b-4b2b-895e-a88cfd9de2ad/execute/sync
    body:
      encoding: UTF-8
      string: '{"script":"(function(el, value) {\n  value = el.value + value;\n  if
        (el.maxLength && el.maxLength != -1){\n    value = value.slice(0, el.maxLength);\n  }\n  el.value
        = value;\n})(arguments[0], arguments[1])\n","args":[{"element-6066-11e4-a52e-4f735466cecf":"cc842431-ae43-4526-b62b-3f6948251212"},"s://cdm16488.contentdm.oclc.org/digital/collection/MPD01/i"]}'
    headers:
      Accept:
      - application/json
      Content-Type:
      - application/json; charset=UTF-8
      User-Agent:
      - selenium/3.142.7 (ruby linux)
      Content-Length:
      - '360'
      Accept-Encoding:
      - gzip;q=1.0,deflate;q=0.6,identity;q=0.3
  response:
    status:
      code: 200
      message: OK
    headers:
      Content-Type:
      - application/json; charset=utf-8
      Cache-Control:
      - no-cache
      Content-Length:
      - '14'
      Date:
      - Fri, 30 Jul 2021 20:24:05 GMT
    body:
      encoding: UTF-8
      string: '{"value":null}'
  recorded_at: Fri, 30 Jul 2021 20:24:05 GMT
- request:
    method: post
    uri: http://127.0.0.1:4445/session/fb071605-ff2b-4b2b-895e-a88cfd9de2ad/element/cc842431-ae43-4526-b62b-3f6948251212/value
    body:
      encoding: UTF-8
      string: '{"value":["d","/","2"],"text":"d/2"}'
    headers:
      Accept:
      - application/json
      Content-Type:
      - application/json; charset=UTF-8
      User-Agent:
      - selenium/3.142.7 (ruby linux)
      Content-Length:
      - '36'
      Accept-Encoding:
      - gzip;q=1.0,deflate;q=0.6,identity;q=0.3
  response:
    status:
      code: 200
      message: OK
    headers:
      Content-Type:
      - application/json; charset=utf-8
      Cache-Control:
      - no-cache
      Content-Length:
      - '14'
      Date:
      - Fri, 30 Jul 2021 20:24:05 GMT
    body:
      encoding: UTF-8
      string: '{"value":null}'
  recorded_at: Fri, 30 Jul 2021 20:24:05 GMT
- request:
    method: post
    uri: http://127.0.0.1:4445/session/fb071605-ff2b-4b2b-895e-a88cfd9de2ad/elements
    body:
      encoding: UTF-8
      string: '{"using":"css selector","value":"#cdm_import"}'
    headers:
      Accept:
      - application/json
      Content-Type:
      - application/json; charset=UTF-8
      User-Agent:
      - selenium/3.142.7 (ruby linux)
      Content-Length:
      - '46'
      Accept-Encoding:
      - gzip;q=1.0,deflate;q=0.6,identity;q=0.3
  response:
    status:
      code: 200
      message: OK
    headers:
      Content-Type:
      - application/json; charset=utf-8
      Cache-Control:
      - no-cache
      Content-Length:
      - '90'
      Date:
      - Fri, 30 Jul 2021 20:24:05 GMT
    body:
      encoding: UTF-8
      string: '{"value":[{"element-6066-11e4-a52e-4f735466cecf":"98a06b57-e884-4b1b-a4af-e135e60ef966"}]}'
  recorded_at: Fri, 30 Jul 2021 20:24:05 GMT
- request:
    method: post
    uri: http://127.0.0.1:4445/session/fb071605-ff2b-4b2b-895e-a88cfd9de2ad/execute/sync
    body:
      encoding: UTF-8
      string: '{"script":"return ((function(){function d(t,e,n){function r(t){var
        e=x(t);if(0<e.height&&0<e.width)return!0;if(\"PATH\"==t.tagName.toUpperCase()&&(0<e.height||0<e.width)){var
        n=window.getComputedStyle(t)[\"stroke-width\"];return!!n&&0<parseInt(n,10)}return\"hidden\"!=window.getComputedStyle(t).overflow&&Array.prototype.slice.call(t.childNodes).some(function(t){return
        t.nodeType==Node.TEXT_NODE||t.nodeType==Node.ELEMENT_NODE&&r(t)})}function
        i(t){return C(t)==T.HIDDEN&&Array.prototype.slice.call(t.childNodes).every(function(t){return
        t.nodeType!=Node.ELEMENT_NODE||i(t)||!r(t)})}var o=t.tagName.toUpperCase();if(\"BODY\"==o)return!0;if(\"OPTION\"==o||\"OPTGROUP\"==o){var
        a=c(t,function(t){return\"SELECT\"==t.tagName.toUpperCase()});return!!a&&d(a,!0,n)}var
        u=s(t);if(u)return!!u.image&&0<u.rect.width&&0<u.rect.height&&d(u.image,e,n);if(\"INPUT\"==o&&\"hidden\"==t.type.toLowerCase())return!1;if(\"NOSCRIPT\"==o)return!1;var
        l=window.getComputedStyle(t).visibility;return\"collapse\"!=l&&\"hidden\"!=l&&(!!n(t)&&(!(!e&&0==f(t))&&(!!r(t)&&!i(t))))}function
        E(t){var e=x(t);return{left:e.left,right:e.left+e.width,top:e.top,bottom:e.top+e.height}}function
        D(t){return t.parentElement}function C(t){function e(t){function e(t){if(t==u)return!0;var
        e=window.getComputedStyle(t),n=e.display;return 0!=n.indexOf(\"inline\")&&\"contents\"!=n&&(\"absolute\"!=r||\"static\"!=e.position)}var
        r=window.getComputedStyle(t).position;if(\"fixed\"==r)return i=!0,t==u?null:u;for(var
        n=D(t);n&&!e(n);)n=D(n);return n}function n(t){var e=t;if(\"visible\"==d)if(t==u&&l)e=l;else
        if(t==l)return{x:\"visible\",y:\"visible\"};var n=window.getComputedStyle(e),r={x:n[\"overflow-x\"],y:n[\"overflow-y\"]};return
        t==u&&(r.x=\"visible\"==r.x?\"auto\":r.x,r.y=\"visible\"==r.y?\"auto\":r.y),r}function
        r(t){return t==u?{x:window.scrollX,y:window.scrollY}:{x:t.scrollLeft,y:t.scrollTop}}for(var
        i,o=E(t),a=t.ownerDocument,u=a.documentElement,l=a.body,d=window.getComputedStyle(u).overflow,f=e(t);f;f=e(f)){var
        h=n(f);if(\"visible\"!=h.x||\"visible\"!=h.y){var s=x(f);if(0==s.width||0==s.height)return
        T.HIDDEN;var p=o.right<s.left,c=o.bottom<s.top;if(p&&\"hidden\"==h.x||c&&\"hidden\"==h.y)return
        T.HIDDEN;if(p&&\"visible\"!=h.x||c&&\"visible\"!=h.y){var v=r(f),g=o.right<s.left-v.x,w=o.bottom<s.top-v.y;return
        g&&\"visible\"!=h.x||w&&\"visible\"!=h.x?T.HIDDEN:C(f)==T.HIDDEN?T.HIDDEN:T.SCROLL}var
        N=o.left>=s.left+s.width,m=o.top>=s.top+s.height;if(N&&\"hidden\"==h.x||m&&\"hidden\"==h.y)return
        T.HIDDEN;if(N&&\"visible\"!=h.x||m&&\"visible\"!=h.y){if(i){var y=r(f);if(o.left>=u.scrollWidth-y.x||o.right>=u.scrollHeight-y.y)return
        T.HIDDEN}return C(f)==T.HIDDEN?T.HIDDEN:T.SCROLL}}}return T.NONE}function
        o(t){var e=t.document.documentElement;return{width:e.clientWidth,height:e.clientHeight}}function
        p(t,e,n,r){return{left:t,top:e,width:n,height:r}}function x(t){var e,n=s(t);if(n)return
        n.rect;if(\"HTML\"==t.tagName.toUpperCase()){t.ownerDocument;var r=o(window);return
        p(0,0,r.width,r.height)}try{e=t.getBoundingClientRect()}catch(i){return p(0,0,0,0)}return
        p(e.left,e.top,e.right-e.left,e.bottom-e.top)}function f(t){var e=1,n=window.getComputedStyle(t).opacity;n&&(e=Number(n));var
        r=D(t);return r&&r.nodeType==Node.ELEMENT_NODE&&(e*=f(r)),e}function h(t){var
        e=t.shape.toLowerCase(),n=t.coords.split(\",\");if(\"rect\"==e&&4==n.length){var
        r=n[0],i=n[1];return p(r,i,n[2]-r,n[3]-i)}if(\"circle\"==e&&3==n.length){var
        o=n[0],a=n[1],u=n[2];return p(o-u,a-u,2*u,2*u)}if(\"poly\"==e&&2<n.length){for(var
        l=n[0],d=n[1],f=l,h=d,s=2;s+1<n.length;s+=2)l=Math.min(l,n[s]),f=Math.max(f,n[s]),d=Math.min(d,n[s+1]),h=Math.max(h,n[s+1]);return
        p(l,d,f-l,h-d)}return p(0,0,0,0)}function s(t){var e=t.tagName.toUpperCase(),n=\"MAP\"==e;if(!n&&\"AREA\"!=e)return
        null;var r=n?t:\"MAP\"==D(t).tagName.toUpperCase()?D(t):null,i=null,o=null;if(r&&r.name&&((i=r.ownerDocument.querySelector(\"*[usemap=''#\"+r.name+\"'']\"))&&(o=x(i),!n&&\"default\"!=t.shape.toLowerCase()))){var
        a=h(t),u=Math.min(Math.max(a.left,0),o.width),l=Math.min(Math.max(a.top,0),o.height),d=Math.min(a.width,o.width-u),f=Math.min(a.height,o.height-l);o=p(u+o.left,l+o.top,d,f)}return{image:i,rect:o||p(0,0,0,0)}}function
        c(t,e){for(t&&(t=D(t));t;){if(e(t))return t;t=D(t)}return null}function r(t){var
        e=t.parentNode;if(e&&e.shadowRoot&&t.assignedSlot!==undefined)return t.assignedSlot?t.assignedSlot.parentNode:null;if(t.getDestinationInsertionPoints){var
        n=t.getDestinationInsertionPoints();if(0<n.length)return n[n.length-1]}return
        e}var T={NONE:\"none\",HIDDEN:\"hidden\",SCROLL:\"scroll\"};return function
        i(t,e){function n(t){if(\"none\"==window.getComputedStyle(t).display)return!1;var
        e=r(t);if(\"function\"==typeof ShadowRoot&&e instanceof ShadowRoot){if(e.host.shadowRoot!==e)return!1;e=e.host}return!(!e||e.nodeType!=Node.DOCUMENT_NODE&&e.nodeType!=Node.DOCUMENT_FRAGMENT_NODE)||!(e&&e.tagName&&\"DETAILS\"==e.tagName.toUpperCase()&&!e.open&&\"SUMMARY\"!=t.tagName)&&(e&&n(e))}return
        d(t,!!e,n)}})()).apply(null, arguments)","args":[{"element-6066-11e4-a52e-4f735466cecf":"98a06b57-e884-4b1b-a4af-e135e60ef966"}]}'
    headers:
      Accept:
      - application/json
      Content-Type:
      - application/json; charset=UTF-8
      User-Agent:
      - selenium/3.142.7 (ruby linux)
      Content-Length:
      - '5067'
      Accept-Encoding:
      - gzip;q=1.0,deflate;q=0.6,identity;q=0.3
  response:
    status:
      code: 200
      message: OK
    headers:
      Content-Type:
      - application/json; charset=utf-8
      Cache-Control:
      - no-cache
      Content-Length:
      - '14'
      Date:
      - Fri, 30 Jul 2021 20:24:05 GMT
    body:
      encoding: UTF-8
      string: '{"value":true}'
  recorded_at: Fri, 30 Jul 2021 20:24:05 GMT
- request:
    method: post
    uri: http://127.0.0.1:4445/session/fb071605-ff2b-4b2b-895e-a88cfd9de2ad/element/98a06b57-e884-4b1b-a4af-e135e60ef966/click
    body:
      encoding: UTF-8
      string: "{}"
    headers:
      Accept:
      - application/json
      Content-Type:
      - application/json; charset=UTF-8
      User-Agent:
      - selenium/3.142.7 (ruby linux)
      Content-Length:
      - '2'
      Accept-Encoding:
      - gzip;q=1.0,deflate;q=0.6,identity;q=0.3
  response:
    status:
      code: 200
      message: OK
    headers:
      Content-Type:
      - application/json; charset=utf-8
      Cache-Control:
      - no-cache
      Content-Length:
      - '14'
      Date:
      - Fri, 30 Jul 2021 20:24:05 GMT
    body:
      encoding: UTF-8
      string: '{"value":null}'
  recorded_at: Fri, 30 Jul 2021 20:24:06 GMT
- request:
    method: post
    uri: http://127.0.0.1:4445/session/5290033f-ac91-4e9d-9e8c-8b6be6b37149/elements
    body:
      encoding: UTF-8
      string: '{"using":"xpath","value":"./descendant::*[self::input | self::textarea][not(((((((./@type
        = ''submit'') or (./@type = ''image'')) or (./@type = ''radio'')) or (./@type
        = ''checkbox'')) or (./@type = ''hidden'')) or (./@type = ''file'')))][((((./@id
        = ''cdm_url'') or (./@name = ''cdm_url'')) or (./@placeholder = ''cdm_url''))
        or (./@id = //label[(normalize-space(string(.)) = ''cdm_url'')]/@for))] |
        .//label[(normalize-space(string(.)) = ''cdm_url'')]//./descendant::*[self::input
        | self::textarea][not(((((((./@type = ''submit'') or (./@type = ''image''))
        or (./@type = ''radio'')) or (./@type = ''checkbox'')) or (./@type = ''hidden''))
        or (./@type = ''file'')))]"}'
    headers:
      Accept:
      - application/json
      Content-Type:
      - application/json; charset=UTF-8
      User-Agent:
      - selenium/3.142.7 (ruby linux)
      Content-Length:
      - '635'
      Accept-Encoding:
      - gzip;q=1.0,deflate;q=0.6,identity;q=0.3
  response:
    status:
      code: 200
      message: OK
    headers:
      Content-Type:
      - application/json; charset=utf-8
      Cache-Control:
      - no-cache
      Content-Length:
      - '90'
      Date:
      - Fri, 30 Jul 2021 20:35:13 GMT
    body:
      encoding: UTF-8
      string: '{"value":[{"element-6066-11e4-a52e-4f735466cecf":"69ce775a-5b55-47f3-bf00-afc21b1876d9"}]}'
  recorded_at: Fri, 30 Jul 2021 20:35:13 GMT
- request:
    method: post
    uri: http://127.0.0.1:4445/session/5290033f-ac91-4e9d-9e8c-8b6be6b37149/execute/sync
    body:
      encoding: UTF-8
      string: '{"script":"return ((function(){function d(t,e,n){function r(t){var
        e=x(t);if(0<e.height&&0<e.width)return!0;if(\"PATH\"==t.tagName.toUpperCase()&&(0<e.height||0<e.width)){var
        n=window.getComputedStyle(t)[\"stroke-width\"];return!!n&&0<parseInt(n,10)}return\"hidden\"!=window.getComputedStyle(t).overflow&&Array.prototype.slice.call(t.childNodes).some(function(t){return
        t.nodeType==Node.TEXT_NODE||t.nodeType==Node.ELEMENT_NODE&&r(t)})}function
        i(t){return C(t)==T.HIDDEN&&Array.prototype.slice.call(t.childNodes).every(function(t){return
        t.nodeType!=Node.ELEMENT_NODE||i(t)||!r(t)})}var o=t.tagName.toUpperCase();if(\"BODY\"==o)return!0;if(\"OPTION\"==o||\"OPTGROUP\"==o){var
        a=c(t,function(t){return\"SELECT\"==t.tagName.toUpperCase()});return!!a&&d(a,!0,n)}var
        u=s(t);if(u)return!!u.image&&0<u.rect.width&&0<u.rect.height&&d(u.image,e,n);if(\"INPUT\"==o&&\"hidden\"==t.type.toLowerCase())return!1;if(\"NOSCRIPT\"==o)return!1;var
        l=window.getComputedStyle(t).visibility;return\"collapse\"!=l&&\"hidden\"!=l&&(!!n(t)&&(!(!e&&0==f(t))&&(!!r(t)&&!i(t))))}function
        E(t){var e=x(t);return{left:e.left,right:e.left+e.width,top:e.top,bottom:e.top+e.height}}function
        D(t){return t.parentElement}function C(t){function e(t){function e(t){if(t==u)return!0;var
        e=window.getComputedStyle(t),n=e.display;return 0!=n.indexOf(\"inline\")&&\"contents\"!=n&&(\"absolute\"!=r||\"static\"!=e.position)}var
        r=window.getComputedStyle(t).position;if(\"fixed\"==r)return i=!0,t==u?null:u;for(var
        n=D(t);n&&!e(n);)n=D(n);return n}function n(t){var e=t;if(\"visible\"==d)if(t==u&&l)e=l;else
        if(t==l)return{x:\"visible\",y:\"visible\"};var n=window.getComputedStyle(e),r={x:n[\"overflow-x\"],y:n[\"overflow-y\"]};return
        t==u&&(r.x=\"visible\"==r.x?\"auto\":r.x,r.y=\"visible\"==r.y?\"auto\":r.y),r}function
        r(t){return t==u?{x:window.scrollX,y:window.scrollY}:{x:t.scrollLeft,y:t.scrollTop}}for(var
        i,o=E(t),a=t.ownerDocument,u=a.documentElement,l=a.body,d=window.getComputedStyle(u).overflow,f=e(t);f;f=e(f)){var
        h=n(f);if(\"visible\"!=h.x||\"visible\"!=h.y){var s=x(f);if(0==s.width||0==s.height)return
        T.HIDDEN;var p=o.right<s.left,c=o.bottom<s.top;if(p&&\"hidden\"==h.x||c&&\"hidden\"==h.y)return
        T.HIDDEN;if(p&&\"visible\"!=h.x||c&&\"visible\"!=h.y){var v=r(f),g=o.right<s.left-v.x,w=o.bottom<s.top-v.y;return
        g&&\"visible\"!=h.x||w&&\"visible\"!=h.x?T.HIDDEN:C(f)==T.HIDDEN?T.HIDDEN:T.SCROLL}var
        N=o.left>=s.left+s.width,m=o.top>=s.top+s.height;if(N&&\"hidden\"==h.x||m&&\"hidden\"==h.y)return
        T.HIDDEN;if(N&&\"visible\"!=h.x||m&&\"visible\"!=h.y){if(i){var y=r(f);if(o.left>=u.scrollWidth-y.x||o.right>=u.scrollHeight-y.y)return
        T.HIDDEN}return C(f)==T.HIDDEN?T.HIDDEN:T.SCROLL}}}return T.NONE}function
        o(t){var e=t.document.documentElement;return{width:e.clientWidth,height:e.clientHeight}}function
        p(t,e,n,r){return{left:t,top:e,width:n,height:r}}function x(t){var e,n=s(t);if(n)return
        n.rect;if(\"HTML\"==t.tagName.toUpperCase()){t.ownerDocument;var r=o(window);return
        p(0,0,r.width,r.height)}try{e=t.getBoundingClientRect()}catch(i){return p(0,0,0,0)}return
        p(e.left,e.top,e.right-e.left,e.bottom-e.top)}function f(t){var e=1,n=window.getComputedStyle(t).opacity;n&&(e=Number(n));var
        r=D(t);return r&&r.nodeType==Node.ELEMENT_NODE&&(e*=f(r)),e}function h(t){var
        e=t.shape.toLowerCase(),n=t.coords.split(\",\");if(\"rect\"==e&&4==n.length){var
        r=n[0],i=n[1];return p(r,i,n[2]-r,n[3]-i)}if(\"circle\"==e&&3==n.length){var
        o=n[0],a=n[1],u=n[2];return p(o-u,a-u,2*u,2*u)}if(\"poly\"==e&&2<n.length){for(var
        l=n[0],d=n[1],f=l,h=d,s=2;s+1<n.length;s+=2)l=Math.min(l,n[s]),f=Math.max(f,n[s]),d=Math.min(d,n[s+1]),h=Math.max(h,n[s+1]);return
        p(l,d,f-l,h-d)}return p(0,0,0,0)}function s(t){var e=t.tagName.toUpperCase(),n=\"MAP\"==e;if(!n&&\"AREA\"!=e)return
        null;var r=n?t:\"MAP\"==D(t).tagName.toUpperCase()?D(t):null,i=null,o=null;if(r&&r.name&&((i=r.ownerDocument.querySelector(\"*[usemap=''#\"+r.name+\"'']\"))&&(o=x(i),!n&&\"default\"!=t.shape.toLowerCase()))){var
        a=h(t),u=Math.min(Math.max(a.left,0),o.width),l=Math.min(Math.max(a.top,0),o.height),d=Math.min(a.width,o.width-u),f=Math.min(a.height,o.height-l);o=p(u+o.left,l+o.top,d,f)}return{image:i,rect:o||p(0,0,0,0)}}function
        c(t,e){for(t&&(t=D(t));t;){if(e(t))return t;t=D(t)}return null}function r(t){var
        e=t.parentNode;if(e&&e.shadowRoot&&t.assignedSlot!==undefined)return t.assignedSlot?t.assignedSlot.parentNode:null;if(t.getDestinationInsertionPoints){var
        n=t.getDestinationInsertionPoints();if(0<n.length)return n[n.length-1]}return
        e}var T={NONE:\"none\",HIDDEN:\"hidden\",SCROLL:\"scroll\"};return function
        i(t,e){function n(t){if(\"none\"==window.getComputedStyle(t).display)return!1;var
        e=r(t);if(\"function\"==typeof ShadowRoot&&e instanceof ShadowRoot){if(e.host.shadowRoot!==e)return!1;e=e.host}return!(!e||e.nodeType!=Node.DOCUMENT_NODE&&e.nodeType!=Node.DOCUMENT_FRAGMENT_NODE)||!(e&&e.tagName&&\"DETAILS\"==e.tagName.toUpperCase()&&!e.open&&\"SUMMARY\"!=t.tagName)&&(e&&n(e))}return
        d(t,!!e,n)}})()).apply(null, arguments)","args":[{"element-6066-11e4-a52e-4f735466cecf":"69ce775a-5b55-47f3-bf00-afc21b1876d9"}]}'
    headers:
      Accept:
      - application/json
      Content-Type:
      - application/json; charset=UTF-8
      User-Agent:
      - selenium/3.142.7 (ruby linux)
      Content-Length:
      - '5067'
      Accept-Encoding:
      - gzip;q=1.0,deflate;q=0.6,identity;q=0.3
  response:
    status:
      code: 200
      message: OK
    headers:
      Content-Type:
      - application/json; charset=utf-8
      Cache-Control:
      - no-cache
      Content-Length:
      - '14'
      Date:
      - Fri, 30 Jul 2021 20:35:13 GMT
    body:
      encoding: UTF-8
      string: '{"value":true}'
  recorded_at: Fri, 30 Jul 2021 20:35:13 GMT
- request:
    method: post
    uri: http://127.0.0.1:4445/session/5290033f-ac91-4e9d-9e8c-8b6be6b37149/execute/sync
    body:
      encoding: UTF-8
      string: '{"script":"return arguments[0].matches('':disabled, select:disabled
        *'')","args":[{"element-6066-11e4-a52e-4f735466cecf":"69ce775a-5b55-47f3-bf00-afc21b1876d9"}]}'
    headers:
      Accept:
      - application/json
      Content-Type:
      - application/json; charset=UTF-8
      User-Agent:
      - selenium/3.142.7 (ruby linux)
      Content-Length:
      - '160'
      Accept-Encoding:
      - gzip;q=1.0,deflate;q=0.6,identity;q=0.3
  response:
    status:
      code: 200
      message: OK
    headers:
      Content-Type:
      - application/json; charset=utf-8
      Cache-Control:
      - no-cache
      Content-Length:
      - '15'
      Date:
      - Fri, 30 Jul 2021 20:35:13 GMT
    body:
      encoding: UTF-8
      string: '{"value":false}'
  recorded_at: Fri, 30 Jul 2021 20:35:13 GMT
- request:
    method: post
    uri: http://127.0.0.1:4445/session/5290033f-ac91-4e9d-9e8c-8b6be6b37149/execute/sync
    body:
      encoding: UTF-8
      string: '{"script":"return (function(el, names){\n  return names.map(function(name){\n    return
        el[name]\n  });\n})(arguments[0], arguments[1]);\n","args":[{"element-6066-11e4-a52e-4f735466cecf":"69ce775a-5b55-47f3-bf00-afc21b1876d9"},["tagName","type"]]}'
    headers:
      Accept:
      - application/json
      Content-Type:
      - application/json; charset=UTF-8
      User-Agent:
      - selenium/3.142.7 (ruby linux)
      Content-Length:
      - '247'
      Accept-Encoding:
      - gzip;q=1.0,deflate;q=0.6,identity;q=0.3
  response:
    status:
      code: 200
      message: OK
    headers:
      Content-Type:
      - application/json; charset=utf-8
      Cache-Control:
      - no-cache
      Content-Length:
      - '26'
      Date:
      - Fri, 30 Jul 2021 20:35:13 GMT
    body:
      encoding: UTF-8
      string: '{"value":["INPUT","text"]}'
  recorded_at: Fri, 30 Jul 2021 20:35:13 GMT
- request:
    method: post
    uri: http://127.0.0.1:4445/session/5290033f-ac91-4e9d-9e8c-8b6be6b37149/execute/sync
    body:
      encoding: UTF-8
      string: '{"script":"arguments[0].select()","args":[{"element-6066-11e4-a52e-4f735466cecf":"69ce775a-5b55-47f3-bf00-afc21b1876d9"}]}'
    headers:
      Accept:
      - application/json
      Content-Type:
      - application/json; charset=UTF-8
      User-Agent:
      - selenium/3.142.7 (ruby linux)
      Content-Length:
      - '122'
      Accept-Encoding:
      - gzip;q=1.0,deflate;q=0.6,identity;q=0.3
  response:
    status:
      code: 200
      message: OK
    headers:
      Content-Type:
      - application/json; charset=utf-8
      Cache-Control:
      - no-cache
      Content-Length:
      - '14'
      Date:
      - Fri, 30 Jul 2021 20:35:13 GMT
    body:
      encoding: UTF-8
      string: '{"value":null}'
  recorded_at: Fri, 30 Jul 2021 20:35:13 GMT
- request:
    method: post
    uri: http://127.0.0.1:4445/session/5290033f-ac91-4e9d-9e8c-8b6be6b37149/element/69ce775a-5b55-47f3-bf00-afc21b1876d9/value
    body:
      encoding: UTF-8
      string: '{"value":["h","t","t","p"],"text":"http"}'
    headers:
      Accept:
      - application/json
      Content-Type:
      - application/json; charset=UTF-8
      User-Agent:
      - selenium/3.142.7 (ruby linux)
      Content-Length:
      - '41'
      Accept-Encoding:
      - gzip;q=1.0,deflate;q=0.6,identity;q=0.3
  response:
    status:
      code: 200
      message: OK
    headers:
      Content-Type:
      - application/json; charset=utf-8
      Cache-Control:
      - no-cache
      Content-Length:
      - '14'
      Date:
      - Fri, 30 Jul 2021 20:35:13 GMT
    body:
      encoding: UTF-8
      string: '{"value":null}'
  recorded_at: Fri, 30 Jul 2021 20:35:13 GMT
- request:
    method: post
    uri: http://127.0.0.1:4445/session/5290033f-ac91-4e9d-9e8c-8b6be6b37149/execute/sync
    body:
      encoding: UTF-8
      string: '{"script":"(function(el, value) {\n  value = el.value + value;\n  if
        (el.maxLength && el.maxLength != -1){\n    value = value.slice(0, el.maxLength);\n  }\n  el.value
        = value;\n})(arguments[0], arguments[1])\n","args":[{"element-6066-11e4-a52e-4f735466cecf":"69ce775a-5b55-47f3-bf00-afc21b1876d9"},"s://cdm16488.contentdm.oclc.org/digital/collection/MPD01/i"]}'
    headers:
      Accept:
      - application/json
      Content-Type:
      - application/json; charset=UTF-8
      User-Agent:
      - selenium/3.142.7 (ruby linux)
      Content-Length:
      - '360'
      Accept-Encoding:
      - gzip;q=1.0,deflate;q=0.6,identity;q=0.3
  response:
    status:
      code: 200
      message: OK
    headers:
      Content-Type:
      - application/json; charset=utf-8
      Cache-Control:
      - no-cache
      Content-Length:
      - '14'
      Date:
      - Fri, 30 Jul 2021 20:35:13 GMT
    body:
      encoding: UTF-8
      string: '{"value":null}'
  recorded_at: Fri, 30 Jul 2021 20:35:13 GMT
- request:
    method: post
    uri: http://127.0.0.1:4445/session/5290033f-ac91-4e9d-9e8c-8b6be6b37149/element/69ce775a-5b55-47f3-bf00-afc21b1876d9/value
    body:
      encoding: UTF-8
      string: '{"value":["d","/","2"],"text":"d/2"}'
    headers:
      Accept:
      - application/json
      Content-Type:
      - application/json; charset=UTF-8
      User-Agent:
      - selenium/3.142.7 (ruby linux)
      Content-Length:
      - '36'
      Accept-Encoding:
      - gzip;q=1.0,deflate;q=0.6,identity;q=0.3
  response:
    status:
      code: 200
      message: OK
    headers:
      Content-Type:
      - application/json; charset=utf-8
      Cache-Control:
      - no-cache
      Content-Length:
      - '14'
      Date:
      - Fri, 30 Jul 2021 20:35:13 GMT
    body:
      encoding: UTF-8
      string: '{"value":null}'
  recorded_at: Fri, 30 Jul 2021 20:35:13 GMT
- request:
    method: post
    uri: http://127.0.0.1:4445/session/5290033f-ac91-4e9d-9e8c-8b6be6b37149/elements
    body:
      encoding: UTF-8
      string: '{"using":"css selector","value":"#cdm_import"}'
    headers:
      Accept:
      - application/json
      Content-Type:
      - application/json; charset=UTF-8
      User-Agent:
      - selenium/3.142.7 (ruby linux)
      Content-Length:
      - '46'
      Accept-Encoding:
      - gzip;q=1.0,deflate;q=0.6,identity;q=0.3
  response:
    status:
      code: 200
      message: OK
    headers:
      Content-Type:
      - application/json; charset=utf-8
      Cache-Control:
      - no-cache
      Content-Length:
      - '90'
      Date:
      - Fri, 30 Jul 2021 20:35:13 GMT
    body:
      encoding: UTF-8
      string: '{"value":[{"element-6066-11e4-a52e-4f735466cecf":"b721b751-967e-417b-ac5f-25c98fe6dd11"}]}'
  recorded_at: Fri, 30 Jul 2021 20:35:13 GMT
- request:
    method: post
    uri: http://127.0.0.1:4445/session/5290033f-ac91-4e9d-9e8c-8b6be6b37149/execute/sync
    body:
      encoding: UTF-8
      string: '{"script":"return ((function(){function d(t,e,n){function r(t){var
        e=x(t);if(0<e.height&&0<e.width)return!0;if(\"PATH\"==t.tagName.toUpperCase()&&(0<e.height||0<e.width)){var
        n=window.getComputedStyle(t)[\"stroke-width\"];return!!n&&0<parseInt(n,10)}return\"hidden\"!=window.getComputedStyle(t).overflow&&Array.prototype.slice.call(t.childNodes).some(function(t){return
        t.nodeType==Node.TEXT_NODE||t.nodeType==Node.ELEMENT_NODE&&r(t)})}function
        i(t){return C(t)==T.HIDDEN&&Array.prototype.slice.call(t.childNodes).every(function(t){return
        t.nodeType!=Node.ELEMENT_NODE||i(t)||!r(t)})}var o=t.tagName.toUpperCase();if(\"BODY\"==o)return!0;if(\"OPTION\"==o||\"OPTGROUP\"==o){var
        a=c(t,function(t){return\"SELECT\"==t.tagName.toUpperCase()});return!!a&&d(a,!0,n)}var
        u=s(t);if(u)return!!u.image&&0<u.rect.width&&0<u.rect.height&&d(u.image,e,n);if(\"INPUT\"==o&&\"hidden\"==t.type.toLowerCase())return!1;if(\"NOSCRIPT\"==o)return!1;var
        l=window.getComputedStyle(t).visibility;return\"collapse\"!=l&&\"hidden\"!=l&&(!!n(t)&&(!(!e&&0==f(t))&&(!!r(t)&&!i(t))))}function
        E(t){var e=x(t);return{left:e.left,right:e.left+e.width,top:e.top,bottom:e.top+e.height}}function
        D(t){return t.parentElement}function C(t){function e(t){function e(t){if(t==u)return!0;var
        e=window.getComputedStyle(t),n=e.display;return 0!=n.indexOf(\"inline\")&&\"contents\"!=n&&(\"absolute\"!=r||\"static\"!=e.position)}var
        r=window.getComputedStyle(t).position;if(\"fixed\"==r)return i=!0,t==u?null:u;for(var
        n=D(t);n&&!e(n);)n=D(n);return n}function n(t){var e=t;if(\"visible\"==d)if(t==u&&l)e=l;else
        if(t==l)return{x:\"visible\",y:\"visible\"};var n=window.getComputedStyle(e),r={x:n[\"overflow-x\"],y:n[\"overflow-y\"]};return
        t==u&&(r.x=\"visible\"==r.x?\"auto\":r.x,r.y=\"visible\"==r.y?\"auto\":r.y),r}function
        r(t){return t==u?{x:window.scrollX,y:window.scrollY}:{x:t.scrollLeft,y:t.scrollTop}}for(var
        i,o=E(t),a=t.ownerDocument,u=a.documentElement,l=a.body,d=window.getComputedStyle(u).overflow,f=e(t);f;f=e(f)){var
        h=n(f);if(\"visible\"!=h.x||\"visible\"!=h.y){var s=x(f);if(0==s.width||0==s.height)return
        T.HIDDEN;var p=o.right<s.left,c=o.bottom<s.top;if(p&&\"hidden\"==h.x||c&&\"hidden\"==h.y)return
        T.HIDDEN;if(p&&\"visible\"!=h.x||c&&\"visible\"!=h.y){var v=r(f),g=o.right<s.left-v.x,w=o.bottom<s.top-v.y;return
        g&&\"visible\"!=h.x||w&&\"visible\"!=h.x?T.HIDDEN:C(f)==T.HIDDEN?T.HIDDEN:T.SCROLL}var
        N=o.left>=s.left+s.width,m=o.top>=s.top+s.height;if(N&&\"hidden\"==h.x||m&&\"hidden\"==h.y)return
        T.HIDDEN;if(N&&\"visible\"!=h.x||m&&\"visible\"!=h.y){if(i){var y=r(f);if(o.left>=u.scrollWidth-y.x||o.right>=u.scrollHeight-y.y)return
        T.HIDDEN}return C(f)==T.HIDDEN?T.HIDDEN:T.SCROLL}}}return T.NONE}function
        o(t){var e=t.document.documentElement;return{width:e.clientWidth,height:e.clientHeight}}function
        p(t,e,n,r){return{left:t,top:e,width:n,height:r}}function x(t){var e,n=s(t);if(n)return
        n.rect;if(\"HTML\"==t.tagName.toUpperCase()){t.ownerDocument;var r=o(window);return
        p(0,0,r.width,r.height)}try{e=t.getBoundingClientRect()}catch(i){return p(0,0,0,0)}return
        p(e.left,e.top,e.right-e.left,e.bottom-e.top)}function f(t){var e=1,n=window.getComputedStyle(t).opacity;n&&(e=Number(n));var
        r=D(t);return r&&r.nodeType==Node.ELEMENT_NODE&&(e*=f(r)),e}function h(t){var
        e=t.shape.toLowerCase(),n=t.coords.split(\",\");if(\"rect\"==e&&4==n.length){var
        r=n[0],i=n[1];return p(r,i,n[2]-r,n[3]-i)}if(\"circle\"==e&&3==n.length){var
        o=n[0],a=n[1],u=n[2];return p(o-u,a-u,2*u,2*u)}if(\"poly\"==e&&2<n.length){for(var
        l=n[0],d=n[1],f=l,h=d,s=2;s+1<n.length;s+=2)l=Math.min(l,n[s]),f=Math.max(f,n[s]),d=Math.min(d,n[s+1]),h=Math.max(h,n[s+1]);return
        p(l,d,f-l,h-d)}return p(0,0,0,0)}function s(t){var e=t.tagName.toUpperCase(),n=\"MAP\"==e;if(!n&&\"AREA\"!=e)return
        null;var r=n?t:\"MAP\"==D(t).tagName.toUpperCase()?D(t):null,i=null,o=null;if(r&&r.name&&((i=r.ownerDocument.querySelector(\"*[usemap=''#\"+r.name+\"'']\"))&&(o=x(i),!n&&\"default\"!=t.shape.toLowerCase()))){var
        a=h(t),u=Math.min(Math.max(a.left,0),o.width),l=Math.min(Math.max(a.top,0),o.height),d=Math.min(a.width,o.width-u),f=Math.min(a.height,o.height-l);o=p(u+o.left,l+o.top,d,f)}return{image:i,rect:o||p(0,0,0,0)}}function
        c(t,e){for(t&&(t=D(t));t;){if(e(t))return t;t=D(t)}return null}function r(t){var
        e=t.parentNode;if(e&&e.shadowRoot&&t.assignedSlot!==undefined)return t.assignedSlot?t.assignedSlot.parentNode:null;if(t.getDestinationInsertionPoints){var
        n=t.getDestinationInsertionPoints();if(0<n.length)return n[n.length-1]}return
        e}var T={NONE:\"none\",HIDDEN:\"hidden\",SCROLL:\"scroll\"};return function
        i(t,e){function n(t){if(\"none\"==window.getComputedStyle(t).display)return!1;var
        e=r(t);if(\"function\"==typeof ShadowRoot&&e instanceof ShadowRoot){if(e.host.shadowRoot!==e)return!1;e=e.host}return!(!e||e.nodeType!=Node.DOCUMENT_NODE&&e.nodeType!=Node.DOCUMENT_FRAGMENT_NODE)||!(e&&e.tagName&&\"DETAILS\"==e.tagName.toUpperCase()&&!e.open&&\"SUMMARY\"!=t.tagName)&&(e&&n(e))}return
        d(t,!!e,n)}})()).apply(null, arguments)","args":[{"element-6066-11e4-a52e-4f735466cecf":"b721b751-967e-417b-ac5f-25c98fe6dd11"}]}'
    headers:
      Accept:
      - application/json
      Content-Type:
      - application/json; charset=UTF-8
      User-Agent:
      - selenium/3.142.7 (ruby linux)
      Content-Length:
      - '5067'
      Accept-Encoding:
      - gzip;q=1.0,deflate;q=0.6,identity;q=0.3
  response:
    status:
      code: 200
      message: OK
    headers:
      Content-Type:
      - application/json; charset=utf-8
      Cache-Control:
      - no-cache
      Content-Length:
      - '14'
      Date:
      - Fri, 30 Jul 2021 20:35:13 GMT
    body:
      encoding: UTF-8
      string: '{"value":true}'
  recorded_at: Fri, 30 Jul 2021 20:35:13 GMT
- request:
    method: post
    uri: http://127.0.0.1:4445/session/5290033f-ac91-4e9d-9e8c-8b6be6b37149/element/b721b751-967e-417b-ac5f-25c98fe6dd11/click
    body:
      encoding: UTF-8
      string: "{}"
    headers:
      Accept:
      - application/json
      Content-Type:
      - application/json; charset=UTF-8
      User-Agent:
      - selenium/3.142.7 (ruby linux)
      Content-Length:
      - '2'
      Accept-Encoding:
      - gzip;q=1.0,deflate;q=0.6,identity;q=0.3
  response:
    status:
      code: 200
      message: OK
    headers:
      Content-Type:
      - application/json; charset=utf-8
      Cache-Control:
      - no-cache
      Content-Length:
      - '14'
      Date:
      - Fri, 30 Jul 2021 20:35:13 GMT
    body:
      encoding: UTF-8
      string: '{"value":null}'
  recorded_at: Fri, 30 Jul 2021 20:35:13 GMT
recorded_with: VCR 6.0.0
